<html>
<body>
<pre>
<h1>礦ision Build Log</h1>
<h2>Project:</h2>
E:\完成设计的产品\(MCUDEV)-STM32开发板系列\(MCUDEV)STM32_F4XX\STM32_F407ZET6最小系统--客户资料-1510\2，STM32F4xx扩展例程\1，EMWIN扩展例程\EMWIN实验8 存储设备\USER\Template.uvproj
Project File Date:  10/26/2015

<h2>Output:</h2>
Build target 'Template'
compiling main.c...
linking...
Program Size: Code=116612 RO-data=28224 RW-data=1080 ZI-data=1065064  
FromELF: creating hex file...
"..\OBJ\Template.axf" - 0 Errors, 0 Warning(s).
Load "..\\OBJ\\Template.axf" 
Erase Done.
Programming Done.
Verify OK.
