Component: ARM Compiler 5.06 update 1 (build 61) Tool: armlink [4d35a8]

==============================================================================

Section Cross References

    main.o(.text) refers to os_time.o(.text) for OSTimeDlyHMSM
    main.o(.text) refers to gui_touch_driveranalog.o(i.GUI_TOUCH_Exec) for GUI_TOUCH_Exec
    main.o(.text) refers to autodev.o(.text) for _DemoScale
    main.o(.text) refers to stm32f4xx_rcc.o(.text) for RCC_AHB1PeriphClockCmd
    main.o(.text) refers to gui_core.o(i.GUI_Init) for GUI_Init
    main.o(.text) refers to os_core.o(.text) for OSStatInit
    main.o(.text) refers to os_cpu_a.o(.text) for OS_CPU_SR_Save
    main.o(.text) refers to os_task.o(.text) for OSTaskCreate
    main.o(.text) refers to delay.o(.text) for delay_init
    main.o(.text) refers to misc.o(.text) for NVIC_PriorityGroupConfig
    main.o(.text) refers to usart.o(.text) for uart_init
    main.o(.text) refers to lcd_drv.o(.text) for TFTLCD_Init
    main.o(.text) refers to touch.o(.text) for TP_Init
    main.o(.text) refers to w25qxx.o(.text) for W25QXX_Init
    main.o(.text) refers to led.o(.text) for LED_Init
    main.o(.text) refers to sram.o(.text) for FSMC_SRAM_Init
    main.o(.text) refers to malloc.o(.text) for mem_init
    main.o(.text) refers to exfuns.o(.text) for exfuns_init
    main.o(.text) refers to ff.o(.text) for f_mount
    main.o(.text) refers to main.o(.bss) for EMWINDEMO_TASK_STK
    main.o(.text) refers to exfuns.o(.data) for fs
    system_stm32f4xx.o(.text) refers to system_stm32f4xx.o(.data) for SystemCoreClock
    led.o(.text) refers to stm32f4xx_rcc.o(.text) for RCC_AHB1PeriphClockCmd
    led.o(.text) refers to stm32f4xx_gpio.o(.text) for GPIO_Init
    sram.o(.text) refers to stm32f4xx_rcc.o(.text) for RCC_AHB1PeriphClockCmd
    sram.o(.text) refers to stm32f4xx_gpio.o(.text) for GPIO_Init
    sram.o(.text) refers to stm32f4xx_fsmc.o(.text) for FSMC_NORSRAMInit
    timer.o(.text) refers to stm32f4xx_rcc.o(.text) for RCC_APB1PeriphClockCmd
    timer.o(.text) refers to stm32f4xx_tim.o(.text) for TIM_TimeBaseInit
    timer.o(.text) refers to misc.o(.text) for NVIC_Init
    timer.o(.text) refers to gui_touch_driveranalog.o(i.GUI_TOUCH_Exec) for GUI_TOUCH_Exec
    touch.o(.text) refers to stm32f4xx_rcc.o(.text) for RCC_AHB1PeriphClockCmd
    touch.o(.text) refers to stm32f4xx_gpio.o(.text) for GPIO_Init
    touch.o(.text) refers to touch.o(.constdata) for cucBit2
    sdio_sdcard.o(.text) refers to stm32f4xx_sdio.o(.text) for SDIO_SendCommand
    sdio_sdcard.o(.text) refers to sdio_sdcard.o(.data) for DeviceMode
    sdio_sdcard.o(.text) refers to sdio_sdcard.o(.bss) for SDIO_CmdInitStructure
    sdio_sdcard.o(.text) refers to stm32f4xx_rcc.o(.text) for RCC_AHB1PeriphClockCmd
    sdio_sdcard.o(.text) refers to stm32f4xx_gpio.o(.text) for GPIO_Init
    sdio_sdcard.o(.text) refers to misc.o(.text) for NVIC_Init
    sdio_sdcard.o(.text) refers to stm32f4xx_dma.o(.text) for DMA_GetCmdStatus
    sdio_sdcard.o(.text) refers to sys.o(.emb_text) for INTX_DISABLE
    sdio_sdcard.o(.text) refers to rt_memcpy_v6.o(.text) for __aeabi_memcpy
    spi.o(.text) refers to stm32f4xx_rcc.o(.text) for RCC_AHB1PeriphClockCmd
    spi.o(.text) refers to stm32f4xx_gpio.o(.text) for GPIO_Init
    spi.o(.text) refers to stm32f4xx_spi.o(.text) for SPI_Init
    w25qxx.o(.text) refers to _printf_percent.o(.ARM.Collect$$_printf_percent$$00000000) for _printf_percent
    w25qxx.o(.text) refers to _printf_x.o(.ARM.Collect$$_printf_percent$$0000000C) for _printf_x
    w25qxx.o(.text) refers to _printf_hex_int.o(.text) for _printf_longlong_hex
    w25qxx.o(.text) refers to spi.o(.text) for SPI1_ReadWriteByte
    w25qxx.o(.text) refers to stm32f4xx_rcc.o(.text) for RCC_AHB1PeriphClockCmd
    w25qxx.o(.text) refers to stm32f4xx_gpio.o(.text) for GPIO_Init
    w25qxx.o(.text) refers to noretval__2printf.o(.text) for __2printf
    w25qxx.o(.text) refers to delay.o(.text) for delay_us
    w25qxx.o(.text) refers to w25qxx.o(.data) for W25QXX_TYPE
    w25qxx.o(.text) refers to w25qxx.o(.bss) for W25QXX_BUFFER
    lcd_drv.o(.text) refers to delay.o(.text) for delay_us
    lcd_drv.o(.text) refers to lcd_drv.o(.bss) for lcddev
    lcd_drv.o(.text) refers to lcd_drv.o(.data) for POINT_COLOR
    lcd_drv.o(.text) refers to stm32f4xx_rcc.o(.text) for RCC_AHB1PeriphClockCmd
    lcd_drv.o(.text) refers to stm32f4xx_gpio.o(.text) for GPIO_Init
    lcd_drv.o(.text) refers to stm32f4xx_fsmc.o(.text) for FSMC_NORSRAMInit
    lcd_drv.o(.text) refers to lcd_drv.o(.constdata) for asc2_1206
    startup_stm32f40_41xxx.o(STACK) refers (Special) to heapauxi.o(.text) for __use_two_region_memory
    startup_stm32f40_41xxx.o(HEAP) refers (Special) to heapauxi.o(.text) for __use_two_region_memory
    startup_stm32f40_41xxx.o(RESET) refers (Special) to heapauxi.o(.text) for __use_two_region_memory
    startup_stm32f40_41xxx.o(RESET) refers to startup_stm32f40_41xxx.o(STACK) for __initial_sp
[...]
    0x080125f0   0x0000003a   Code   RO         2264    i.GUI__IntersectRect  STemWin522_CM4_OS_Keil.lib(gui__intersectrect.o)
    0x0801262a   0x00000052   Code   RO         2266    i.GUI__IntersectRects  STemWin522_CM4_OS_Keil.lib(gui__intersectrects.o)
    0x0801267c   0x00000010   Code   RO         2268    i.GUI__ManageCache  STemWin522_CM4_OS_Keil.lib(gui__managecache.o)
    0x0801268c   0x000000ac   Code   RO         2269    i.GUI__ManageCacheEx  STemWin522_CM4_OS_Keil.lib(gui__managecache.o)
    0x08012738   0x00000066   Code   RO         2245    i.GUI__MixColors    STemWin522_CM4_OS_Keil.lib(gui__alpha.o)
    0x0801279e   0x0000004e   Code   RO         2246    i.GUI__MixColorsBulk  STemWin522_CM4_OS_Keil.lib(gui__alpha.o)
    0x080127ec   0x00000010   Code   RO         1385    i.GUI__RegisterExit  STemWin522_CM4_OS_Keil.lib(gui_core.o)
    0x080127fc   0x00000074   Code   RO         1892    i.GUI__SinHQ        STemWin522_CM4_OS_Keil.lib(gui__sinhq.o)
    0x08012870   0x0000004c   Code   RO         1887    i.GUI__memset       STemWin522_CM4_OS_Keil.lib(gui__memset.o)
    0x080128bc   0x0000003a   Code   RO         1889    i.GUI__memset16     STemWin522_CM4_OS_Keil.lib(gui__memset16.o)
    0x080128f6   0x00000002   PAD
    0x080128f8   0x00000020   Code   RO         2026    i.LCD_AA_MixColors  STemWin522_CM4_OS_Keil.lib(lcd_aa.o)
    0x08012918   0x00000010   Code   RO         2027    i.LCD_AA_SetAndMask  STemWin522_CM4_OS_Keil.lib(lcd_aa.o)
    0x08012928   0x0000001c   Code   RO         1988    i.LCD_Color2Index   STemWin522_CM4_OS_Keil.lib(lcd.o)
    0x08012944   0x00000208   Code   RO         1989    i.LCD_DrawBitmap    STemWin522_CM4_OS_Keil.lib(lcd.o)
    0x08012b4c   0x00000058   Code   RO         1990    i.LCD_DrawHLine     STemWin522_CM4_OS_Keil.lib(lcd.o)
    0x08012ba4   0x00000068   Code   RO         1991    i.LCD_DrawPixel     STemWin522_CM4_OS_Keil.lib(lcd.o)
    0x08012c0c   0x00000058   Code   RO         1993    i.LCD_FillRect      STemWin522_CM4_OS_Keil.lib(lcd.o)
    0x08012c64   0x00000006   Code   RO         1506    i.LCD_GetBitsPerPixelEx  STemWin522_CM4_OS_Keil.lib(lcd_getex.o)
    0x08012c6a   0x00000002   PAD
    0x08012c6c   0x00000010   Code   RO         2697    i.LCD_GetBkColorIndex  STemWin522_CM4_OS_Keil.lib(lcd_getcolorindex.o)
    0x08012c7c   0x00000010   Code   RO         2698    i.LCD_GetColorIndex  STemWin522_CM4_OS_Keil.lib(lcd_getcolorindex.o)
    0x08012c8c   0x00000010   Code   RO         1513    i.LCD_GetNumColors  STemWin522_CM4_OS_Keil.lib(lcd_getex.o)
    0x08012c9c   0x00000006   Code   RO         1514    i.LCD_GetNumColorsEx  STemWin522_CM4_OS_Keil.lib(lcd_getex.o)
    0x08012ca2   0x0000001a   Code   RO         2371    i.LCD_GetNumLayers  STemWin522_CM4_OS_Keil.lib(lcd_getnumdisplays.o)
    0x08012cbc   0x00000010   Code   RO         1515    i.LCD_GetPalette    STemWin522_CM4_OS_Keil.lib(lcd_getex.o)
    0x08012ccc   0x00000018   Code   RO         1516    i.LCD_GetPaletteEx  STemWin522_CM4_OS_Keil.lib(lcd_getex.o)
    0x08012ce4   0x0000000e   Code   RO         2373    i.LCD_GetPixelColor  STemWin522_CM4_OS_Keil.lib(lcd_getpixelcolor.o)
    0x08012cf2   0x00000002   PAD
    0x08012cf4   0x00000060   Code   RO         2702    i.LCD_GetPixelIndex  STemWin522_CM4_OS_Keil.lib(lcd_getp.o)
    0x08012d54   0x0000002c   Code   RO         1581    i.LCD_GetPosEx      STemWin522_CM4_OS_Keil.lib(lcd_set.o)
    0x08012d80   0x00000006   Code   RO         1520    i.LCD_GetVXSizeEx   STemWin522_CM4_OS_Keil.lib(lcd_getex.o)
    0x08012d86   0x00000006   Code   RO         1521    i.LCD_GetVXSizeMax  STemWin522_CM4_OS_Keil.lib(lcd_getex.o)
    0x08012d8c   0x00000006   Code   RO         1523    i.LCD_GetVYSizeEx   STemWin522_CM4_OS_Keil.lib(lcd_getex.o)
    0x08012d92   0x00000002   PAD
    0x08012d94   0x00000010   Code   RO         1527    i.LCD_GetXSize      STemWin522_CM4_OS_Keil.lib(lcd_getex.o)
    0x08012da4   0x00000006   Code   RO         1528    i.LCD_GetXSizeEx    STemWin522_CM4_OS_Keil.lib(lcd_getex.o)
    0x08012daa   0x00000002   PAD
    0x08012dac   0x00000010   Code   RO         1532    i.LCD_GetYSize      STemWin522_CM4_OS_Keil.lib(lcd_getex.o)
    0x08012dbc   0x00000006   Code   RO         1533    i.LCD_GetYSizeEx    STemWin522_CM4_OS_Keil.lib(lcd_getex.o)
    0x08012dc2   0x00000004   Code   RO         2038    i.LCD_GetpPalConvTableBM  STemWin522_CM4_OS_Keil.lib(lcd_color.o)
    0x08012dc6   0x00000002   PAD
    0x08012dc8   0x00000048   Code   RO         2039    i.LCD_GetpPalConvTableUncached  STemWin522_CM4_OS_Keil.lib(lcd_color.o)
    0x08012e10   0x0000001c   Code   RO         1994    i.LCD_Index2Color   STemWin522_CM4_OS_Keil.lib(lcd.o)
    0x08012e2c   0x00000002   Code   RO         2695    i.LCD_Index2Color_888  STemWin522_CM4_OS_Keil.lib(guicc_888_index2color.o)
    0x08012e2e   0x00000002   Code   RO         2693    i.LCD_Index2Color_8888  STemWin522_CM4_OS_Keil.lib(guicc_8888_index2color.o)
    0x08012e30   0x0000002c   Code   RO         1986    i.LCD_Index2Color_M565  STemWin522_CM4_OS_Keil.lib(guicc_m565_index2color.o)
    0x08012e5c   0x00000034   Code   RO         2040    i.LCD_InitColors    STemWin522_CM4_OS_Keil.lib(lcd_color.o)
    0x08012e90   0x00000070   Code   RO         2041    i.LCD_InitLUT       STemWin522_CM4_OS_Keil.lib(lcd_color.o)
    0x08012f00   0x00000198   Code   RO         2708    i.LCD_ReadRectEx    STemWin522_CM4_OS_Keil.lib(lcd_readrect.o)
    0x08013098   0x00000044   Code   RO         2715    i.LCD_SelectLCD     STemWin522_CM4_OS_Keil.lib(lcd_selectlcd.o)
    0x080130dc   0x0000000c   Code   RO         1995    i.LCD_SetBkColor    STemWin522_CM4_OS_Keil.lib(lcd.o)
    0x080130e8   0x00000018   Code   RO         1996    i.LCD_SetBkColorIndex  STemWin522_CM4_OS_Keil.lib(lcd.o)
    0x08013100   0x00000030   Code   RO         2375    i.LCD_SetClipRectEx  STemWin522_CM4_OS_Keil.lib(lcd_setcliprectex.o)
    0x08013130   0x0000001c   Code   RO         1997    i.LCD_SetClipRectMax  STemWin522_CM4_OS_Keil.lib(lcd.o)
    0x0801314c   0x0000000c   Code   RO         1998    i.LCD_SetColor      STemWin522_CM4_OS_Keil.lib(lcd.o)
    0x08013158   0x00000018   Code   RO         1999    i.LCD_SetColorIndex  STemWin522_CM4_OS_Keil.lib(lcd.o)
    0x08013170   0x0000000c   Code   RO         2000    i.LCD_SetDrawMode   STemWin522_CM4_OS_Keil.lib(lcd.o)
    0x0801317c   0x0000002c   Code   RO         1594    i.LCD_SetLUTEntryEx  STemWin522_CM4_OS_Keil.lib(lcd_set.o)
    0x080131a8   0x00000088   Code   RO         2028    i.LCD_SetPixelAA    STemWin522_CM4_OS_Keil.lib(lcd_aa.o)
    0x08013230   0x0000002c   Code   RO         1596    i.LCD_SetPosEx      STemWin522_CM4_OS_Keil.lib(lcd_set.o)
    0x0801325c   0x0000002c   Code   RO         1598    i.LCD_SetSizeEx     STemWin522_CM4_OS_Keil.lib(lcd_set.o)
    0x08013288   0x0000002c   Code   RO         1602    i.LCD_SetVSizeEx    STemWin522_CM4_OS_Keil.lib(lcd_set.o)
    0x080132b4   0x00000024   Code   RO         2717    i.LCD_UpdateColorIndices  STemWin522_CM4_OS_Keil.lib(lcd_updatecolorindices.o)
    0x080132d8   0x000001b4   Code   RO         2001    i.LCD__DrawBitmap_1bpp  STemWin522_CM4_OS_Keil.lib(lcd.o)
    0x0801348c   0x0000005c   Code   RO         1537    i.LCD__GetBPP       STemWin522_CM4_OS_Keil.lib(lcd_getex.o)
    0x080134e8   0x00000032   Code   RO         1538    i.LCD__GetBPPDevice  STemWin522_CM4_OS_Keil.lib(lcd_getex.o)
    0x0801351a   0x00000002   PAD
    0x0801351c   0x00000010   Code   RO         2120    i.WM_Activate       STemWin522_CM4_OS_Keil.lib(wm.o)
    0x0801352c   0x00000088   Code   RO         2431    i.WM_BringToBottom  STemWin522_CM4_OS_Keil.lib(wm_bringtobottom.o)
    0x080135b4   0x00000154   Code   RO         2122    i.WM_CreateWindowAsChild  STemWin522_CM4_OS_Keil.lib(wm.o)
    0x08013708   0x00000020   Code   RO         2123    i.WM_Deactivate     STemWin522_CM4_OS_Keil.lib(wm.o)
    0x08013728   0x00000046   Code   RO         2124    i.WM_DefaultProc    STemWin522_CM4_OS_Keil.lib(wm.o)
    0x0801376e   0x0000002a   Code   RO         2452    i.WM_DeleteTimer    STemWin522_CM4_OS_Keil.lib(wm_timer.o)
    0x08013798   0x000000d0   Code   RO         2125    i.WM_DeleteWindow   STemWin522_CM4_OS_Keil.lib(wm.o)
    0x08013868   0x00000088   Code   RO         2126    i.WM_Exec           STemWin522_CM4_OS_Keil.lib(wm.o)
    0x080138f0   0x00000018   Code   RO         2237    i.WM_GetDesktopWindow  STemWin522_CM4_OS_Keil.lib(wm_getdesktopwindow.o)
    0x08013908   0x00000014   Code   RO         2915    i.WM_GetDesktopWindowEx  STemWin522_CM4_OS_Keil.lib(wm_getdesktopwindowex.o)
    0x0801391c   0x0000001a   Code   RO         2443    i.WM_GetFirstChild  STemWin522_CM4_OS_Keil.lib(wm_getfirstchild.o)
    0x08013936   0x0000001a   Code   RO         2791    i.WM_GetParent      STemWin522_CM4_OS_Keil.lib(wm_getparent.o)
    0x08013950   0x0000036c   Code   RO         2463    i.WM_HandlePID      STemWin522_CM4_OS_Keil.lib(wm_touch.o)
    0x08013cbc   0x000000d4   Code   RO         2128    i.WM_Init           STemWin522_CM4_OS_Keil.lib(wm.o)
    0x08013d90   0x00000080   Code   RO         2129    i.WM_InvalidateRect  STemWin522_CM4_OS_Keil.lib(wm.o)
    0x08013e10   0x00000006   Code   RO         2130    i.WM_InvalidateWindow  STemWin522_CM4_OS_Keil.lib(wm.o)
    0x08013e16   0x0000005e   Code   RO         2131    i.WM_InvalidateWindowAndDescsEx  STemWin522_CM4_OS_Keil.lib(wm.o)
    0x08013e74   0x00000018   Code   RO         2797    i.WM_IsWindow       STemWin522_CM4_OS_Keil.lib(wm_iswindow.o)
    0x08013e8c   0x0000001e   Code   RO         2929    i.WM_MoveWindow     STemWin522_CM4_OS_Keil.lib(wm_move.o)
    0x08013eaa   0x00000010   Code   RO         2445    i.WM_NotifyParent   STemWin522_CM4_OS_Keil.lib(wm_notifyparent.o)
    0x08013eba   0x00000002   PAD
    0x08013ebc   0x00000040   Code   RO         2799    i.WM_OnKey          STemWin522_CM4_OS_Keil.lib(wm_onkey.o)
    0x08013efc   0x0000001c   Code   RO         2802    i.WM_PID__SetPrevState  STemWin522_CM4_OS_Keil.lib(wm_pid__getprevstate.o)
    0x08013f18   0x00000012   Code   RO         2816    i.WM_ReleaseCapture  STemWin522_CM4_OS_Keil.lib(wm_setcapture.o)
    0x08013f2a   0x000000f6   Code   RO         2917    i.WM_ResizeWindow   STemWin522_CM4_OS_Keil.lib(wm_resizewindow.o)
    0x08014020   0x0000001e   Code   RO         2806    i.WM_Screen2hWin    STemWin522_CM4_OS_Keil.lib(wm_screen2win.o)
    0x0801403e   0x00000002   PAD
    0x08014040   0x00000044   Code   RO         2132    i.WM_SelectWindow   STemWin522_CM4_OS_Keil.lib(wm.o)
    0x08014084   0x0000001a   Code   RO         2447    i.WM_SendMessageNoPara  STemWin522_CM4_OS_Keil.lib(wm_sendmessagenopara.o)
    0x0801409e   0x00000026   Code   RO         2449    i.WM_SendToParent   STemWin522_CM4_OS_Keil.lib(wm_sendtoparent.o)
    0x080140c4   0x00000014   Code   RO         2134    i.WM_SetDefault     STemWin522_CM4_OS_Keil.lib(wm.o)
    0x080140d8   0x00000048   Code   RO         2822    i.WM_SetSize        STemWin522_CM4_OS_Keil.lib(wm_setsize.o)
    0x08014120   0x00000048   Code   RO         2135    i.WM__ActivateClipRect  STemWin522_CM4_OS_Keil.lib(wm.o)
    0x08014168   0x00000010   Code   RO         2433    i.WM__AddCriticalHandle  STemWin522_CM4_OS_Keil.lib(wm_criticalhandle.o)
    0x08014178   0x00000010   Code   RO         2136    i.WM__Client2Screen  STemWin522_CM4_OS_Keil.lib(wm.o)
    0x08014188   0x0000004e   Code   RO         2137    i.WM__ClipAtParentBorders  STemWin522_CM4_OS_Keil.lib(wm.o)
    0x080141d6   0x00000052   Code   RO         2455    i.WM__DeleteAssocTimer  STemWin522_CM4_OS_Keil.lib(wm_timer.o)
    0x08014228   0x00000028   Code   RO         2139    i.WM__DetachWindow  STemWin522_CM4_OS_Keil.lib(wm.o)
    0x08014250   0x00000020   Code   RO         2439    i.WM__GetClientRectEx  STemWin522_CM4_OS_Keil.lib(wm_getclientrect.o)
    0x08014270   0x00000018   Code   RO         2140    i.WM__GetClientRectWin  STemWin522_CM4_OS_Keil.lib(wm.o)
    0x08014288   0x00000012   Code   RO         2913    i.WM__GetFirstSibling  STemWin522_CM4_OS_Keil.lib(wm__getfirstsibling.o)
    0x0801429a   0x00000002   PAD
    0x0801429c   0x00000040   Code   RO         2141    i.WM__GetNextIVR    STemWin522_CM4_OS_Keil.lib(wm.o)
    0x080142dc   0x0000001c   Code   RO         2233    i.WM__GetOrgX_AA    STemWin522_CM4_OS_Keil.lib(wm__getorg_aa.o)
    0x080142f8   0x0000001c   Code   RO         2234    i.WM__GetOrgY_AA    STemWin522_CM4_OS_Keil.lib(wm__getorg_aa.o)
    0x08014314   0x00000024   Code   RO         2779    i.WM__GetPrevSibling  STemWin522_CM4_OS_Keil.lib(wm__getprevsibling.o)
    0x08014338   0x00000018   Code   RO         2142    i.WM__GetTopLevelLayer  STemWin522_CM4_OS_Keil.lib(wm.o)
    0x08014350   0x000000f0   Code   RO         2143    i.WM__InitIVRSearch  STemWin522_CM4_OS_Keil.lib(wm.o)
    0x08014440   0x000000a4   Code   RO         2144    i.WM__InsertWindowIntoList  STemWin522_CM4_OS_Keil.lib(wm.o)
    0x080144e4   0x00000006   Code   RO         2145    i.WM__Invalidate1Abs  STemWin522_CM4_OS_Keil.lib(wm.o)
    0x080144ea   0x00000046   Code   RO         2146    i.WM__InvalidateDrawAndDescs  STemWin522_CM4_OS_Keil.lib(wm.o)
    0x08014530   0x0000002a   Code   RO         2147    i.WM__InvalidateParent  STemWin522_CM4_OS_Keil.lib(wm.o)
    0x0801455a   0x00000076   Code   RO         2148    i.WM__InvalidateRect  STemWin522_CM4_OS_Keil.lib(wm.o)
    0x080145d0   0x00000006   Code   RO         2149    i.WM__InvalidateRectEx  STemWin522_CM4_OS_Keil.lib(wm.o)
    0x080145d6   0x00000002   PAD
    0x080145d8   0x00000022   Code   RO         2781    i.WM__IsAncestor    STemWin522_CM4_OS_Keil.lib(wm__isancestor.o)
    0x080145fa   0x00000016   Code   RO         2785    i.WM__IsEnabled     STemWin522_CM4_OS_Keil.lib(wm__isenabled.o)
    0x08014610   0x00000048   Code   RO         2464    i.WM__IsInModalArea  STemWin522_CM4_OS_Keil.lib(wm_touch.o)
    0x08014658   0x00000030   Code   RO         2808    i.WM__IsInWindow    STemWin522_CM4_OS_Keil.lib(wm_screen2win.o)
    0x08014688   0x00000024   Code   RO         2150    i.WM__IsWindow      STemWin522_CM4_OS_Keil.lib(wm.o)
    0x080146ac   0x00000098   Code   RO         2931    i.WM__MoveWindow    STemWin522_CM4_OS_Keil.lib(wm_move.o)
    0x08014744   0x000000a0   Code   RO         2151    i.WM__Paint         STemWin522_CM4_OS_Keil.lib(wm.o)
    0x080147e4   0x00000090   Code   RO         2152    i.WM__Paint1        STemWin522_CM4_OS_Keil.lib(wm.o)
    0x08014874   0x00000078   Code   RO         2153    i.WM__PaintWinAndOverlays  STemWin522_CM4_OS_Keil.lib(wm.o)
    0x080148ec   0x00000020   Code   RO         2154    i.WM__RectIsNZ      STemWin522_CM4_OS_Keil.lib(wm.o)
    0x0801490c   0x0000002c   Code   RO         2818    i.WM__ReleaseCapture  STemWin522_CM4_OS_Keil.lib(wm_setcapture.o)
    0x08014938   0x0000002c   Code   RO         2434    i.WM__RemoveCriticalHandle  STemWin522_CM4_OS_Keil.lib(wm_criticalhandle.o)
    0x08014964   0x00000030   Code   RO         2155    i.WM__RemoveFromLinList  STemWin522_CM4_OS_Keil.lib(wm.o)
    0x08014994   0x00000040   Code   RO         2156    i.WM__RemoveWindowFromList  STemWin522_CM4_OS_Keil.lib(wm.o)
    0x080149d4   0x00000014   Code   RO         2157    i.WM__SelectTopLevelLayer  STemWin522_CM4_OS_Keil.lib(wm.o)
    0x080149e8   0x0000003c   Code   RO         2428    i.WM__SendMessage   STemWin522_CM4_OS_Keil.lib(wm__sendmessage.o)
    0x08014a24   0x0000001c   Code   RO         2787    i.WM__SendMessageIfEnabled  STemWin522_CM4_OS_Keil.lib(wm__sendmessageifenabled.o)
    0x08014a40   0x00000026   Code   RO         2789    i.WM__SendMessageNoPara  STemWin522_CM4_OS_Keil.lib(wm__sendmessagenopara.o)
    0x08014a66   0x0000000e   Code   RO         2158    i.WM__SendMsgNoData  STemWin522_CM4_OS_Keil.lib(wm.o)
    0x08014a74   0x0000003e   Code   RO         2465    i.WM__SendPIDMessage  STemWin522_CM4_OS_Keil.lib(wm_touch.o)
    0x08014ab2   0x00000036   Code   RO         2466    i.WM__SendTouchMessage  STemWin522_CM4_OS_Keil.lib(wm_touch.o)
    0x08014ae8   0x000000dc   Code   RO         2926    i.WM__UpdateChildPositions  STemWin522_CM4_OS_Keil.lib(wm__updatechildpositions.o)
    0x08014bc4   0x00000038   Code   RO         1929    i._Add              STemWin522_CM4_OS_Keil.lib(gui_fillpolygon.o)
    0x08014bfc   0x00000078   Code   RO         1318    i._AddFreeMemory    STemWin522_CM4_OS_Keil.lib(gui_alloc.o)
    0x08014c74   0x000000bc   Code   RO         1319    i._Alloc            STemWin522_CM4_OS_Keil.lib(gui_alloc.o)
    0x08014d30   0x00000048   Code   RO         2065    i._CalcPolyRect     STemWin522_CM4_OS_Keil.lib(guidev_measure.o)
    0x08014d78   0x00000004   Code   RO         1962    i._CalcSizeOfChar   STemWin522_CM4_OS_Keil.lib(gui_uc_encodenone.o)
    0x08014d7c   0x00000028   Code   RO         1261    i._CleanLine        STemWin522_CM4_OS_Keil.lib(guiaa_lib.o)
    0x08014da4   0x0000004c   Code   RO         1285    i._Color2IndexBulk  STemWin522_CM4_OS_Keil.lib(guicc_m565.o)
    0x08014df0   0x0000000e   Code   RO         2684    i._Color2IndexBulk  STemWin522_CM4_OS_Keil.lib(guicc_8888.o)
    0x08014dfe   0x00000002   PAD
    0x08014e00   0x00000054   Code   RO         2362    i._Color2Index_0    STemWin522_CM4_OS_Keil.lib(guicc_0.o)
    0x08014e54   0x00000002   Code   RO         2685    i._Color2Index_8888  STemWin522_CM4_OS_Keil.lib(guicc_8888.o)
    0x08014e56   0x00000002   PAD
    0x08014e58   0x0000002c   Code   RO         1286    i._Color2Index_M565  STemWin522_CM4_OS_Keil.lib(guicc_m565.o)
    0x08014e84   0x0000003e   Code   RO         2112    i._Convert16        STemWin522_CM4_OS_Keil.lib(guidev_writetoactiveopaque.o)
    0x08014ec2   0x00000098   Code   RO         2840    i._CreateBuffer     STemWin522_CM4_OS_Keil.lib(gui_sprite.o)
    0x08014f5a   0x00000002   PAD
    0x08014f5c   0x00000120   Code   RO         2415    i._CreateStaticDevice  STemWin522_CM4_OS_Keil.lib(guidev_staticdevices.o)
    0x0801507c   0x00000014   Code   RO         2545    i._DecPointer       STemWin522_CM4_OS_Keil.lib(gui_pid.o)
    0x08015090   0x00000012   Code   RO         2159    i._DeleteAllChildren  STemWin522_CM4_OS_Keil.lib(wm.o)
    0x080150a2   0x00000002   PAD
    0x080150a4   0x00000020   Code   RO         2160    i._DesktopHandle2Index  STemWin522_CM4_OS_Keil.lib(wm.o)
    0x080150c4   0x00000040   Code   RO         1489    i._DispFloatFix     STemWin522_CM4_OS_Keil.lib(gui_valf.o)
    0x08015104   0x00000120   Code   RO         1490    i._DispFloatMin     STemWin522_CM4_OS_Keil.lib(gui_valf.o)
    0x08015224   0x00000074   Code   RO         2489    i._DispLine         STemWin522_CM4_OS_Keil.lib(gui_charline.o)
    0x08015298   0x00000140   Code   RO         1844    i._DrawBitLine1BPP  STemWin522_CM4_OS_Keil.lib(guidev_16.o)
    0x080153d8   0x00000114   Code   RO         2719    i._DrawBitLine1BPP  STemWin522_CM4_OS_Keil.lib(guidev_32.o)
    0x080154ec   0x000000e0   Code   RO         1845    i._DrawBitLine2BPP  STemWin522_CM4_OS_Keil.lib(guidev_16.o)
    0x080155cc   0x000000e0   Code   RO         2720    i._DrawBitLine2BPP  STemWin522_CM4_OS_Keil.lib(guidev_32.o)
    0x080156ac   0x00000088   Code   RO         2721    i._DrawBitLine32BPP_DDB  STemWin522_CM4_OS_Keil.lib(guidev_32.o)
    0x08015734   0x00000158   Code   RO         1846    i._DrawBitLine4BPP  STemWin522_CM4_OS_Keil.lib(guidev_16.o)
    0x0801588c   0x00000158   Code   RO         2722    i._DrawBitLine4BPP  STemWin522_CM4_OS_Keil.lib(guidev_32.o)
    0x080159e4   0x000002b0   Code   RO         1847    i._DrawBitmap       STemWin522_CM4_OS_Keil.lib(guidev_16.o)
    0x08015c94   0x0000001a   Code   RO         2066    i._DrawBitmap       STemWin522_CM4_OS_Keil.lib(guidev_measure.o)
    0x08015cae   0x00000002   PAD
    0x08015cb0   0x00000294   Code   RO         2723    i._DrawBitmap       STemWin522_CM4_OS_Keil.lib(guidev_32.o)
    0x08015f44   0x000000d8   Code   RO         1262    i._DrawHLine        STemWin522_CM4_OS_Keil.lib(guiaa_lib.o)
    0x0801601c   0x0000000a   Code   RO         1848    i._DrawHLine        STemWin522_CM4_OS_Keil.lib(guidev_16.o)
    0x08016026   0x00000012   Code   RO         2067    i._DrawHLine        STemWin522_CM4_OS_Keil.lib(guidev_measure.o)
    0x08016038   0x0000000a   Code   RO         2724    i._DrawHLine        STemWin522_CM4_OS_Keil.lib(guidev_32.o)
    0x08016042   0x00000002   PAD
    0x08016044   0x0000005c   Code   RO         2161    i._DrawNext         STemWin522_CM4_OS_Keil.lib(wm.o)
    0x080160a0   0x000000b8   Code   RO         1849    i._DrawVLine        STemWin522_CM4_OS_Keil.lib(guidev_16.o)
    0x08016158   0x00000010   Code   RO         2068    i._DrawVLine        STemWin522_CM4_OS_Keil.lib(guidev_measure.o)
    0x08016168   0x000000ac   Code   RO         2725    i._DrawVLine        STemWin522_CM4_OS_Keil.lib(guidev_32.o)
    0x08016214   0x00000006   Code   RO         1963    i._Encode           STemWin522_CM4_OS_Keil.lib(gui_uc_encodenone.o)
    0x0801621a   0x00000002   PAD
    0x0801621c   0x00000094   Code   RO         1320    i._EnlargeBlocks    STemWin522_CM4_OS_Keil.lib(gui_alloc.o)
    0x080162b0   0x00000078   Code   RO         2162    i._Exec1Input       STemWin522_CM4_OS_Keil.lib(wm.o)
    0x08016328   0x0000002c   Code   RO         2069    i._FillPolygon      STemWin522_CM4_OS_Keil.lib(guidev_measure.o)
    0x08016354   0x00000100   Code   RO         1281    i._FillPolygonAA    STemWin522_CM4_OS_Keil.lib(guiaa_poly.o)
    0x08016454   0x0000007c   Code   RO         2070    i._FillPolygonAA    STemWin522_CM4_OS_Keil.lib(guidev_measure.o)
    0x080164d0   0x000000ac   Code   RO         1850    i._FillRect         STemWin522_CM4_OS_Keil.lib(guidev_16.o)
    0x0801657c   0x00000014   Code   RO         2071    i._FillRect         STemWin522_CM4_OS_Keil.lib(guidev_measure.o)
    0x08016590   0x000000a4   Code   RO         2726    i._FillRect         STemWin522_CM4_OS_Keil.lib(guidev_32.o)
    0x08016634   0x00000148   Code   RO         2163    i._FindNext_IVR     STemWin522_CM4_OS_Keil.lib(wm.o)
    0x0801677c   0x0000007c   Code   RO         2164    i._Findx0           STemWin522_CM4_OS_Keil.lib(wm.o)
    0x080167f8   0x00000072   Code   RO         2165    i._Findx1           STemWin522_CM4_OS_Keil.lib(wm.o)
    0x0801686a   0x000000a2   Code   RO         2166    i._Findy1           STemWin522_CM4_OS_Keil.lib(wm.o)
    0x0801690c   0x00000074   Code   RO         2846    i._FlushBuffer      STemWin522_CM4_OS_Keil.lib(gui_sprite.o)
    0x08016980   0x000000b8   Code   RO         1263    i._FlushLine        STemWin522_CM4_OS_Keil.lib(guiaa_lib.o)
    0x08016a38   0x00000004   Code   RO         2767    i._GUI_USAGE_BM_Delete  STemWin522_CM4_OS_Keil.lib(guidev_usagebm.o)
    0x08016a3c   0x0000006c   Code   RO         2847    i._GetBkPixel       STemWin522_CM4_OS_Keil.lib(gui_sprite.o)
    0x08016aa8   0x00000004   Code   RO         1964    i._GetCharCode      STemWin522_CM4_OS_Keil.lib(gui_uc_encodenone.o)
    0x08016aac   0x00000004   Code   RO         1965    i._GetCharSize      STemWin522_CM4_OS_Keil.lib(gui_uc_encodenone.o)
    0x08016ab0   0x00000044   Code   RO         1491    i._GetDecs          STemWin522_CM4_OS_Keil.lib(gui_valf.o)
    0x08016af4   0x00000010   Code   RO         1851    i._GetDevData       STemWin522_CM4_OS_Keil.lib(guidev_16.o)
    0x08016b04   0x00000004   Code   RO         2072    i._GetDevData       STemWin522_CM4_OS_Keil.lib(guidev_measure.o)
    0x08016b08   0x00000010   Code   RO         2727    i._GetDevData       STemWin522_CM4_OS_Keil.lib(guidev_32.o)
    0x08016b18   0x00000010   Code   RO         1852    i._GetDevFunc       STemWin522_CM4_OS_Keil.lib(guidev_16.o)
    0x08016b28   0x0000001c   Code   RO         2073    i._GetDevFunc       STemWin522_CM4_OS_Keil.lib(guidev_measure.o)
    0x08016b44   0x00000010   Code   RO         2728    i._GetDevFunc       STemWin522_CM4_OS_Keil.lib(guidev_32.o)
    0x08016b54   0x0000001e   Code   RO         1539    i._GetDevProp       STemWin522_CM4_OS_Keil.lib(lcd_getex.o)
    0x08016b72   0x00000008   Code   RO         1853    i._GetDevProp       STemWin522_CM4_OS_Keil.lib(guidev_16.o)
    0x08016b7a   0x00000004   Code   RO         2074    i._GetDevProp       STemWin522_CM4_OS_Keil.lib(guidev_measure.o)
    0x08016b7e   0x0000000c   Code   RO         2729    i._GetDevProp       STemWin522_CM4_OS_Keil.lib(guidev_32.o)
    0x08016b8a   0x00000052   Code   RO         2363    i._GetIndexMask_0   STemWin522_CM4_OS_Keil.lib(guicc_0.o)
    0x08016bdc   0x00000006   Code   RO         2686    i._GetIndexMask_8888  STemWin522_CM4_OS_Keil.lib(guicc_8888.o)
    0x08016be2   0x00000006   Code   RO         1287    i._GetIndexMask_M565  STemWin522_CM4_OS_Keil.lib(guicc_m565.o)
    0x08016be8   0x0000001e   Code   RO         1540    i._GetMaxValue      STemWin522_CM4_OS_Keil.lib(lcd_getex.o)
    0x08016c06   0x00000002   PAD
    0x08016c08   0x0000001c   Code   RO         1321    i._GetMinIndex      STemWin522_CM4_OS_Keil.lib(gui_alloc.o)
    0x08016c24   0x0000000e   Code   RO         1854    i._GetPixelIndex    STemWin522_CM4_OS_Keil.lib(guidev_16.o)
    0x08016c32   0x00000004   Code   RO         2075    i._GetPixelIndex    STemWin522_CM4_OS_Keil.lib(guidev_measure.o)
    0x08016c36   0x0000000e   Code   RO         2730    i._GetPixelIndex    STemWin522_CM4_OS_Keil.lib(guidev_32.o)
    0x08016c44   0x00000030   Code   RO         1855    i._GetRect          STemWin522_CM4_OS_Keil.lib(guidev_16.o)
    0x08016c74   0x00000012   Code   RO         2076    i._GetRect          STemWin522_CM4_OS_Keil.lib(guidev_measure.o)
    0x08016c86   0x00000030   Code   RO         2731    i._GetRect          STemWin522_CM4_OS_Keil.lib(guidev_32.o)
    0x08016cb6   0x00000002   PAD
    0x08016cb8   0x00000010   Code   RO         1437    i._GotoX            STemWin522_CM4_OS_Keil.lib(gui_goto.o)
    0x08016cc8   0x00000010   Code   RO         1438    i._GotoY            STemWin522_CM4_OS_Keil.lib(gui_goto.o)
    0x08016cd8   0x0000001c   Code   RO         2300    i._IncPointer       STemWin522_CM4_OS_Keil.lib(gui_onkey.o)
    0x08016cf4   0x00000014   Code   RO         2546    i._IncPointer       STemWin522_CM4_OS_Keil.lib(gui_pid.o)
    0x08016d08   0x00000006   Code   RO         2301    i._IncReadPointer   STemWin522_CM4_OS_Keil.lib(gui_onkey.o)
    0x08016d0e   0x00000002   PAD
    0x08016d10   0x00000058   Code   RO         1288    i._Index2ColorBulk  STemWin522_CM4_OS_Keil.lib(guicc_m565.o)
    0x08016d68   0x0000000e   Code   RO         2687    i._Index2ColorBulk  STemWin522_CM4_OS_Keil.lib(guicc_8888.o)
    0x08016d76   0x00000020   Code   RO         2364    i._Index2Color_0    STemWin522_CM4_OS_Keil.lib(guicc_0.o)
    0x08016d96   0x00000002   PAD
    0x08016d98   0x00000070   Code   RO         1386    i._InitContext      STemWin522_CM4_OS_Keil.lib(gui_core.o)
    0x08016e08   0x000000a4   Code   RO         1322    i._InitOnce         STemWin522_CM4_OS_Keil.lib(gui_alloc.o)
    0x08016eac   0x00000080   Code   RO         2167    i._Invalidate1Abs   STemWin522_CM4_OS_Keil.lib(wm.o)
    0x08016f2c   0x00000014   Code   RO         1468    i._Log2Phys         STemWin522_CM4_OS_Keil.lib(gui_touch_driveranalog.o)
    0x08016f40   0x00000002   Code   RO         2490    i._Log2VisBuffered  STemWin522_CM4_OS_Keil.lib(gui_charline.o)
    0x08016f42   0x00000002   PAD
    0x08016f44   0x0000004c   Code   RO         2077    i._MarkPixel        STemWin522_CM4_OS_Keil.lib(guidev_measure.o)
    0x08016f90   0x0000004c   Code   RO         2078    i._MarkRect         STemWin522_CM4_OS_Keil.lib(guidev_measure.o)
    0x08016fdc   0x00000008   Code   RO         2055    i._Min              STemWin522_CM4_OS_Keil.lib(guidev_banding.o)
    0x08016fe4   0x0000006e   Code   RO         2932    i._MoveDescendents  STemWin522_CM4_OS_Keil.lib(wm_move.o)
    0x08017052   0x00000002   PAD
    0x08017054   0x00000014   Code   RO         1264    i._OnExit           STemWin522_CM4_OS_Keil.lib(guiaa_lib.o)
    0x08017068   0x00000034   Code   RO         1323    i._OnExit           STemWin522_CM4_OS_Keil.lib(gui_alloc.o)
    0x0801709c   0x0000002c   Code   RO         1387    i._OnExit           STemWin522_CM4_OS_Keil.lib(gui_core.o)
    0x080170c8   0x00000014   Code   RO         1947    i._OnExit           STemWin522_CM4_OS_Keil.lib(gui_task.o)
    0x080170dc   0x00000014   Code   RO         2043    i._OnExit           STemWin522_CM4_OS_Keil.lib(lcd_color.o)
    0x080170f0   0x00000034   Code   RO         2168    i._OnExit           STemWin522_CM4_OS_Keil.lib(wm.o)
    0x08017124   0x00000028   Code   RO         2248    i._OnExit           STemWin522_CM4_OS_Keil.lib(gui__alpha.o)
    0x0801714c   0x00000024   Code   RO         2169    i._Paint1           STemWin522_CM4_OS_Keil.lib(wm.o)
    0x08017170   0x0000008c   Code   RO         2170    i._Paint1Trans      STemWin522_CM4_OS_Keil.lib(wm.o)
    0x080171fc   0x0000009a   Code   RO         2171    i._PaintTransChildren  STemWin522_CM4_OS_Keil.lib(wm.o)
    0x08017296   0x00000002   PAD
    0x08017298   0x00000040   Code   RO         1324    i._PopFreeBlock     STemWin522_CM4_OS_Keil.lib(gui_alloc.o)
    0x080172d8   0x00000024   Code   RO         1325    i._PushFreeBlock    STemWin522_CM4_OS_Keil.lib(gui_alloc.o)
    0x080172fc   0x0000001c   Code   RO         2857    i._ReleaseBuffer    STemWin522_CM4_OS_Keil.lib(gui_sprite.o)
    0x08017318   0x00000034   Code   RO         1326    i._RemoveFreeBlock  STemWin522_CM4_OS_Keil.lib(gui_alloc.o)
    0x0801734c   0x0000005c   Code   RO         2644    i._RemoveFromLinList  STemWin522_CM4_OS_Keil.lib(gui_timer.o)
    0x080173a8   0x000000a0   Code   RO         1327    i._RemoveHoles      STemWin522_CM4_OS_Keil.lib(gui_alloc.o)
    0x08017448   0x00000048   Code   RO         1492    i._RoundHalfUp      STemWin522_CM4_OS_Keil.lib(gui_valf.o)
    0x08017490   0x0000005a   Code   RO         2809    i._Screen2hWin      STemWin522_CM4_OS_Keil.lib(wm_screen2win.o)
    0x080174ea   0x00000002   PAD
    0x080174ec   0x00000024   Code   RO         2810    i._Screen2hWinStop  STemWin522_CM4_OS_Keil.lib(wm_screen2win.o)
    0x08017510   0x00000020   Code   RO         2002    i._SetBkColor       STemWin522_CM4_OS_Keil.lib(lcd.o)
    0x08017530   0x0000004c   Code   RO         2172    i._SetClipRectUserIntersect  STemWin522_CM4_OS_Keil.lib(wm.o)
    0x0801757c   0x00000020   Code   RO         2003    i._SetColor         STemWin522_CM4_OS_Keil.lib(lcd.o)
    0x0801759c   0x0000002c   Code   RO         2004    i._SetDrawMode      STemWin522_CM4_OS_Keil.lib(lcd.o)
    0x080175c8   0x00000034   Code   RO         1469    i._SetMinMax        STemWin522_CM4_OS_Keil.lib(gui_touch_driveranalog.o)
    0x080175fc   0x00000008   Code   RO         1856    i._SetOrg           STemWin522_CM4_OS_Keil.lib(guidev_16.o)
    0x08017604   0x00000008   Code   RO         2079    i._SetOrg           STemWin522_CM4_OS_Keil.lib(guidev_measure.o)
    0x0801760c   0x00000008   Code   RO         2732    i._SetOrg           STemWin522_CM4_OS_Keil.lib(guidev_32.o)
    0x08017614   0x00000048   Code   RO         1857    i._SetPixelIndex    STemWin522_CM4_OS_Keil.lib(guidev_16.o)
    0x0801765c   0x00000008   Code   RO         2080    i._SetPixelIndex    STemWin522_CM4_OS_Keil.lib(guidev_measure.o)
    0x08017664   0x00000048   Code   RO         2733    i._SetPixelIndex    STemWin522_CM4_OS_Keil.lib(guidev_32.o)
    0x080176ac   0x000002ac   Code   RO         2862    i._SetPosition      STemWin522_CM4_OS_Keil.lib(gui_sprite.o)
    0x08017958   0x0000004a   Code   RO         2863    i._SetSpriteBkPixel  STemWin522_CM4_OS_Keil.lib(gui_sprite.o)
    0x080179a2   0x00000002   PAD
    0x080179a4   0x00000058   Code   RO         2547    i._StoreState       STemWin522_CM4_OS_Keil.lib(gui_pid.o)
    0x080179fc   0x00000030   Code   RO         1470    i._StoreUnstable    STemWin522_CM4_OS_Keil.lib(gui_touch_driveranalog.o)
    0x08017a2c   0x000000ea   Code   RO         1328    i._TestRAM          STemWin522_CM4_OS_Keil.lib(gui_alloc.o)
    0x08017b16   0x00000002   PAD
    0x08017b18   0x00000050   Code   RO         2645    i._Unlink           STemWin522_CM4_OS_Keil.lib(gui_timer.o)
    0x08017b68   0x00000030   Code   RO         1416    i._UnlinkDevice     STemWin522_CM4_OS_Keil.lib(gui_device.o)
    0x08017b98   0x0000000e   Code   RO         1329    i._WriteTagData     STemWin522_CM4_OS_Keil.lib(gui_alloc.o)
    0x08017ba6   0x00000002   PAD
    0x08017ba8   0x00000330   Code   RO         2113    i._WriteToActiveOpaque_8  STemWin522_CM4_OS_Keil.lib(guidev_writetoactiveopaque.o)
    0x08017ed8   0x000002f8   Code   RO         2114    i._WriteToActiveOpaque_HT  STemWin522_CM4_OS_Keil.lib(guidev_writetoactiveopaque.o)
    0x080181d0   0x0000003c   Code   RO         1858    i._XY2PTR           STemWin522_CM4_OS_Keil.lib(guidev_16.o)
    0x0801820c   0x0000003c   Code   RO         2734    i._XY2PTR           STemWin522_CM4_OS_Keil.lib(guidev_32.o)
    0x08018248   0x00000054   Code   RO         1859    i._XorPixel         STemWin522_CM4_OS_Keil.lib(guidev_16.o)
    0x0801829c   0x00000008   Code   RO         2081    i._XorPixel         STemWin522_CM4_OS_Keil.lib(guidev_measure.o)
    0x080182a4   0x00000058   Code   RO         2735    i._XorPixel         STemWin522_CM4_OS_Keil.lib(guidev_32.o)
    0x080182fc   0x00000004   PAD
    0x08018300   0x00000118   Code   RO         3040    i.__hardfp_ceil     m_wm.l(ceil.o)
    0x08018418   0x00000118   Code   RO         3046    i.__hardfp_floor    m_wm.l(floor.o)
    0x08018530   0x00000044   Code   RO         2173    i._cbPaintMemDev    STemWin522_CM4_OS_Keil.lib(wm.o)
    0x08018574   0x00000050   Code   RO         2174    i.cbBackWin         STemWin522_CM4_OS_Keil.lib(wm.o)
    0x080185c4   0x0000008a   Code   RO         2005    i.emWin_LCD_Init    STemWin522_CM4_OS_Keil.lib(lcd.o)
    0x0801864e   0x00000002   PAD
    0x08018650   0x00000062   Code   RO         3022    x$fpl$d2f           fz_wm.l(d2f.o)
    0x080186b2   0x00000002   PAD
    0x080186b4   0x00000150   Code   RO         3024    x$fpl$dadd          fz_wm.l(daddsub_clz.o)
    0x08018804   0x00000018   Code   RO         3120    x$fpl$dcmpinf       fz_wm.l(dcmpi.o)
    0x0801881c   0x0000002e   Code   RO         3031    x$fpl$dflt          fz_wm.l(dflt_clz.o)
    0x0801884a   0x00000002   PAD
    0x0801884c   0x00000078   Code   RO         3104    x$fpl$dleqf         fz_wm.l(dleqf.o)
    0x080188c4   0x00000154   Code   RO         3036    x$fpl$dmul          fz_wm.l(dmul.o)
    0x08018a18   0x0000009c   Code   RO         3068    x$fpl$dnaninf       fz_wm.l(dnaninf.o)
    0x08018ab4   0x0000000c   Code   RO         3070    x$fpl$dretinf       fz_wm.l(dretinf.o)
    0x08018ac0   0x0000006c   Code   RO         3072    x$fpl$drleqf        fz_wm.l(drleqf.o)
    0x08018b2c   0x00000016   Code   RO         3025    x$fpl$drsb          fz_wm.l(daddsub_clz.o)
    0x08018b42   0x00000002   PAD
    0x08018b44   0x000001d4   Code   RO         3026    x$fpl$dsub          fz_wm.l(daddsub_clz.o)
    0x08018d18   0x00000056   Code   RO         3038    x$fpl$f2d           fz_wm.l(f2d.o)
    0x08018d6e   0x0000008c   Code   RO         3074    x$fpl$fnaninf       fz_wm.l(fnaninf.o)
    0x08018dfa   0x0000000a   Code   RO         3191    x$fpl$fpinit        fz_wm.l(fpinit.o)
    0x08018e04   0x0000000a   Code   RO         3076    x$fpl$fretinf       fz_wm.l(fretinf.o)
    0x08018e0e   0x00000000   Code   RO         3078    x$fpl$usenofp       fz_wm.l(usenofp.o)
    0x08018e0e   0x00000008   Data   RO          356    .constdata          touch.o
    0x08018e16   0x000017c0   Data   RO          456    .constdata          lcd_drv.o
    0x0801a5d6   0x00000002   PAD
    0x0801a5d8   0x0000001c   Data   RO          509    .constdata          stm32f4xx_fsmc.o
    0x0801a5f4   0x00000024   Data   RO          718    .constdata          malloc.o
    0x0801a618   0x00000034   Data   RO          779    .constdata          guidrv_template.o
    0x0801a64c   0x00000100   Data   RO          884    .constdata          os_core.o
    0x0801a74c   0x000003c0   Data   RO         1126    .constdata          mycc936.o
    0x0801ab0c   0x0000003a   Data   RO         1169    .constdata          ff.o
    0x0801ab46   0x00000002   PAD
    0x0801ab48   0x00001cf4   Data   RO         1235    .constdata          autodev.o
    0x0801c83c   0x00000018   Data   RO         1289    .constdata          STemWin522_CM4_OS_Keil.lib(guicc_m565.o)
    0x0801c854   0x00000008   Data   RO         1389    .constdata          STemWin522_CM4_OS_Keil.lib(gui_core.o)
    0x0801c85c   0x00000008   Data   RO         1417    .constdata          STemWin522_CM4_OS_Keil.lib(gui_device.o)
    0x0801c864   0x00000018   Data   RO         1630    .constdata          STemWin522_CM4_OS_Keil.lib(f24_ascii.o)
    0x0801c87c   0x00000018   Data   RO         1631    .constdata          STemWin522_CM4_OS_Keil.lib(f24_ascii.o)
    0x0801c894   0x00000018   Data   RO         1632    .constdata          STemWin522_CM4_OS_Keil.lib(f24_ascii.o)
    0x0801c8ac   0x00000030   Data   RO         1633    .constdata          STemWin522_CM4_OS_Keil.lib(f24_ascii.o)
    0x0801c8dc   0x00000030   Data   RO         1634    .constdata          STemWin522_CM4_OS_Keil.lib(f24_ascii.o)
    0x0801c90c   0x00000048   Data   RO         1635    .constdata          STemWin522_CM4_OS_Keil.lib(f24_ascii.o)
    0x0801c954   0x00000030   Data   RO         1636    .constdata          STemWin522_CM4_OS_Keil.lib(f24_ascii.o)
    0x0801c984   0x00000018   Data   RO         1637    .constdata          STemWin522_CM4_OS_Keil.lib(f24_ascii.o)
    0x0801c99c   0x00000018   Data   RO         1638    .constdata          STemWin522_CM4_OS_Keil.lib(f24_ascii.o)
    0x0801c9b4   0x00000018   Data   RO         1639    .constdata          STemWin522_CM4_OS_Keil.lib(f24_ascii.o)
    0x0801c9cc   0x00000018   Data   RO         1640    .constdata          STemWin522_CM4_OS_Keil.lib(f24_ascii.o)
    0x0801c9e4   0x00000030   Data   RO         1641    .constdata          STemWin522_CM4_OS_Keil.lib(f24_ascii.o)
    0x0801ca14   0x00000018   Data   RO         1642    .constdata          STemWin522_CM4_OS_Keil.lib(f24_ascii.o)
    0x0801ca2c   0x00000018   Data   RO         1643    .constdata          STemWin522_CM4_OS_Keil.lib(f24_ascii.o)
    0x0801ca44   0x00000018   Data   RO         1644    .constdata          STemWin522_CM4_OS_Keil.lib(f24_ascii.o)
    0x0801ca5c   0x00000018   Data   RO         1645    .constdata          STemWin522_CM4_OS_Keil.lib(f24_ascii.o)
    0x0801ca74   0x00000030   Data   RO         1646    .constdata          STemWin522_CM4_OS_Keil.lib(f24_ascii.o)
    0x0801caa4   0x00000030   Data   RO         1647    .constdata          STemWin522_CM4_OS_Keil.lib(f24_ascii.o)
    0x0801cad4   0x00000030   Data   RO         1648    .constdata          STemWin522_CM4_OS_Keil.lib(f24_ascii.o)
    0x0801cb04   0x00000030   Data   RO         1649    .constdata          STemWin522_CM4_OS_Keil.lib(f24_ascii.o)
    0x0801cb34   0x00000030   Data   RO         1650    .constdata          STemWin522_CM4_OS_Keil.lib(f24_ascii.o)
    0x0801cb64   0x00000030   Data   RO         1651    .constdata          STemWin522_CM4_OS_Keil.lib(f24_ascii.o)
    0x0801cb94   0x00000030   Data   RO         1652    .constdata          STemWin522_CM4_OS_Keil.lib(f24_ascii.o)
    0x0801cbc4   0x00000030   Data   RO         1653    .constdata          STemWin522_CM4_OS_Keil.lib(f24_ascii.o)
    0x0801cbf4   0x00000030   Data   RO         1654    .constdata          STemWin522_CM4_OS_Keil.lib(f24_ascii.o)
    0x0801cc24   0x00000030   Data   RO         1655    .constdata          STemWin522_CM4_OS_Keil.lib(f24_ascii.o)
    0x0801cc54   0x00000018   Data   RO         1656    .constdata          STemWin522_CM4_OS_Keil.lib(f24_ascii.o)
    0x0801cc6c   0x00000018   Data   RO         1657    .constdata          STemWin522_CM4_OS_Keil.lib(f24_ascii.o)
    0x0801cc84   0x00000030   Data   RO         1658    .constdata          STemWin522_CM4_OS_Keil.lib(f24_ascii.o)
    0x0801ccb4   0x00000030   Data   RO         1659    .constdata          STemWin522_CM4_OS_Keil.lib(f24_ascii.o)
    0x0801cce4   0x00000030   Data   RO         1660    .constdata          STemWin522_CM4_OS_Keil.lib(f24_ascii.o)
    0x0801cd14   0x00000030   Data   RO         1661    .constdata          STemWin522_CM4_OS_Keil.lib(f24_ascii.o)
    0x0801cd44   0x00000048   Data   RO         1662    .constdata          STemWin522_CM4_OS_Keil.lib(f24_ascii.o)
    0x0801cd8c   0x00000030   Data   RO         1663    .constdata          STemWin522_CM4_OS_Keil.lib(f24_ascii.o)
    0x0801cdbc   0x00000030   Data   RO         1664    .constdata          STemWin522_CM4_OS_Keil.lib(f24_ascii.o)
    0x0801cdec   0x00000030   Data   RO         1665    .constdata          STemWin522_CM4_OS_Keil.lib(f24_ascii.o)
    0x0801ce1c   0x00000030   Data   RO         1666    .constdata          STemWin522_CM4_OS_Keil.lib(f24_ascii.o)
    0x0801ce4c   0x00000030   Data   RO         1667    .constdata          STemWin522_CM4_OS_Keil.lib(f24_ascii.o)
    0x0801ce7c   0x00000030   Data   RO         1668    .constdata          STemWin522_CM4_OS_Keil.lib(f24_ascii.o)
    0x0801ceac   0x00000030   Data   RO         1669    .constdata          STemWin522_CM4_OS_Keil.lib(f24_ascii.o)
    0x0801cedc   0x00000030   Data   RO         1670    .constdata          STemWin522_CM4_OS_Keil.lib(f24_ascii.o)
    0x0801cf0c   0x00000018   Data   RO         1671    .constdata          STemWin522_CM4_OS_Keil.lib(f24_ascii.o)
    0x0801cf24   0x00000030   Data   RO         1672    .constdata          STemWin522_CM4_OS_Keil.lib(f24_ascii.o)
    0x0801cf54   0x00000030   Data   RO         1673    .constdata          STemWin522_CM4_OS_Keil.lib(f24_ascii.o)
    0x0801cf84   0x00000030   Data   RO         1674    .constdata          STemWin522_CM4_OS_Keil.lib(f24_ascii.o)
    0x0801cfb4   0x00000048   Data   RO         1675    .constdata          STemWin522_CM4_OS_Keil.lib(f24_ascii.o)
    0x0801cffc   0x00000030   Data   RO         1676    .constdata          STemWin522_CM4_OS_Keil.lib(f24_ascii.o)
    0x0801d02c   0x00000030   Data   RO         1677    .constdata          STemWin522_CM4_OS_Keil.lib(f24_ascii.o)
    0x0801d05c   0x00000030   Data   RO         1678    .constdata          STemWin522_CM4_OS_Keil.lib(f24_ascii.o)
    0x0801d08c   0x00000030   Data   RO         1679    .constdata          STemWin522_CM4_OS_Keil.lib(f24_ascii.o)
    0x0801d0bc   0x00000030   Data   RO         1680    .constdata          STemWin522_CM4_OS_Keil.lib(f24_ascii.o)
    0x0801d0ec   0x00000030   Data   RO         1681    .constdata          STemWin522_CM4_OS_Keil.lib(f24_ascii.o)
    0x0801d11c   0x00000030   Data   RO         1682    .constdata          STemWin522_CM4_OS_Keil.lib(f24_ascii.o)
    0x0801d14c   0x00000030   Data   RO         1683    .constdata          STemWin522_CM4_OS_Keil.lib(f24_ascii.o)
    0x0801d17c   0x00000030   Data   RO         1684    .constdata          STemWin522_CM4_OS_Keil.lib(f24_ascii.o)
    0x0801d1ac   0x00000048   Data   RO         1685    .constdata          STemWin522_CM4_OS_Keil.lib(f24_ascii.o)
    0x0801d1f4   0x00000030   Data   RO         1686    .constdata          STemWin522_CM4_OS_Keil.lib(f24_ascii.o)
    0x0801d224   0x00000030   Data   RO         1687    .constdata          STemWin522_CM4_OS_Keil.lib(f24_ascii.o)
    0x0801d254   0x00000030   Data   RO         1688    .constdata          STemWin522_CM4_OS_Keil.lib(f24_ascii.o)
    0x0801d284   0x00000018   Data   RO         1689    .constdata          STemWin522_CM4_OS_Keil.lib(f24_ascii.o)
    0x0801d29c   0x00000018   Data   RO         1690    .constdata          STemWin522_CM4_OS_Keil.lib(f24_ascii.o)
    0x0801d2b4   0x00000018   Data   RO         1691    .constdata          STemWin522_CM4_OS_Keil.lib(f24_ascii.o)
    0x0801d2cc   0x00000018   Data   RO         1692    .constdata          STemWin522_CM4_OS_Keil.lib(f24_ascii.o)
    0x0801d2e4   0x00000030   Data   RO         1693    .constdata          STemWin522_CM4_OS_Keil.lib(f24_ascii.o)
    0x0801d314   0x00000018   Data   RO         1694    .constdata          STemWin522_CM4_OS_Keil.lib(f24_ascii.o)
    0x0801d32c   0x00000030   Data   RO         1695    .constdata          STemWin522_CM4_OS_Keil.lib(f24_ascii.o)
    0x0801d35c   0x00000030   Data   RO         1696    .constdata          STemWin522_CM4_OS_Keil.lib(f24_ascii.o)
    0x0801d38c   0x00000030   Data   RO         1697    .constdata          STemWin522_CM4_OS_Keil.lib(f24_ascii.o)
    0x0801d3bc   0x00000030   Data   RO         1698    .constdata          STemWin522_CM4_OS_Keil.lib(f24_ascii.o)
    0x0801d3ec   0x00000030   Data   RO         1699    .constdata          STemWin522_CM4_OS_Keil.lib(f24_ascii.o)
    0x0801d41c   0x00000018   Data   RO         1700    .constdata          STemWin522_CM4_OS_Keil.lib(f24_ascii.o)
    0x0801d434   0x00000030   Data   RO         1701    .constdata          STemWin522_CM4_OS_Keil.lib(f24_ascii.o)
    0x0801d464   0x00000030   Data   RO         1702    .constdata          STemWin522_CM4_OS_Keil.lib(f24_ascii.o)
    0x0801d494   0x00000018   Data   RO         1703    .constdata          STemWin522_CM4_OS_Keil.lib(f24_ascii.o)
    0x0801d4ac   0x00000018   Data   RO         1704    .constdata          STemWin522_CM4_OS_Keil.lib(f24_ascii.o)
    0x0801d4c4   0x00000030   Data   RO         1705    .constdata          STemWin522_CM4_OS_Keil.lib(f24_ascii.o)
    0x0801d4f4   0x00000018   Data   RO         1706    .constdata          STemWin522_CM4_OS_Keil.lib(f24_ascii.o)
    0x0801d50c   0x00000030   Data   RO         1707    .constdata          STemWin522_CM4_OS_Keil.lib(f24_ascii.o)
    0x0801d53c   0x00000030   Data   RO         1708    .constdata          STemWin522_CM4_OS_Keil.lib(f24_ascii.o)
    0x0801d56c   0x00000030   Data   RO         1709    .constdata          STemWin522_CM4_OS_Keil.lib(f24_ascii.o)
    0x0801d59c   0x00000030   Data   RO         1710    .constdata          STemWin522_CM4_OS_Keil.lib(f24_ascii.o)
    0x0801d5cc   0x00000030   Data   RO         1711    .constdata          STemWin522_CM4_OS_Keil.lib(f24_ascii.o)
    0x0801d5fc   0x00000018   Data   RO         1712    .constdata          STemWin522_CM4_OS_Keil.lib(f24_ascii.o)
    0x0801d614   0x00000030   Data   RO         1713    .constdata          STemWin522_CM4_OS_Keil.lib(f24_ascii.o)
    0x0801d644   0x00000018   Data   RO         1714    .constdata          STemWin522_CM4_OS_Keil.lib(f24_ascii.o)
    0x0801d65c   0x00000030   Data   RO         1715    .constdata          STemWin522_CM4_OS_Keil.lib(f24_ascii.o)
    0x0801d68c   0x00000030   Data   RO         1716    .constdata          STemWin522_CM4_OS_Keil.lib(f24_ascii.o)
    0x0801d6bc   0x00000030   Data   RO         1717    .constdata          STemWin522_CM4_OS_Keil.lib(f24_ascii.o)
    0x0801d6ec   0x00000030   Data   RO         1718    .constdata          STemWin522_CM4_OS_Keil.lib(f24_ascii.o)
    0x0801d71c   0x00000030   Data   RO         1719    .constdata          STemWin522_CM4_OS_Keil.lib(f24_ascii.o)
    0x0801d74c   0x00000030   Data   RO         1720    .constdata          STemWin522_CM4_OS_Keil.lib(f24_ascii.o)
    0x0801d77c   0x00000018   Data   RO         1721    .constdata          STemWin522_CM4_OS_Keil.lib(f24_ascii.o)
    0x0801d794   0x00000018   Data   RO         1722    .constdata          STemWin522_CM4_OS_Keil.lib(f24_ascii.o)
    0x0801d7ac   0x00000018   Data   RO         1723    .constdata          STemWin522_CM4_OS_Keil.lib(f24_ascii.o)
    0x0801d7c4   0x00000030   Data   RO         1724    .constdata          STemWin522_CM4_OS_Keil.lib(f24_ascii.o)
    0x0801d7f4   0x000002f8   Data   RO         1725    .constdata          STemWin522_CM4_OS_Keil.lib(f24_ascii.o)
    0x0801daec   0x0000000c   Data   RO         1726    .constdata          STemWin522_CM4_OS_Keil.lib(f24_ascii.o)
    0x0801daf8   0x00000024   Data   RO         1727    .constdata          STemWin522_CM4_OS_Keil.lib(f24_ascii.o)
    0x0801db1c   0x00000018   Data   RO         1728    .constdata          STemWin522_CM4_OS_Keil.lib(f24b_ascii.o)
    0x0801db34   0x00000018   Data   RO         1729    .constdata          STemWin522_CM4_OS_Keil.lib(f24b_ascii.o)
    0x0801db4c   0x00000030   Data   RO         1730    .constdata          STemWin522_CM4_OS_Keil.lib(f24b_ascii.o)
    0x0801db7c   0x00000030   Data   RO         1731    .constdata          STemWin522_CM4_OS_Keil.lib(f24b_ascii.o)
    0x0801dbac   0x00000030   Data   RO         1732    .constdata          STemWin522_CM4_OS_Keil.lib(f24b_ascii.o)
    0x0801dbdc   0x00000048   Data   RO         1733    .constdata          STemWin522_CM4_OS_Keil.lib(f24b_ascii.o)
    0x0801dc24   0x00000030   Data   RO         1734    .constdata          STemWin522_CM4_OS_Keil.lib(f24b_ascii.o)
    0x0801dc54   0x00000018   Data   RO         1735    .constdata          STemWin522_CM4_OS_Keil.lib(f24b_ascii.o)
    0x0801dc6c   0x00000018   Data   RO         1736    .constdata          STemWin522_CM4_OS_Keil.lib(f24b_ascii.o)
    0x0801dc84   0x00000018   Data   RO         1737    .constdata          STemWin522_CM4_OS_Keil.lib(f24b_ascii.o)
    0x0801dc9c   0x00000018   Data   RO         1738    .constdata          STemWin522_CM4_OS_Keil.lib(f24b_ascii.o)
    0x0801dcb4   0x00000030   Data   RO         1739    .constdata          STemWin522_CM4_OS_Keil.lib(f24b_ascii.o)
    0x0801dce4   0x00000018   Data   RO         1740    .constdata          STemWin522_CM4_OS_Keil.lib(f24b_ascii.o)
    0x0801dcfc   0x00000018   Data   RO         1741    .constdata          STemWin522_CM4_OS_Keil.lib(f24b_ascii.o)
    0x0801dd14   0x00000018   Data   RO         1742    .constdata          STemWin522_CM4_OS_Keil.lib(f24b_ascii.o)
    0x0801dd2c   0x00000018   Data   RO         1743    .constdata          STemWin522_CM4_OS_Keil.lib(f24b_ascii.o)
    0x0801dd44   0x00000030   Data   RO         1744    .constdata          STemWin522_CM4_OS_Keil.lib(f24b_ascii.o)
    0x0801dd74   0x00000030   Data   RO         1745    .constdata          STemWin522_CM4_OS_Keil.lib(f24b_ascii.o)
    0x0801dda4   0x00000030   Data   RO         1746    .constdata          STemWin522_CM4_OS_Keil.lib(f24b_ascii.o)
    0x0801ddd4   0x00000030   Data   RO         1747    .constdata          STemWin522_CM4_OS_Keil.lib(f24b_ascii.o)
    0x0801de04   0x00000030   Data   RO         1748    .constdata          STemWin522_CM4_OS_Keil.lib(f24b_ascii.o)
    0x0801de34   0x00000030   Data   RO         1749    .constdata          STemWin522_CM4_OS_Keil.lib(f24b_ascii.o)
    0x0801de64   0x00000030   Data   RO         1750    .constdata          STemWin522_CM4_OS_Keil.lib(f24b_ascii.o)
    0x0801de94   0x00000030   Data   RO         1751    .constdata          STemWin522_CM4_OS_Keil.lib(f24b_ascii.o)
    0x0801dec4   0x00000030   Data   RO         1752    .constdata          STemWin522_CM4_OS_Keil.lib(f24b_ascii.o)
    0x0801def4   0x00000030   Data   RO         1753    .constdata          STemWin522_CM4_OS_Keil.lib(f24b_ascii.o)
    0x0801df24   0x00000018   Data   RO         1754    .constdata          STemWin522_CM4_OS_Keil.lib(f24b_ascii.o)
    0x0801df3c   0x00000018   Data   RO         1755    .constdata          STemWin522_CM4_OS_Keil.lib(f24b_ascii.o)
    0x0801df54   0x00000030   Data   RO         1756    .constdata          STemWin522_CM4_OS_Keil.lib(f24b_ascii.o)
    0x0801df84   0x00000030   Data   RO         1757    .constdata          STemWin522_CM4_OS_Keil.lib(f24b_ascii.o)
    0x0801dfb4   0x00000030   Data   RO         1758    .constdata          STemWin522_CM4_OS_Keil.lib(f24b_ascii.o)
    0x0801dfe4   0x00000030   Data   RO         1759    .constdata          STemWin522_CM4_OS_Keil.lib(f24b_ascii.o)
    0x0801e014   0x00000048   Data   RO         1760    .constdata          STemWin522_CM4_OS_Keil.lib(f24b_ascii.o)
    0x0801e05c   0x00000030   Data   RO         1761    .constdata          STemWin522_CM4_OS_Keil.lib(f24b_ascii.o)
    0x0801e08c   0x00000030   Data   RO         1762    .constdata          STemWin522_CM4_OS_Keil.lib(f24b_ascii.o)
    0x0801e0bc   0x00000030   Data   RO         1763    .constdata          STemWin522_CM4_OS_Keil.lib(f24b_ascii.o)
    0x0801e0ec   0x00000030   Data   RO         1764    .constdata          STemWin522_CM4_OS_Keil.lib(f24b_ascii.o)
    0x0801e11c   0x00000030   Data   RO         1765    .constdata          STemWin522_CM4_OS_Keil.lib(f24b_ascii.o)
    0x0801e14c   0x00000030   Data   RO         1766    .constdata          STemWin522_CM4_OS_Keil.lib(f24b_ascii.o)
    0x0801e17c   0x00000030   Data   RO         1767    .constdata          STemWin522_CM4_OS_Keil.lib(f24b_ascii.o)
    0x0801e1ac   0x00000030   Data   RO         1768    .constdata          STemWin522_CM4_OS_Keil.lib(f24b_ascii.o)
    0x0801e1dc   0x00000018   Data   RO         1769    .constdata          STemWin522_CM4_OS_Keil.lib(f24b_ascii.o)
    0x0801e1f4   0x00000030   Data   RO         1770    .constdata          STemWin522_CM4_OS_Keil.lib(f24b_ascii.o)
    0x0801e224   0x00000030   Data   RO         1771    .constdata          STemWin522_CM4_OS_Keil.lib(f24b_ascii.o)
    0x0801e254   0x00000030   Data   RO         1772    .constdata          STemWin522_CM4_OS_Keil.lib(f24b_ascii.o)
    0x0801e284   0x00000048   Data   RO         1773    .constdata          STemWin522_CM4_OS_Keil.lib(f24b_ascii.o)
    0x0801e2cc   0x00000030   Data   RO         1774    .constdata          STemWin522_CM4_OS_Keil.lib(f24b_ascii.o)
    0x0801e2fc   0x00000030   Data   RO         1775    .constdata          STemWin522_CM4_OS_Keil.lib(f24b_ascii.o)
    0x0801e32c   0x00000030   Data   RO         1776    .constdata          STemWin522_CM4_OS_Keil.lib(f24b_ascii.o)
    0x0801e35c   0x00000030   Data   RO         1777    .constdata          STemWin522_CM4_OS_Keil.lib(f24b_ascii.o)
    0x0801e38c   0x00000030   Data   RO         1778    .constdata          STemWin522_CM4_OS_Keil.lib(f24b_ascii.o)
    0x0801e3bc   0x00000030   Data   RO         1779    .constdata          STemWin522_CM4_OS_Keil.lib(f24b_ascii.o)
    0x0801e3ec   0x00000030   Data   RO         1780    .constdata          STemWin522_CM4_OS_Keil.lib(f24b_ascii.o)
    0x0801e41c   0x00000030   Data   RO         1781    .constdata          STemWin522_CM4_OS_Keil.lib(f24b_ascii.o)
    0x0801e44c   0x00000030   Data   RO         1782    .constdata          STemWin522_CM4_OS_Keil.lib(f24b_ascii.o)
    0x0801e47c   0x00000048   Data   RO         1783    .constdata          STemWin522_CM4_OS_Keil.lib(f24b_ascii.o)
    0x0801e4c4   0x00000030   Data   RO         1784    .constdata          STemWin522_CM4_OS_Keil.lib(f24b_ascii.o)
    0x0801e4f4   0x00000030   Data   RO         1785    .constdata          STemWin522_CM4_OS_Keil.lib(f24b_ascii.o)
    0x0801e524   0x00000030   Data   RO         1786    .constdata          STemWin522_CM4_OS_Keil.lib(f24b_ascii.o)
    0x0801e554   0x00000018   Data   RO         1787    .constdata          STemWin522_CM4_OS_Keil.lib(f24b_ascii.o)
    0x0801e56c   0x00000018   Data   RO         1788    .constdata          STemWin522_CM4_OS_Keil.lib(f24b_ascii.o)
    0x0801e584   0x00000018   Data   RO         1789    .constdata          STemWin522_CM4_OS_Keil.lib(f24b_ascii.o)
    0x0801e59c   0x00000030   Data   RO         1790    .constdata          STemWin522_CM4_OS_Keil.lib(f24b_ascii.o)
    0x0801e5cc   0x00000030   Data   RO         1791    .constdata          STemWin522_CM4_OS_Keil.lib(f24b_ascii.o)
    0x0801e5fc   0x00000018   Data   RO         1792    .constdata          STemWin522_CM4_OS_Keil.lib(f24b_ascii.o)
    0x0801e614   0x00000030   Data   RO         1793    .constdata          STemWin522_CM4_OS_Keil.lib(f24b_ascii.o)
    0x0801e644   0x00000030   Data   RO         1794    .constdata          STemWin522_CM4_OS_Keil.lib(f24b_ascii.o)
    0x0801e674   0x00000030   Data   RO         1795    .constdata          STemWin522_CM4_OS_Keil.lib(f24b_ascii.o)
    0x0801e6a4   0x00000030   Data   RO         1796    .constdata          STemWin522_CM4_OS_Keil.lib(f24b_ascii.o)
    0x0801e6d4   0x00000030   Data   RO         1797    .constdata          STemWin522_CM4_OS_Keil.lib(f24b_ascii.o)
    0x0801e704   0x00000018   Data   RO         1798    .constdata          STemWin522_CM4_OS_Keil.lib(f24b_ascii.o)
    0x0801e71c   0x00000030   Data   RO         1799    .constdata          STemWin522_CM4_OS_Keil.lib(f24b_ascii.o)
    0x0801e74c   0x00000030   Data   RO         1800    .constdata          STemWin522_CM4_OS_Keil.lib(f24b_ascii.o)
    0x0801e77c   0x00000018   Data   RO         1801    .constdata          STemWin522_CM4_OS_Keil.lib(f24b_ascii.o)
    0x0801e794   0x00000018   Data   RO         1802    .constdata          STemWin522_CM4_OS_Keil.lib(f24b_ascii.o)
    0x0801e7ac   0x00000030   Data   RO         1803    .constdata          STemWin522_CM4_OS_Keil.lib(f24b_ascii.o)
    0x0801e7dc   0x00000018   Data   RO         1804    .constdata          STemWin522_CM4_OS_Keil.lib(f24b_ascii.o)
    0x0801e7f4   0x00000048   Data   RO         1805    .constdata          STemWin522_CM4_OS_Keil.lib(f24b_ascii.o)
    0x0801e83c   0x00000030   Data   RO         1806    .constdata          STemWin522_CM4_OS_Keil.lib(f24b_ascii.o)
    0x0801e86c   0x00000030   Data   RO         1807    .constdata          STemWin522_CM4_OS_Keil.lib(f24b_ascii.o)
    0x0801e89c   0x00000030   Data   RO         1808    .constdata          STemWin522_CM4_OS_Keil.lib(f24b_ascii.o)
    0x0801e8cc   0x00000030   Data   RO         1809    .constdata          STemWin522_CM4_OS_Keil.lib(f24b_ascii.o)
    0x0801e8fc   0x00000018   Data   RO         1810    .constdata          STemWin522_CM4_OS_Keil.lib(f24b_ascii.o)
    0x0801e914   0x00000030   Data   RO         1811    .constdata          STemWin522_CM4_OS_Keil.lib(f24b_ascii.o)
    0x0801e944   0x00000018   Data   RO         1812    .constdata          STemWin522_CM4_OS_Keil.lib(f24b_ascii.o)
    0x0801e95c   0x00000030   Data   RO         1813    .constdata          STemWin522_CM4_OS_Keil.lib(f24b_ascii.o)
    0x0801e98c   0x00000030   Data   RO         1814    .constdata          STemWin522_CM4_OS_Keil.lib(f24b_ascii.o)
    0x0801e9bc   0x00000030   Data   RO         1815    .constdata          STemWin522_CM4_OS_Keil.lib(f24b_ascii.o)
    0x0801e9ec   0x00000030   Data   RO         1816    .constdata          STemWin522_CM4_OS_Keil.lib(f24b_ascii.o)
    0x0801ea1c   0x00000030   Data   RO         1817    .constdata          STemWin522_CM4_OS_Keil.lib(f24b_ascii.o)
    0x0801ea4c   0x00000030   Data   RO         1818    .constdata          STemWin522_CM4_OS_Keil.lib(f24b_ascii.o)
    0x0801ea7c   0x00000018   Data   RO         1819    .constdata          STemWin522_CM4_OS_Keil.lib(f24b_ascii.o)
    0x0801ea94   0x00000018   Data   RO         1820    .constdata          STemWin522_CM4_OS_Keil.lib(f24b_ascii.o)
    0x0801eaac   0x00000018   Data   RO         1821    .constdata          STemWin522_CM4_OS_Keil.lib(f24b_ascii.o)
    0x0801eac4   0x00000030   Data   RO         1822    .constdata          STemWin522_CM4_OS_Keil.lib(f24b_ascii.o)
    0x0801eaf4   0x000002f8   Data   RO         1823    .constdata          STemWin522_CM4_OS_Keil.lib(f24b_ascii.o)
    0x0801edec   0x0000000c   Data   RO         1824    .constdata          STemWin522_CM4_OS_Keil.lib(f24b_ascii.o)
    0x0801edf8   0x00000024   Data   RO         1825    .constdata          STemWin522_CM4_OS_Keil.lib(f24b_ascii.o)
    0x0801ee1c   0x00000518   Data   RO         1826    .constdata          STemWin522_CM4_OS_Keil.lib(f6x8.o)
    0x0801f334   0x000001c0   Data   RO         1827    .constdata          STemWin522_CM4_OS_Keil.lib(f6x8.o)
    0x0801f4f4   0x00000008   Data   RO         1828    .constdata          STemWin522_CM4_OS_Keil.lib(f6x8.o)
    0x0801f4fc   0x00000014   Data   RO         1829    .constdata          STemWin522_CM4_OS_Keil.lib(f6x8.o)
    0x0801f510   0x00000024   Data   RO         1830    .constdata          STemWin522_CM4_OS_Keil.lib(f6x8.o)
    0x0801f534   0x00000a30   Data   RO         1832    .constdata          STemWin522_CM4_OS_Keil.lib(f8x16.o)
    0x0801ff64   0x000001c0   Data   RO         1833    .constdata          STemWin522_CM4_OS_Keil.lib(f8x16.o)
    0x08020124   0x00000008   Data   RO         1834    .constdata          STemWin522_CM4_OS_Keil.lib(f8x16.o)
    0x0802012c   0x00000014   Data   RO         1835    .constdata          STemWin522_CM4_OS_Keil.lib(f8x16.o)
    0x08020140   0x00000024   Data   RO         1836    .constdata          STemWin522_CM4_OS_Keil.lib(f8x16.o)
    0x08020164   0x00000074   Data   RO         1860    .constdata          STemWin522_CM4_OS_Keil.lib(guidev_16.o)
    0x080201d8   0x00000100   Data   RO         1883    .constdata          STemWin522_CM4_OS_Keil.lib(gui__divtbl_255_31.o)
    0x080202d8   0x00000100   Data   RO         1884    .constdata          STemWin522_CM4_OS_Keil.lib(gui__divtbl_255_63.o)
    0x080203d8   0x00000020   Data   RO         1885    .constdata          STemWin522_CM4_OS_Keil.lib(gui__divtbl_31_255.o)
    0x080203f8   0x00000040   Data   RO         1886    .constdata          STemWin522_CM4_OS_Keil.lib(gui__divtbl_63_255.o)
    0x08020438   0x0000016c   Data   RO         1893    .constdata          STemWin522_CM4_OS_Keil.lib(gui__sinhq.o)
    0x080205a4   0x00000028   Data   RO         1899    .constdata          STemWin522_CM4_OS_Keil.lib(gui_adddecshift.o)
    0x080205cc   0x00000010   Data   RO         1966    .constdata          STemWin522_CM4_OS_Keil.lib(gui_uc_encodenone.o)
    0x080205dc   0x0000000c   Data   RO         2006    .constdata          STemWin522_CM4_OS_Keil.lib(lcd.o)
    0x080205e8   0x00000100   Data   RO         2052    .constdata          STemWin522_CM4_OS_Keil.lib(lcd_mirror.o)
    0x080206e8   0x00000034   Data   RO         2082    .constdata          STemWin522_CM4_OS_Keil.lib(guidev_measure.o)
    0x0802071c   0x00000008   Data   RO         2115    .constdata          STemWin522_CM4_OS_Keil.lib(guidev_writetoactiveopaque.o)
    0x08020724   0x00000018   Data   RO         2365    .constdata          STemWin522_CM4_OS_Keil.lib(guicc_0.o)
    0x0802073c   0x00000018   Data   RO         2688    .constdata          STemWin522_CM4_OS_Keil.lib(guicc_8888.o)
    0x08020754   0x00000074   Data   RO         2736    .constdata          STemWin522_CM4_OS_Keil.lib(guidev_32.o)
    0x080207c8   0x00000018   Data   RO         2768    .constdata          STemWin522_CM4_OS_Keil.lib(guidev_usagebm.o)
    0x080207e0   0x00000028   Data   RO         2958    .constdata          c_w.l(_printf_hex_int.o)
    0x08020808   0x00000064   Data   RO         1073    .conststring        exfuns.o
    0x0802086c   0x00000020   Data   RO         3249    Region$$Table       anon$$obj.o


    Execution Region RW_IRAM1 (Base: 0x20000000, Size: 0x0001f9a8, Max: 0x00020000, ABSOLUTE, COMPRESSED[0x000000d8])

    Base Addr    Size         Type   Attr      Idx    E Section Name        Object

    0x20000000   0x00000014   Data   RW          282    .data               system_stm32f4xx.o
    0x20000014   0x00000010   Data   RW          384    .data               sdio_sdcard.o
    0x20000024   0x00000002   Data   RW          433    .data               w25qxx.o
    0x20000026   0x00000004   Data   RW          457    .data               lcd_drv.o
    0x2000002a   0x00000010   Data   RW          544    .data               stm32f4xx_rcc.o
    0x2000003a   0x00000004   Data   RW          658    .data               delay.o
    0x2000003e   0x00000002   PAD
    0x20000040   0x00000006   Data   RW          687    .data               usart.o
    0x20000046   0x00000002   PAD
    0x20000048   0x00000024   Data   RW          719    .data               malloc.o
    0x2000006c   0x00000011   Data   RW          761    .data               gui_x_ucosii.o
    0x2000007d   0x00000003   PAD
    0x20000080   0x00000008   Data   RW          780    .data               guidrv_template.o
    0x20000088   0x00000008   Data   RW          864    .data               gui_x_touch_analog.o
    0x20000090   0x00000048   Data   RW          885    .data               os_core.o
    0x200000d8   0x00000154   Data   RW         1074    .data               exfuns.o
    0x2000022c   0x00000002   Data   RW         1147    .data               diskio.o
    0x2000022e   0x00000002   Data   RW         1170    .data               ff.o
    0x20000230   0x0000003c   Data   RW         1265    .data               STemWin522_CM4_OS_Keil.lib(guiaa_lib.o)
    0x2000026c   0x00000008   Data   RW         1290    .data               STemWin522_CM4_OS_Keil.lib(guicc_m565.o)
    0x20000274   0x00000008   Data   RW         1331    .data               STemWin522_CM4_OS_Keil.lib(gui_alloc.o)
    0x2000027c   0x0000002c   Data   RW         1390    .data               STemWin522_CM4_OS_Keil.lib(gui_core.o)
    0x200002a8   0x00000004   Data   RW         1391    .data               STemWin522_CM4_OS_Keil.lib(gui_core.o)
    0x200002ac   0x00000004   Data   RW         1392    .data               STemWin522_CM4_OS_Keil.lib(gui_core.o)
    0x200002b0   0x00000004   Data   RW         1393    .data               STemWin522_CM4_OS_Keil.lib(gui_core.o)
    0x200002b4   0x00000004   Data   RW         1394    .data               STemWin522_CM4_OS_Keil.lib(gui_core.o)
    0x200002b8   0x00000002   Data   RW         1395    .data               STemWin522_CM4_OS_Keil.lib(gui_core.o)
    0x200002ba   0x00000002   Data   RW         1396    .data               STemWin522_CM4_OS_Keil.lib(gui_core.o)
    0x200002bc   0x00000030   Data   RW         1472    .data               STemWin522_CM4_OS_Keil.lib(gui_touch_driveranalog.o)
    0x200002ec   0x00000004   Data   RW         1931    .data               STemWin522_CM4_OS_Keil.lib(gui_fillpolygon.o)
    0x200002f0   0x0000001c   Data   RW         1948    .data               STemWin522_CM4_OS_Keil.lib(gui_task.o)
    0x2000030c   0x00000008   Data   RW         1958    .data               STemWin522_CM4_OS_Keil.lib(gui_touch_storeunstable.o)
    0x20000314   0x00000004   Data   RW         2007    .data               STemWin522_CM4_OS_Keil.lib(lcd.o)
    0x20000318   0x00000004   Data   RW         2031    .data               STemWin522_CM4_OS_Keil.lib(lcd_aa.o)
    0x2000031c   0x00000010   Data   RW         2044    .data               STemWin522_CM4_OS_Keil.lib(lcd_color.o)
    0x2000032c   0x00000004   Data   RW         2056    .data               STemWin522_CM4_OS_Keil.lib(guidev_banding.o)
    0x20000330   0x00000058   Data   RW         2176    .data               STemWin522_CM4_OS_Keil.lib(wm.o)
    0x20000388   0x00000001   Data   RW         2177    .data               STemWin522_CM4_OS_Keil.lib(wm.o)
    0x20000389   0x00000003   PAD
    0x2000038c   0x00000028   Data   RW         2249    .data               STemWin522_CM4_OS_Keil.lib(gui__alpha.o)
    0x200003b4   0x00000008   Data   RW         2270    .data               STemWin522_CM4_OS_Keil.lib(gui__managecache.o)
    0x200003bc   0x0000000c   Data   RW         2303    .data               STemWin522_CM4_OS_Keil.lib(gui_onkey.o)
    0x200003c8   0x00000008   Data   RW         2327    .data               STemWin522_CM4_OS_Keil.lib(gui_selectlayer.o)
    0x200003d0   0x0000000c   Data   RW         2353    .data               STemWin522_CM4_OS_Keil.lib(gui_waitevent.o)
    0x200003dc   0x00000001   Data   RW         2417    .data               STemWin522_CM4_OS_Keil.lib(guidev_staticdevices.o)
    0x200003dd   0x00000003   PAD
    0x200003e0   0x00000004   Data   RW         2429    .data               STemWin522_CM4_OS_Keil.lib(wm__sendmessage.o)
    0x200003e4   0x00000008   Data   RW         2471    .data               STemWin522_CM4_OS_Keil.lib(wm_touch.o)
    0x200003ec   0x00000004   Data   RW         2491    .data               STemWin522_CM4_OS_Keil.lib(gui_charline.o)
    0x200003f0   0x00000008   Data   RW         2549    .data               STemWin522_CM4_OS_Keil.lib(gui_pid.o)
    0x200003f8   0x00000020   Data   RW         2592    .data               STemWin522_CM4_OS_Keil.lib(gui_setalpha.o)
    0x20000418   0x00000014   Data   RW         2646    .data               STemWin522_CM4_OS_Keil.lib(gui_timer.o)
    0x2000042c   0x00002500   Zero   RW            3    .bss                main.o
    0x2000292c   0x00000004   PAD
    0x20002930   0x000002c0   Zero   RW          383    .bss                sdio_sdcard.o
    0x20002bf0   0x00001000   Zero   RW          432    .bss                w25qxx.o
    0x20003bf0   0x0000000e   Zero   RW          455    .bss                lcd_drv.o
    0x20003bfe   0x000000c8   Zero   RW          686    .bss                usart.o
    0x20003cc6   0x00000002   PAD
    0x20003cc8   0x0001a900   Zero   RW          717    .bss                malloc.o
    0x2001e5c8   0x0000000a   Zero   RW          863    .bss                gui_x_touch_analog.o
    0x2001e5d2   0x00000002   PAD
    0x2001e5d4   0x00000a80   Zero   RW          883    .bss                os_core.o
    0x2001f054   0x0000000c   Zero   RW         1168    .bss                ff.o
    0x2001f060   0x00000021   Zero   RW         1188    .bss                fontupd.o
    0x2001f081   0x00000003   PAD
    0x2001f084   0x000000c8   Zero   RW         1330    .bss                STemWin522_CM4_OS_Keil.lib(gui_alloc.o)
    0x2001f14c   0x00000078   Zero   RW         1388    .bss                STemWin522_CM4_OS_Keil.lib(gui_core.o)
    0x2001f1c4   0x00000010   Zero   RW         1471    .bss                STemWin522_CM4_OS_Keil.lib(gui_touch_driveranalog.o)
    0x2001f1d4   0x00000018   Zero   RW         1930    .bss                STemWin522_CM4_OS_Keil.lib(gui_fillpolygon.o)
    0x2001f1ec   0x00000018   Zero   RW         2175    .bss                STemWin522_CM4_OS_Keil.lib(wm.o)
    0x2001f204   0x00000058   Zero   RW         2302    .bss                STemWin522_CM4_OS_Keil.lib(gui_onkey.o)
    0x2001f25c   0x0000000c   Zero   RW         2344    .bss                STemWin522_CM4_OS_Keil.lib(gui_touch_storestate.o)
    0x2001f268   0x00000048   Zero   RW         2470    .bss                STemWin522_CM4_OS_Keil.lib(wm_touch.o)
    0x2001f2b0   0x00000028   Zero   RW         2514    .bss                STemWin522_CM4_OS_Keil.lib(gui_curs1.o)
    0x2001f2d8   0x00000048   Zero   RW         2548    .bss                STemWin522_CM4_OS_Keil.lib(gui_pid.o)
    0x2001f320   0x0000000c   Zero   RW         2667    .bss                STemWin522_CM4_OS_Keil.lib(gui_touch.o)
    0x2001f32c   0x00000018   Zero   RW         2803    .bss                STemWin522_CM4_OS_Keil.lib(wm_pid__getprevstate.o)
    0x2001f344   0x00000060   Zero   RW         3123    .bss                c_w.l(libspace.o)
    0x2001f3a4   0x00000004   PAD
    0x2001f3a8   0x00000200   Zero   RW          485    HEAP                startup_stm32f40_41xxx.o
    0x2001f5a8   0x00000400   Zero   RW          484    STACK               startup_stm32f40_41xxx.o



  Load Region LR$$.ARM.__AT_0x10000000 (Base: 0x10000000, Size: 0x00000000, Max: 0x0000f000, ABSOLUTE)

    Execution Region ER$$.ARM.__AT_0x10000000 (Base: 0x10000000, Size: 0x0000f000, Max: 0x0000f000, ABSOLUTE, UNINIT)

    Base Addr    Size         Type   Attr      Idx    E Section Name        Object

    0x10000000   0x0000f000   Zero   RW          713    .ARM.__AT_0x10000000  malloc.o



  Load Region LR$$.ARM.__AT_0x1000F000 (Base: 0x1000f000, Size: 0x00000000, Max: 0x00000f00, ABSOLUTE)

    Execution Region ER$$.ARM.__AT_0x1000F000 (Base: 0x1000f000, Size: 0x00000f00, Max: 0x00000f00, ABSOLUTE, UNINIT)

    Base Addr    Size         Type   Attr      Idx    E Section Name        Object

    0x1000f000   0x00000f00   Zero   RW          714    .ARM.__AT_0x1000F000  malloc.o



  Load Region LR$$.ARM.__AT_0x68000000 (Base: 0x68000000, Size: 0x00000000, Max: 0x000c8000, ABSOLUTE)

    Execution Region ER$$.ARM.__AT_0x68000000 (Base: 0x68000000, Size: 0x000c8000, Max: 0x000c8000, ABSOLUTE, UNINIT)

    Base Addr    Size         Type   Attr      Idx    E Section Name        Object

    0x68000000   0x000c8000   Zero   RW          715    .ARM.__AT_0x68000000  malloc.o



  Load Region LR$$.ARM.__AT_0x680C8000 (Base: 0x680c8000, Size: 0x00000000, Max: 0x0000c800, ABSOLUTE)

    Execution Region ER$$.ARM.__AT_0x680C8000 (Base: 0x680c8000, Size: 0x0000c800, Max: 0x0000c800, ABSOLUTE, UNINIT)

    Base Addr    Size         Type   Attr      Idx    E Section Name        Object

    0x680c8000   0x0000c800   Zero   RW          716    .ARM.__AT_0x680C8000  malloc.o


==============================================================================

Image component sizes


      Code (inc. data)   RO Data    RW Data    ZI Data      Debug   Object Name

       664        158       7412          0          0       2561   autodev.o
       264         18          0          4          0       1619   delay.o
       460         10          0          2          0       4738   diskio.o
       420         22        100        340          0       5652   exfuns.o
     12954        136         58          2         12      36066   ff.o
         0          0          0          0         33       1605   fontupd.o
       148         12          0          8         10       2244   gui_x_touch_analog.o
       276         24          0         17          0       3327   gui_x_ucosii.o
        44          6          0          0          0        723   guiconf.o
      2712         94         52          8          0      58192   guidrv_template.o
      8364         90       6080          4         14      17291   lcd_drv.o
       168         12          0          0          0       1187   lcdconf_flexcolor_template.o
        64          6          0          0          0        627   led.o
       292         32          0          0       9472     379933   main.o
       564         18         36         36    1044480       5377   malloc.o
       224         20          0          0          0       2161   misc.o
       204         12        960          0          0       1881   mycc936.o
      2192        218        256         72       2688      15671   os_core.o
       200         32          0          0          0        400   os_cpu_a.o
       452          6          0          0          0      11086   os_cpu_c.o
      2060         42          0          0          0       7424   os_flag.o
       972         16          0          0          0       4530   os_mbox.o
      1512         30          0          0          0       5989   os_q.o
       908         18          0          0          0       4262   os_sem.o
      1988         70          0          0          0       8109   os_task.o
       432         30          0          0          0       1982   os_time.o
      7468        294          0         16        704      24010   sdio_sdcard.o
       288          8          0          0          0       1317   spi.o
       676         16          0          0          0       2457   sram.o
        64         26        392          0       1536        908   startup_stm32f40_41xxx.o
       936         32          0          0          0       6737   stm32f4xx_dma.o
      1480         18         28          0          0       6118   stm32f4xx_fsmc.o
       660         44          0          0          0       4497   stm32f4xx_gpio.o
        22          0          0          0          0       1135   stm32f4xx_it.o
      1628         52          0         16          0      13504   stm32f4xx_rcc.o
       476         16          0          0          0       7760   stm32f4xx_sdio.o
      1152         36          0          0          0       7249   stm32f4xx_spi.o
      3234         60          0          0          0      23352   stm32f4xx_tim.o
      1108         34          0          0          0       8224   stm32f4xx_usart.o
        24          0          0          0          0        740   sys.o
       528         46          0         20          0       2083   system_stm32f4xx.o
       232          8          0          0          0       1370   timer.o
       980         16          8          0          0       5416   touch.o
       348         18          0          6        200       3662   usart.o
       896         34          0          2       4096       4785   w25qxx.o

    ----------------------------------------------------------------------
     60744       1890      15418        560    1063256     709961   Object Totals
         0          0         32          0          0          0   (incl. Generated)
         6          0          4          7         11          0   (incl. Padding)

    ----------------------------------------------------------------------

      Code (inc. data)   RO Data    RW Data    ZI Data      Debug   Library Member Name

         0          0       4792          0          0          0   f24_ascii.o
         0          0       4864          0          0          0   f24b_ascii.o
         0          0       1816          0          0          0   f6x8.o
         0          0       3120          0          0          0   f8x16.o
       830         34          0         40          0        796   gui__alpha.o
       668          0          0          0          0        256   gui__compactpixelindices.o
         0          0        256          0          0          0   gui__divtbl_255_31.o
         0          0        256          0          0          0   gui__divtbl_255_63.o
         0          0         32          0          0          0   gui__divtbl_31_255.o
         0          0         64          0          0          0   gui__divtbl_63_255.o
       320          0          0          0          0        156   gui__expandpixelindices.o
        58          0          0          0          0        116   gui__intersectrect.o
        82          0          0          0          0        128   gui__intersectrects.o
       188          8          0          8          0        248   gui__managecache.o
        76          0          0          0          0        124   gui__memset.o
        58          0          0          0          0        124   gui__memset16.o
       128         16        364          0          0        244   gui__sinhq.o
       220         16         40          0          0        380   gui_adddecshift.o
      1834        116          0          8        200       3112   gui_alloc.o
        46          0          0          0          0        128   gui_alloc_alloczero.o
        68          0          0          0          0        124   gui_calccolordist.o
       200         24          0          0          0        628   gui_char.o
       458         36          0          4          0        760   gui_charline.o
       394         12          0          0          0        492   gui_charm.o
       312         12          0          0          0        624   gui_charp.o
       476         78          8         64        120       1004   gui_core.o
       120          6          0          0         40        136   gui_curs1.o
       426         32          8          0          0       1108   gui_device.o
       264          4          0          0          0        136   gui_dispstring.o
        40          6          0          0          0        136   gui_dispstringat.o
        52          4          0          0          0        140   gui_dispstringhcenter.o
       244         14          0          0          0        280   gui_drawbitmap.o
        52          4          0          0          0        248   gui_exec.o
       536         24          0          4         24        272   gui_fillpolygon.o
       160          0          0          0          0        248   gui_getbitmappixelindex.o
        48          0          0          0          0        248   gui_getcolor.o
        54         10          0          0          0        252   gui_getorg.o
        90         12          0          0          0        484   gui_goto.o
        88          0          0          0          0        124   gui_mergerect.o
        30          0          0          0          0        116   gui_moverect.o
       102         12          0         12         88        476   gui_onkey.o
        28          4          0          0          0        128   gui_pen.o
       256         36          0          8         72        732   gui_pid.o
       116         10          0          0          0        132   gui_polyrotate.o
        56          0          0          0          0        116   gui_rectsintersect.o
        32         10          0          0          0        232   gui_savecontext.o
       138         14          0          8          0        508   gui_selectlayer.o
        26          0          0          0          0        128   gui_selectlcd.o
        36          4          0         32          0        124   gui_setalpha.o
        44          0          0          0          0        256   gui_setcolor.o
        64          6          0          0          0        128   gui_setdefault.o
        24          0          0          0          0        124   gui_setdrawmode.o
        32          6          0          0          0        128   gui_setfont.o
        28          4          0          0          0        128   gui_setlinestyle.o
        64         16          0          0          0        136   gui_setorg.o
        32          6          0          0          0        128   gui_settextalign.o
        32          6          0          0          0        128   gui_settextmode.o
      1196          4          0          0          0        960   gui_sprite.o
       308         36          0         28          0        632   gui_task.o
       108          6          0          0          0        248   gui_time.o
       354         16          0         20          0        772   gui_timer.o
        40          4          0          0         12        132   gui_touch.o
       656         46          0         48         16        760   gui_touch_driveranalog.o
        36          6          0          0         12        116   gui_touch_storestate.o
        48          6          0          8          0        136   gui_touch_storeunstable.o
        84         10          0          0          0        264   gui_uc.o
        18          0         16          0          0        464   gui_uc_encodenone.o
        62          0          0          0          0        252   gui_val.o
       498         18          0          0          0        656   gui_valf.o
        16          4          0         12          0        116   gui_waitevent.o
       724         76          0         60          0       1132   guiaa_lib.o
       372         12          0          0          0        284   guiaa_poly.o
       198          0         24          0          0        388   guicc_0.o
        36          0         24          0          0        480   guicc_8888.o
         2          0          0          0          0        116   guicc_8888_index2color.o
         2          0          0          0          0        116   guicc_888_index2color.o
       214         36         24          8          0        528   guicc_m565.o
        44         10          0          0          0        124   guicc_m565_index2color.o
       806         38          0          0          0       1060   guidev.o
      2268         60        116          0          0       2092   guidev_16.o
      2320         62        116          0          0       2244   guidev_32.o
       192          0          0          0          0        376   guidev_auto.o
       300         10          0          4          0        260   guidev_banding.o
        68          4          0          0          0        124   guidev_clear.o
        34          0          0          0          0        128   guidev_getdataptr.o
        52          6          0          0          0        128   guidev_getysize.o
       884         52         52          0          0       2728   guidev_measure.o
        56          4          0          0          0        128   guidev_reduceysize.o
       100          4          0          0          0        128   guidev_setorg.o
       308         12          0          1          0        272   guidev_staticdevices.o
        84          0          0          0          0        260   guidev_usage.o
       460          4         24          0          0        748   guidev_usagebm.o
       116          4          0          0          0        244   guidev_write.o
       280         14          0          0          0        144   guidev_writetoactivealpha.o
      1698         18          8          0          0        576   guidev_writetoactiveopaque.o
      1650        110         12          4          0       2156   lcd.o
       184         26          0          4          0        392   lcd_aa.o
       260         26          0         16          0        628   lcd_color.o
        32         12          0          0          0        232   lcd_getcolorindex.o
       384         32          0          0          0       2252   lcd_getex.o
        26          0          0          0          0        128   lcd_getnumdisplays.o
        96         10          0          0          0        132   lcd_getp.o
        14          0          0          0          0        128   lcd_getpixelcolor.o
         0          0        256          0          0          0   lcd_mirror.o
       504         18          0          0          0        276   lcd_readrect.o
        68         10          0          0          0        128   lcd_selectlcd.o
       220          0          0          0          0        660   lcd_set.o
        48         10          0          0          0        128   lcd_setcliprectex.o
        36          4          0          0          0        128   lcd_updatecolorindices.o
      4656        222          0         89         24       6576   wm.o
        18          0          0          0          0        124   wm__getfirstsibling.o
        56         12          0          0          0        232   wm__getorg_aa.o
        36          0          0          0          0        128   wm__getprevsibling.o
        34          0          0          0          0        128   wm__isancestor.o
        22          0          0          0          0        124   wm__isenabled.o
        60          6          0          4          0        136   wm__sendmessage.o
        28          0          0          0          0        140   wm__sendmessageifenabled.o
        38          0          0          0          0        128   wm__sendmessagenopara.o
       220          0          0          0          0        144   wm__updatechildpositions.o
       136          0          0          0          0        140   wm_bringtobottom.o
        60         12          0          0          0        232   wm_criticalhandle.o
        32          0          0          0          0        128   wm_getclientrect.o
        24         10          0          0          0        116   wm_getdesktopwindow.o
        20          4          0          0          0        116   wm_getdesktopwindowex.o
        26          0          0          0          0        124   wm_getfirstchild.o
        26          0          0          0          0        124   wm_getparent.o
        24          0          0          0          0        124   wm_iswindow.o
       292          0          0          0          0        416   wm_move.o
        16          0          0          0          0        124   wm_notifyparent.o
        64          8          0          0          0        136   wm_onkey.o
        28          4          0          0         24        116   wm_pid__getprevstate.o
       246          0          0          0          0        136   wm_resizewindow.o
       204          6          0          0          0        516   wm_screen2win.o
        26          0          0          0          0        136   wm_sendmessagenopara.o
        38          0          0          0          0        140   wm_sendtoparent.o
        62          8          0          0          0        256   wm_setcapture.o
        72          0          0          0          0        132   wm_setsize.o
       124          0          0          0          0        260   wm_timer.o
      1064         38          0          8         72        532   wm_touch.o
        90          0          0          0          0          0   __dczerorl2.o
         8          0          0          0          0         68   __main.o
       104          0          0          0          0         84   __printf.o
         0          0          0          0          0          0   __rtentry.o
        12          0          0          0          0          0   __rtentry2.o
         6          0          0          0          0          0   __rtentry4.o
        52          8          0          0          0          0   __scatter.o
        28          0          0          0          0          0   __scatter_zi.o
        48          6          0          0          0         96   _printf_char_common.o
        36          4          0          0          0         80   _printf_char_file.o
        88          4         40          0          0         88   _printf_hex_int.o
       178          0          0          0          0         88   _printf_intcommon.o
         0          0          0          0          0          0   _printf_percent.o
         4          0          0          0          0          0   _printf_percent_end.o
         6          0          0          0          0          0   _printf_x.o
        16          0          0          0          0         68   aeabi_memset.o
        18          0          0          0          0         80   exit.o
         8          0          0          0          0         68   ferror.o
         6          0          0          0          0        152   heapauxi.o
         2          0          0          0          0          0   libinit.o
         6          0          0          0          0          0   libinit2.o
         2          0          0          0          0          0   libshutdown.o
         2          0          0          0          0          0   libshutdown2.o
         8          4          0          0         96         68   libspace.o
        72          0          0          0          0         76   llsdiv.o
       238          0          0          0          0        100   lludivv7m.o
        88          0          0          0          0         76   memcmp.o
        24          4          0          0          0         84   noretval__2printf.o
        68          0          0          0          0         68   rt_memclr.o
        78          0          0          0          0         80   rt_memclr_w.o
       138          0          0          0          0         68   rt_memcpy_v6.o
       100          0          0          0          0         80   rt_memcpy_w.o
       132          0          0          0          0         68   rt_memmove_v6.o
       122          0          0          0          0         80   rt_memmove_w.o
         2          0          0          0          0          0   rtexit.o
        10          0          0          0          0          0   rtexit2.o
       128          0          0          0          0         68   strcmpv7m.o
        72          0          0          0          0         80   strcpy.o
        74          0          0          0          0         80   sys_stackheap_outer.o
         2          0          0          0          0         68   use_no_semi.o
         2          0          0          0          0         68   use_no_semi_2.o
        98          4          0          0          0        140   d2f.o
       826         16          0          0          0        492   daddsub_clz.o
        24          0          0          0          0        116   dcmpi.o
        46          0          0          0          0        116   dflt_clz.o
       120          4          0          0          0        140   dleqf.o
       340         12          0          0          0        152   dmul.o
       156          4          0          0          0        140   dnaninf.o
        12          0          0          0          0        116   dretinf.o
       108          0          0          0          0        128   drleqf.o
        86          4          0          0          0        132   f2d.o
       140          4          0          0          0        132   fnaninf.o
        10          0          0          0          0        116   fpinit.o
        10          0          0          0          0        116   fretinf.o
         0          0          0          0          0          0   usenofp.o
       280         28          0          0          0        156   ceil.o
       280         28          0          0          0        156   floor.o

    ----------------------------------------------------------------------
     40766       1910      16332        508        804      61084   Library Totals
       106          4          0          6          4          0   (incl. Padding)

    ----------------------------------------------------------------------

      Code (inc. data)   RO Data    RW Data    ZI Data      Debug   Library Name

     36046       1772      16292        502        704      56652   STemWin522_CM4_OS_Keil.lib
      2078         30         40          0         96       2084   c_w.l
      1976         48          0          0          0       2036   fz_wm.l
       560         56          0          0          0        312   m_wm.l

    ----------------------------------------------------------------------
     40766       1910      16332        508        804      61084   Library Totals

    ----------------------------------------------------------------------

==============================================================================


      Code (inc. data)   RO Data    RW Data    ZI Data      Debug   

    101510       3800      31750       1068    1064060     715001   Grand Totals
    101510       3800      31750        216    1064060     715001   ELF Image Totals (compressed)
    101510       3800      31750        216          0          0   ROM Totals

==============================================================================

    Total RO  Size (Code + RO Data)               133260 ( 130.14kB)
    Total RW  Size (RW Data + ZI Data)           1065128 (1040.16kB)
    Total ROM Size (Code + RO Data + RW Data)     133476 ( 130.35kB)

==============================================================================

