Component: ARM Compiler 5.06 update 1 (build 61) Tool: armlink [4d35a8]

==============================================================================

Section Cross References

    main.o(.text) refers to ff.o(.text) for f_opendir
    main.o(.text) refers to malloc.o(.text) for mymalloc
    main.o(.text) refers to exfuns.o(.text) for f_typetell
    main.o(.text) refers to misc.o(.text) for NVIC_PriorityGroupConfig
    main.o(.text) refers to delay.o(.text) for delay_init
    main.o(.text) refers to usart.o(.text) for uart_init
    main.o(.text) refers to led.o(.text) for LED_Init
    main.o(.text) refers to lcd.o(.text) for TFTLCD_Init
    main.o(.text) refers to key.o(.text) for KEY_Init
    main.o(.text) refers to w25qxx.o(.text) for W25QXX_Init
    main.o(.text) refers to text.o(.text) for Show_Str
    main.o(.text) refers to piclib.o(.text) for piclib_init
    main.o(.text) refers to strcpy.o(.text) for strcpy
    main.o(.text) refers to strcat.o(.text) for strcat
    main.o(.text) refers to usmart_config.o(.data) for usmart_dev
    main.o(.text) refers to exfuns.o(.data) for fs
    main.o(.text) refers to lcd.o(.data) for POINT_COLOR
    main.o(.text) refers to lcd.o(.bss) for lcddev
    system_stm32f4xx.o(.text) refers to system_stm32f4xx.o(.data) for SystemCoreClock
    led.o(.text) refers to stm32f4xx_rcc.o(.text) for RCC_AHB1PeriphClockCmd
    led.o(.text) refers to stm32f4xx_gpio.o(.text) for GPIO_Init
    lcd.o(.text) refers to delay.o(.text) for delay_us
    lcd.o(.text) refers to lcd.o(.bss) for lcddev
    lcd.o(.text) refers to lcd.o(.data) for POINT_COLOR
    lcd.o(.text) refers to stm32f4xx_rcc.o(.text) for RCC_AHB1PeriphClockCmd
    lcd.o(.text) refers to stm32f4xx_gpio.o(.text) for GPIO_Init
    lcd.o(.text) refers to stm32f4xx_fsmc.o(.text) for FSMC_NORSRAMInit
    lcd.o(.text) refers to lcd.o(.constdata) for asc2_1206
    key.o(.text) refers to stm32f4xx_rcc.o(.text) for RCC_AHB1PeriphClockCmd
    key.o(.text) refers to stm32f4xx_gpio.o(.text) for GPIO_Init
    key.o(.text) refers to delay.o(.text) for delay_ms
    key.o(.text) refers to key.o(.data) for key_up
    spi.o(.text) refers to stm32f4xx_spi.o(.text) for SPI_I2S_GetFlagStatus
    spi.o(.text) refers to stm32f4xx_rcc.o(.text) for RCC_AHB1PeriphClockCmd
    spi.o(.text) refers to stm32f4xx_gpio.o(.text) for GPIO_Init
    w25qxx.o(.text) refers to _printf_percent.o(.ARM.Collect$$_printf_percent$$00000000) for _printf_percent
    w25qxx.o(.text) refers to _printf_x.o(.ARM.Collect$$_printf_percent$$0000000C) for _printf_x
    w25qxx.o(.text) refers to _printf_hex_int.o(.text) for _printf_longlong_hex
    w25qxx.o(.text) refers to spi.o(.text) for SPI1_ReadWriteByte
    w25qxx.o(.text) refers to stm32f4xx_rcc.o(.text) for RCC_AHB1PeriphClockCmd
    w25qxx.o(.text) refers to stm32f4xx_gpio.o(.text) for GPIO_Init
    w25qxx.o(.text) refers to noretval__2printf.o(.text) for __2printf
    w25qxx.o(.text) refers to delay.o(.text) for delay_us
    w25qxx.o(.text) refers to w25qxx.o(.data) for W25QXX_TYPE
    w25qxx.o(.text) refers to w25qxx.o(.bss) for W25QXX_BUFFER
    sdio_sdcard.o(.text) refers to stm32f4xx_sdio.o(.text) for SDIO_GetFlagStatus
    sdio_sdcard.o(.text) refers to sdio_sdcard.o(.data) for DeviceMode
    sdio_sdcard.o(.text) refers to sdio_sdcard.o(.bss) for SDIO_CmdInitStructure
    sdio_sdcard.o(.text) refers to stm32f4xx_rcc.o(.text) for RCC_AHB1PeriphClockCmd
    sdio_sdcard.o(.text) refers to stm32f4xx_gpio.o(.text) for GPIO_Init
    sdio_sdcard.o(.text) refers to misc.o(.text) for NVIC_Init
    sdio_sdcard.o(.text) refers to stm32f4xx_dma.o(.text) for DMA_GetCmdStatus
    sdio_sdcard.o(.text) refers to sys.o(.emb_text) for INTX_DISABLE
    sdio_sdcard.o(.text) refers to rt_memcpy_v6.o(.text) for __aeabi_memcpy
    delay.o(.text) refers to misc.o(.text) for SysTick_CLKSourceConfig
    delay.o(.text) refers to delay.o(.data) for fac_us
    usart.o(.rev16_text) refers (Special) to use_no_semi_2.o(.text) for __use_no_semihosting
    usart.o(.revsh_text) refers (Special) to use_no_semi_2.o(.text) for __use_no_semihosting
    usart.o(.text) refers (Special) to use_no_semi_2.o(.text) for __use_no_semihosting
    usart.o(.text) refers to stm32f4xx_rcc.o(.text) for RCC_AHB1PeriphClockCmd
    usart.o(.text) refers to stm32f4xx_gpio.o(.text) for GPIO_PinAFConfig
    usart.o(.text) refers to stm32f4xx_usart.o(.text) for USART_Init
    usart.o(.text) refers to misc.o(.text) for NVIC_Init
    usart.o(.text) refers to usart.o(.data) for USART_RX_STA
    usart.o(.text) refers to usart.o(.bss) for USART_RX_BUF
    usart.o(.bss) refers (Special) to use_no_semi_2.o(.text) for __use_no_semihosting
    usart.o(.data) refers (Special) to use_no_semi_2.o(.text) for __use_no_semihosting
    startup_stm32f40_41xxx.o(STACK) refers (Special) to heapauxi.o(.text) for __use_two_region_memory
    startup_stm32f40_41xxx.o(HEAP) refers (Special) to heapauxi.o(.text) for __use_two_region_memory
[...]
    MemManage_Handler                        0x0800078b   Thumb Code     4  stm32f4xx_it.o(.text)
    BusFault_Handler                         0x0800078f   Thumb Code     4  stm32f4xx_it.o(.text)
    UsageFault_Handler                       0x08000793   Thumb Code     4  stm32f4xx_it.o(.text)
    SVC_Handler                              0x08000797   Thumb Code     2  stm32f4xx_it.o(.text)
    DebugMon_Handler                         0x08000799   Thumb Code     2  stm32f4xx_it.o(.text)
    PendSV_Handler                           0x0800079b   Thumb Code     2  stm32f4xx_it.o(.text)
    SysTick_Handler                          0x0800079d   Thumb Code     2  stm32f4xx_it.o(.text)
    SystemInit                               0x0800087d   Thumb Code    88  system_stm32f4xx.o(.text)
    SystemCoreClockUpdate                    0x080008d5   Thumb Code   174  system_stm32f4xx.o(.text)
    LED_Init                                 0x080009b1   Thumb Code    60  led.o(.text)
    LCD_WR_REG                               0x080009f1   Thumb Code    18  lcd.o(.text)
    LCD_WR_DATA                              0x08000a03   Thumb Code    20  lcd.o(.text)
    LCD_RD_DATA                              0x08000a17   Thumb Code    16  lcd.o(.text)
    LCD_WriteReg                             0x08000a27   Thumb Code    20  lcd.o(.text)
    LCD_ReadReg                              0x08000a3b   Thumb Code    22  lcd.o(.text)
    LCD_WriteRAM_Prepare                     0x08000a51   Thumb Code    10  lcd.o(.text)
    LCD_BGR2RGB                              0x08000a5b   Thumb Code    26  lcd.o(.text)
    opt_delay                                0x08000a75   Thumb Code    14  lcd.o(.text)
    LCD_SetCursor                            0x08000a83   Thumb Code    72  lcd.o(.text)
    LCD_ReadPoint                            0x08000acb   Thumb Code   114  lcd.o(.text)
    LCD_DisplayOn                            0x08000b3d   Thumb Code    12  lcd.o(.text)
    LCD_DisplayOff                           0x08000b49   Thumb Code    12  lcd.o(.text)
    LCD_Scan_Dir                             0x08000b55   Thumb Code   376  lcd.o(.text)
    LCD_DrawPoint                            0x08000ccd   Thumb Code    30  lcd.o(.text)
    LCD_Fast_DrawPoint                       0x08000ceb   Thumb Code    88  lcd.o(.text)
    LCD_Display_Dir                          0x08000d43   Thumb Code    88  lcd.o(.text)
    LCD_Set_Window                           0x08000d9b   Thumb Code   172  lcd.o(.text)
    LCD_Clear                                0x08000e47   Thumb Code    42  lcd.o(.text)
    TFTLCD_Init                              0x08000e71   Thumb Code  5882  lcd.o(.text)
    LCD_Fill                                 0x0800256b   Thumb Code    82  lcd.o(.text)
    LCD_Color_Fill                           0x080025bd   Thumb Code    92  lcd.o(.text)
    LCD_DrawLine                             0x08002619   Thumb Code   176  lcd.o(.text)
    LCD_DrawRectangle                        0x080026c9   Thumb Code    60  lcd.o(.text)
    Draw_Circle                              0x08002705   Thumb Code   152  lcd.o(.text)
    LCD_ShowChar                             0x0800279d   Thumb Code   272  lcd.o(.text)
    LCD_Pow                                  0x080028ad   Thumb Code    22  lcd.o(.text)
    LCD_ShowNum                              0x080028c3   Thumb Code   182  lcd.o(.text)
    LCD_ShowxNum                             0x08002979   Thumb Code   190  lcd.o(.text)
    LCD_ShowString                           0x08002a37   Thumb Code   102  lcd.o(.text)
    KEY_Init                                 0x08002a9d   Thumb Code    60  key.o(.text)
    KEY_Scan                                 0x08002ad9   Thumb Code   188  key.o(.text)
    SPI1_ReadWriteByte                       0x08002ba1   Thumb Code    50  spi.o(.text)
    SPI1_Init                                0x08002bd3   Thumb Code   186  spi.o(.text)
    SPI1_SetSpeed                            0x08002c8d   Thumb Code    36  spi.o(.text)
    W25QXX_ReadID                            0x08002cb9   Thumb Code    64  w25qxx.o(.text)
    W25QXX_Init                              0x08002cf9   Thumb Code   102  w25qxx.o(.text)
    W25QXX_ReadSR                            0x08002d5f   Thumb Code    36  w25qxx.o(.text)
    W25QXX_Write_SR                          0x08002d83   Thumb Code    32  w25qxx.o(.text)
    W25QXX_Write_Enable                      0x08002da3   Thumb Code    24  w25qxx.o(.text)
    W25QXX_Write_Disable                     0x08002dbb   Thumb Code    24  w25qxx.o(.text)
    W25QXX_Read                              0x08002dd3   Thumb Code    74  w25qxx.o(.text)
    W25QXX_Wait_Busy                         0x08002e1d   Thumb Code    18  w25qxx.o(.text)
    W25QXX_Write_Page                        0x08002e2f   Thumb Code    80  w25qxx.o(.text)
    W25QXX_Write_NoCheck                     0x08002e7f   Thumb Code    70  w25qxx.o(.text)
    W25QXX_Erase_Sector                      0x08002ec5   Thumb Code    70  w25qxx.o(.text)
    W25QXX_Write                             0x08002f0b   Thumb Code   180  w25qxx.o(.text)
    W25QXX_Erase_Chip                        0x08002fbf   Thumb Code    36  w25qxx.o(.text)
    W25QXX_PowerDown                         0x08002fe3   Thumb Code    30  w25qxx.o(.text)
    W25QXX_WAKEUP                            0x08003001   Thumb Code    30  w25qxx.o(.text)
    SDIO_Register_Deinit                     0x08003041   Thumb Code    48  sdio_sdcard.o(.text)
    SD_SetDeviceMode                         0x08003071   Thumb Code    20  sdio_sdcard.o(.text)
    SDIO_Clock_Set                           0x08003085   Thumb Code    18  sdio_sdcard.o(.text)
    CmdResp1Error                            0x08003097   Thumb Code    96  sdio_sdcard.o(.text)
    FindSCR                                  0x080030f7   Thumb Code   390  sdio_sdcard.o(.text)
    SDEnWideBus                              0x0800327d   Thumb Code   160  sdio_sdcard.o(.text)
    SD_EnableWideBusOperation                0x0800331d   Thumb Code    98  sdio_sdcard.o(.text)
    SD_SelectDeselect                        0x0800337f   Thumb Code    42  sdio_sdcard.o(.text)
    SD_GetCardInfo                           0x080033a9   Thumb Code   806  sdio_sdcard.o(.text)
    CmdResp2Error                            0x080036cf   Thumb Code    80  sdio_sdcard.o(.text)
    CmdResp6Error                            0x0800371f   Thumb Code   144  sdio_sdcard.o(.text)
    SD_InitializeCards                       0x080037af   Thumb Code   354  sdio_sdcard.o(.text)
    CmdResp3Error                            0x08003911   Thumb Code    52  sdio_sdcard.o(.text)
    CmdResp7Error                            0x08003945   Thumb Code    72  sdio_sdcard.o(.text)
    CmdError                                 0x0800398d   Thumb Code    48  sdio_sdcard.o(.text)
    SD_PowerON                               0x080039bd   Thumb Code   460  sdio_sdcard.o(.text)
    SD_Init                                  0x08003b89   Thumb Code   310  sdio_sdcard.o(.text)
    SD_PowerOFF                              0x08003cbf   Thumb Code    12  sdio_sdcard.o(.text)
    SD_DMA_Config                            0x08003ccb   Thumb Code   118  sdio_sdcard.o(.text)
    convert_from_bytes_to_power_of_two       0x08003d41   Thumb Code    18  sdio_sdcard.o(.text)
    SD_ReadBlock                             0x08003d53   Thumb Code   578  sdio_sdcard.o(.text)
    SD_ReadMultiBlocks                       0x08003f95   Thumb Code   760  sdio_sdcard.o(.text)
    IsCardProgramming                        0x0800428d   Thumb Code   150  sdio_sdcard.o(.text)
    SD_WriteBlock                            0x08004323   Thumb Code   914  sdio_sdcard.o(.text)
    SD_WriteMultiBlocks                      0x080046b5   Thumb Code   972  sdio_sdcard.o(.text)
    SD_ProcessIRQSrc                         0x08004a81   Thumb Code   300  sdio_sdcard.o(.text)
    SDIO_IRQHandler                          0x08004bad   Thumb Code     8  sdio_sdcard.o(.text)
    SD_SendStatus                            0x08004bb5   Thumb Code    74  sdio_sdcard.o(.text)
    SD_GetState                              0x08004bff   Thumb Code    26  sdio_sdcard.o(.text)
    SD_ReadDisk                              0x08004c19   Thumb Code   152  sdio_sdcard.o(.text)
    SD_WriteDisk                             0x08004cb1   Thumb Code   152  sdio_sdcard.o(.text)
    delay_init                               0x08004d71   Thumb Code    52  delay.o(.text)
    delay_us                                 0x08004da5   Thumb Code    72  delay.o(.text)
    delay_xms                                0x08004ded   Thumb Code    72  delay.o(.text)
    delay_ms                                 0x08004e35   Thumb Code    56  delay.o(.text)
    _sys_exit                                0x08004e75   Thumb Code     6  usart.o(.text)
    fputc                                    0x08004e7b   Thumb Code    22  usart.o(.text)
    uart_init                                0x08004e91   Thumb Code   172  usart.o(.text)
    USART1_IRQHandler                        0x08004f3d   Thumb Code   122  usart.o(.text)
    Reset_Handler                            0x08004fc9   Thumb Code     8  startup_stm32f40_41xxx.o(.text)
    ADC_IRQHandler                           0x08004fe3   Thumb Code     0  startup_stm32f40_41xxx.o(.text)
    CAN1_RX0_IRQHandler                      0x08004fe3   Thumb Code     0  startup_stm32f40_41xxx.o(.text)
    CAN1_RX1_IRQHandler                      0x08004fe3   Thumb Code     0  startup_stm32f40_41xxx.o(.text)
    CAN1_SCE_IRQHandler                      0x08004fe3   Thumb Code     0  startup_stm32f40_41xxx.o(.text)
    CAN1_TX_IRQHandler                       0x08004fe3   Thumb Code     0  startup_stm32f40_41xxx.o(.text)
    CAN2_RX0_IRQHandler                      0x08004fe3   Thumb Code     0  startup_stm32f40_41xxx.o(.text)
    CAN2_RX1_IRQHandler                      0x08004fe3   Thumb Code     0  startup_stm32f40_41xxx.o(.text)
    CAN2_SCE_IRQHandler                      0x08004fe3   Thumb Code     0  startup_stm32f40_41xxx.o(.text)
    CAN2_TX_IRQHandler                       0x08004fe3   Thumb Code     0  startup_stm32f40_41xxx.o(.text)
    CRYP_IRQHandler                          0x08004fe3   Thumb Code     0  startup_stm32f40_41xxx.o(.text)
    DCMI_IRQHandler                          0x08004fe3   Thumb Code     0  startup_stm32f40_41xxx.o(.text)
    DMA1_Stream0_IRQHandler                  0x08004fe3   Thumb Code     0  startup_stm32f40_41xxx.o(.text)
    DMA1_Stream1_IRQHandler                  0x08004fe3   Thumb Code     0  startup_stm32f40_41xxx.o(.text)
    DMA1_Stream2_IRQHandler                  0x08004fe3   Thumb Code     0  startup_stm32f40_41xxx.o(.text)
    DMA1_Stream3_IRQHandler                  0x08004fe3   Thumb Code     0  startup_stm32f40_41xxx.o(.text)
    DMA1_Stream4_IRQHandler                  0x08004fe3   Thumb Code     0  startup_stm32f40_41xxx.o(.text)
    DMA1_Stream5_IRQHandler                  0x08004fe3   Thumb Code     0  startup_stm32f40_41xxx.o(.text)
    DMA1_Stream6_IRQHandler                  0x08004fe3   Thumb Code     0  startup_stm32f40_41xxx.o(.text)
    DMA1_Stream7_IRQHandler                  0x08004fe3   Thumb Code     0  startup_stm32f40_41xxx.o(.text)
    DMA2_Stream0_IRQHandler                  0x08004fe3   Thumb Code     0  startup_stm32f40_41xxx.o(.text)
    DMA2_Stream1_IRQHandler                  0x08004fe3   Thumb Code     0  startup_stm32f40_41xxx.o(.text)
    DMA2_Stream2_IRQHandler                  0x08004fe3   Thumb Code     0  startup_stm32f40_41xxx.o(.text)
    DMA2_Stream3_IRQHandler                  0x08004fe3   Thumb Code     0  startup_stm32f40_41xxx.o(.text)
    DMA2_Stream4_IRQHandler                  0x08004fe3   Thumb Code     0  startup_stm32f40_41xxx.o(.text)
    DMA2_Stream5_IRQHandler                  0x08004fe3   Thumb Code     0  startup_stm32f40_41xxx.o(.text)
    DMA2_Stream6_IRQHandler                  0x08004fe3   Thumb Code     0  startup_stm32f40_41xxx.o(.text)
    DMA2_Stream7_IRQHandler                  0x08004fe3   Thumb Code     0  startup_stm32f40_41xxx.o(.text)
    ETH_IRQHandler                           0x08004fe3   Thumb Code     0  startup_stm32f40_41xxx.o(.text)
    ETH_WKUP_IRQHandler                      0x08004fe3   Thumb Code     0  startup_stm32f40_41xxx.o(.text)
    EXTI0_IRQHandler                         0x08004fe3   Thumb Code     0  startup_stm32f40_41xxx.o(.text)
    EXTI15_10_IRQHandler                     0x08004fe3   Thumb Code     0  startup_stm32f40_41xxx.o(.text)
    EXTI1_IRQHandler                         0x08004fe3   Thumb Code     0  startup_stm32f40_41xxx.o(.text)
    EXTI2_IRQHandler                         0x08004fe3   Thumb Code     0  startup_stm32f40_41xxx.o(.text)
    EXTI3_IRQHandler                         0x08004fe3   Thumb Code     0  startup_stm32f40_41xxx.o(.text)
    EXTI4_IRQHandler                         0x08004fe3   Thumb Code     0  startup_stm32f40_41xxx.o(.text)
    EXTI9_5_IRQHandler                       0x08004fe3   Thumb Code     0  startup_stm32f40_41xxx.o(.text)
    FLASH_IRQHandler                         0x08004fe3   Thumb Code     0  startup_stm32f40_41xxx.o(.text)
    FPU_IRQHandler                           0x08004fe3   Thumb Code     0  startup_stm32f40_41xxx.o(.text)
    FSMC_IRQHandler                          0x08004fe3   Thumb Code     0  startup_stm32f40_41xxx.o(.text)
    HASH_RNG_IRQHandler                      0x08004fe3   Thumb Code     0  startup_stm32f40_41xxx.o(.text)
    I2C1_ER_IRQHandler                       0x08004fe3   Thumb Code     0  startup_stm32f40_41xxx.o(.text)
    I2C1_EV_IRQHandler                       0x08004fe3   Thumb Code     0  startup_stm32f40_41xxx.o(.text)
    I2C2_ER_IRQHandler                       0x08004fe3   Thumb Code     0  startup_stm32f40_41xxx.o(.text)
    I2C2_EV_IRQHandler                       0x08004fe3   Thumb Code     0  startup_stm32f40_41xxx.o(.text)
    I2C3_ER_IRQHandler                       0x08004fe3   Thumb Code     0  startup_stm32f40_41xxx.o(.text)
    I2C3_EV_IRQHandler                       0x08004fe3   Thumb Code     0  startup_stm32f40_41xxx.o(.text)
    OTG_FS_IRQHandler                        0x08004fe3   Thumb Code     0  startup_stm32f40_41xxx.o(.text)
    OTG_FS_WKUP_IRQHandler                   0x08004fe3   Thumb Code     0  startup_stm32f40_41xxx.o(.text)
    OTG_HS_EP1_IN_IRQHandler                 0x08004fe3   Thumb Code     0  startup_stm32f40_41xxx.o(.text)
    OTG_HS_EP1_OUT_IRQHandler                0x08004fe3   Thumb Code     0  startup_stm32f40_41xxx.o(.text)
    OTG_HS_IRQHandler                        0x08004fe3   Thumb Code     0  startup_stm32f40_41xxx.o(.text)
    OTG_HS_WKUP_IRQHandler                   0x08004fe3   Thumb Code     0  startup_stm32f40_41xxx.o(.text)
    PVD_IRQHandler                           0x08004fe3   Thumb Code     0  startup_stm32f40_41xxx.o(.text)
    RCC_IRQHandler                           0x08004fe3   Thumb Code     0  startup_stm32f40_41xxx.o(.text)
    RTC_Alarm_IRQHandler                     0x08004fe3   Thumb Code     0  startup_stm32f40_41xxx.o(.text)
    RTC_WKUP_IRQHandler                      0x08004fe3   Thumb Code     0  startup_stm32f40_41xxx.o(.text)
    SPI1_IRQHandler                          0x08004fe3   Thumb Code     0  startup_stm32f40_41xxx.o(.text)
    SPI2_IRQHandler                          0x08004fe3   Thumb Code     0  startup_stm32f40_41xxx.o(.text)
    SPI3_IRQHandler                          0x08004fe3   Thumb Code     0  startup_stm32f40_41xxx.o(.text)
    TAMP_STAMP_IRQHandler                    0x08004fe3   Thumb Code     0  startup_stm32f40_41xxx.o(.text)
    TIM1_BRK_TIM9_IRQHandler                 0x08004fe3   Thumb Code     0  startup_stm32f40_41xxx.o(.text)
    TIM1_CC_IRQHandler                       0x08004fe3   Thumb Code     0  startup_stm32f40_41xxx.o(.text)
    TIM1_TRG_COM_TIM11_IRQHandler            0x08004fe3   Thumb Code     0  startup_stm32f40_41xxx.o(.text)
    TIM1_UP_TIM10_IRQHandler                 0x08004fe3   Thumb Code     0  startup_stm32f40_41xxx.o(.text)
    TIM2_IRQHandler                          0x08004fe3   Thumb Code     0  startup_stm32f40_41xxx.o(.text)
    TIM3_IRQHandler                          0x08004fe3   Thumb Code     0  startup_stm32f40_41xxx.o(.text)
    TIM5_IRQHandler                          0x08004fe3   Thumb Code     0  startup_stm32f40_41xxx.o(.text)
    TIM6_DAC_IRQHandler                      0x08004fe3   Thumb Code     0  startup_stm32f40_41xxx.o(.text)
    TIM7_IRQHandler                          0x08004fe3   Thumb Code     0  startup_stm32f40_41xxx.o(.text)
    TIM8_BRK_TIM12_IRQHandler                0x08004fe3   Thumb Code     0  startup_stm32f40_41xxx.o(.text)
    TIM8_CC_IRQHandler                       0x08004fe3   Thumb Code     0  startup_stm32f40_41xxx.o(.text)
    TIM8_TRG_COM_TIM14_IRQHandler            0x08004fe3   Thumb Code     0  startup_stm32f40_41xxx.o(.text)
    TIM8_UP_TIM13_IRQHandler                 0x08004fe3   Thumb Code     0  startup_stm32f40_41xxx.o(.text)
    UART4_IRQHandler                         0x08004fe3   Thumb Code     0  startup_stm32f40_41xxx.o(.text)
    UART5_IRQHandler                         0x08004fe3   Thumb Code     0  startup_stm32f40_41xxx.o(.text)
    USART2_IRQHandler                        0x08004fe3   Thumb Code     0  startup_stm32f40_41xxx.o(.text)
    USART3_IRQHandler                        0x08004fe3   Thumb Code     0  startup_stm32f40_41xxx.o(.text)
    USART6_IRQHandler                        0x08004fe3   Thumb Code     0  startup_stm32f40_41xxx.o(.text)
    WWDG_IRQHandler                          0x08004fe3   Thumb Code     0  startup_stm32f40_41xxx.o(.text)
    __user_initial_stackheap                 0x08004fe5   Thumb Code     0  startup_stm32f40_41xxx.o(.text)
    NVIC_PriorityGroupConfig                 0x08005009   Thumb Code    10  misc.o(.text)
    NVIC_Init                                0x08005013   Thumb Code   106  misc.o(.text)
    NVIC_SetVectorTable                      0x0800507d   Thumb Code    14  misc.o(.text)
    NVIC_SystemLPConfig                      0x0800508b   Thumb Code    34  misc.o(.text)
    SysTick_CLKSourceConfig                  0x080050ad   Thumb Code    40  misc.o(.text)
    DMA_DeInit                               0x080050e9   Thumb Code   324  stm32f4xx_dma.o(.text)
    DMA_Init                                 0x0800522d   Thumb Code    82  stm32f4xx_dma.o(.text)
    DMA_StructInit                           0x0800527f   Thumb Code    34  stm32f4xx_dma.o(.text)
    DMA_Cmd                                  0x080052a1   Thumb Code    22  stm32f4xx_dma.o(.text)
    DMA_PeriphIncOffsetSizeConfig            0x080052b7   Thumb Code    22  stm32f4xx_dma.o(.text)
    DMA_FlowControllerConfig                 0x080052cd   Thumb Code    22  stm32f4xx_dma.o(.text)
    DMA_SetCurrDataCounter                   0x080052e3   Thumb Code     4  stm32f4xx_dma.o(.text)
    DMA_GetCurrDataCounter                   0x080052e7   Thumb Code     8  stm32f4xx_dma.o(.text)
    DMA_DoubleBufferModeConfig               0x080052ef   Thumb Code    24  stm32f4xx_dma.o(.text)
    DMA_DoubleBufferModeCmd                  0x08005307   Thumb Code    22  stm32f4xx_dma.o(.text)
    DMA_MemoryTargetConfig                   0x0800531d   Thumb Code    10  stm32f4xx_dma.o(.text)
    DMA_GetCurrentMemoryTarget               0x08005327   Thumb Code    20  stm32f4xx_dma.o(.text)
    DMA_GetCmdStatus                         0x0800533b   Thumb Code    20  stm32f4xx_dma.o(.text)
    DMA_GetFIFOStatus                        0x0800534f   Thumb Code    12  stm32f4xx_dma.o(.text)
    DMA_GetFlagStatus                        0x0800535b   Thumb Code    56  stm32f4xx_dma.o(.text)
    DMA_ClearFlag                            0x08005393   Thumb Code    40  stm32f4xx_dma.o(.text)
    DMA_ITConfig                             0x080053bb   Thumb Code    58  stm32f4xx_dma.o(.text)
    DMA_GetITStatus                          0x080053f5   Thumb Code    84  stm32f4xx_dma.o(.text)
    DMA_ClearITPendingBit                    0x08005449   Thumb Code    40  stm32f4xx_dma.o(.text)
    FSMC_NORSRAMDeInit                       0x08005491   Thumb Code    54  stm32f4xx_fsmc.o(.text)
    FSMC_NORSRAMInit                         0x080054c7   Thumb Code   230  stm32f4xx_fsmc.o(.text)
    FSMC_NORSRAMStructInit                   0x080055ad   Thumb Code    48  stm32f4xx_fsmc.o(.text)
    FSMC_NORSRAMCmd                          0x080055dd   Thumb Code    46  stm32f4xx_fsmc.o(.text)
    FSMC_NANDDeInit                          0x0800560b   Thumb Code    62  stm32f4xx_fsmc.o(.text)
    FSMC_NANDInit                            0x08005649   Thumb Code   132  stm32f4xx_fsmc.o(.text)
    FSMC_NANDStructInit                      0x080056cd   Thumb Code    54  stm32f4xx_fsmc.o(.text)
    FSMC_NANDCmd                             0x08005703   Thumb Code    86  stm32f4xx_fsmc.o(.text)
    FSMC_NANDECCCmd                          0x08005759   Thumb Code    86  stm32f4xx_fsmc.o(.text)
    FSMC_GetECC                              0x080057af   Thumb Code    24  stm32f4xx_fsmc.o(.text)
    FSMC_PCCARDDeInit                        0x080057c7   Thumb Code    36  stm32f4xx_fsmc.o(.text)
    FSMC_PCCARDInit                          0x080057eb   Thumb Code   130  stm32f4xx_fsmc.o(.text)
    FSMC_PCCARDStructInit                    0x0800586d   Thumb Code    60  stm32f4xx_fsmc.o(.text)
    FSMC_PCCARDCmd                           0x080058a9   Thumb Code    44  stm32f4xx_fsmc.o(.text)
    FSMC_ITConfig                            0x080058d5   Thumb Code   128  stm32f4xx_fsmc.o(.text)
    FSMC_GetFlagStatus                       0x08005955   Thumb Code    54  stm32f4xx_fsmc.o(.text)
    FSMC_ClearFlag                           0x0800598b   Thumb Code    74  stm32f4xx_fsmc.o(.text)
    FSMC_GetITStatus                         0x080059d5   Thumb Code    62  stm32f4xx_fsmc.o(.text)
    FSMC_ClearITPendingBit                   0x08005a13   Thumb Code    66  stm32f4xx_fsmc.o(.text)
    GPIO_DeInit                              0x08005a59   Thumb Code   268  stm32f4xx_gpio.o(.text)
    GPIO_Init                                0x08005b65   Thumb Code   144  stm32f4xx_gpio.o(.text)
    GPIO_StructInit                          0x08005bf5   Thumb Code    18  stm32f4xx_gpio.o(.text)
    GPIO_PinLockConfig                       0x08005c07   Thumb Code    34  stm32f4xx_gpio.o(.text)
    GPIO_ReadInputDataBit                    0x08005c29   Thumb Code    18  stm32f4xx_gpio.o(.text)
    GPIO_ReadInputData                       0x08005c3b   Thumb Code     8  stm32f4xx_gpio.o(.text)
    GPIO_ReadOutputDataBit                   0x08005c43   Thumb Code    18  stm32f4xx_gpio.o(.text)
    GPIO_ReadOutputData                      0x08005c55   Thumb Code     8  stm32f4xx_gpio.o(.text)
    GPIO_SetBits                             0x08005c5d   Thumb Code     4  stm32f4xx_gpio.o(.text)
    GPIO_ResetBits                           0x08005c61   Thumb Code     4  stm32f4xx_gpio.o(.text)
    GPIO_WriteBit                            0x08005c65   Thumb Code    10  stm32f4xx_gpio.o(.text)
    GPIO_Write                               0x08005c6f   Thumb Code     4  stm32f4xx_gpio.o(.text)
    GPIO_ToggleBits                          0x08005c73   Thumb Code     8  stm32f4xx_gpio.o(.text)
    GPIO_PinAFConfig                         0x08005c7b   Thumb Code    70  stm32f4xx_gpio.o(.text)
    RCC_DeInit                               0x08005ced   Thumb Code    82  stm32f4xx_rcc.o(.text)
    RCC_HSEConfig                            0x08005d3f   Thumb Code    14  stm32f4xx_rcc.o(.text)
    RCC_GetFlagStatus                        0x08005d4d   Thumb Code    60  stm32f4xx_rcc.o(.text)
    RCC_WaitForHSEStartUp                    0x08005d89   Thumb Code    56  stm32f4xx_rcc.o(.text)
    RCC_AdjustHSICalibrationValue            0x08005dc1   Thumb Code    20  stm32f4xx_rcc.o(.text)
    RCC_HSICmd                               0x08005dd5   Thumb Code     6  stm32f4xx_rcc.o(.text)
    RCC_LSEConfig                            0x08005ddb   Thumb Code    46  stm32f4xx_rcc.o(.text)
    RCC_LSICmd                               0x08005e09   Thumb Code     6  stm32f4xx_rcc.o(.text)
    RCC_PLLConfig                            0x08005e0f   Thumb Code    32  stm32f4xx_rcc.o(.text)
    RCC_PLLCmd                               0x08005e2f   Thumb Code     6  stm32f4xx_rcc.o(.text)
    RCC_PLLI2SConfig                         0x08005e35   Thumb Code    14  stm32f4xx_rcc.o(.text)
    RCC_PLLI2SCmd                            0x08005e43   Thumb Code     6  stm32f4xx_rcc.o(.text)
    RCC_PLLSAIConfig                         0x08005e49   Thumb Code    20  stm32f4xx_rcc.o(.text)
    RCC_PLLSAICmd                            0x08005e5d   Thumb Code     6  stm32f4xx_rcc.o(.text)
    RCC_ClockSecuritySystemCmd               0x08005e63   Thumb Code     6  stm32f4xx_rcc.o(.text)
    RCC_MCO1Config                           0x08005e69   Thumb Code    28  stm32f4xx_rcc.o(.text)
    RCC_MCO2Config                           0x08005e85   Thumb Code    28  stm32f4xx_rcc.o(.text)
    RCC_SYSCLKConfig                         0x08005ea1   Thumb Code    20  stm32f4xx_rcc.o(.text)
    RCC_GetSYSCLKSource                      0x08005eb5   Thumb Code    12  stm32f4xx_rcc.o(.text)
    RCC_HCLKConfig                           0x08005ec1   Thumb Code    20  stm32f4xx_rcc.o(.text)
    RCC_PCLK1Config                          0x08005ed5   Thumb Code    20  stm32f4xx_rcc.o(.text)
    RCC_PCLK2Config                          0x08005ee9   Thumb Code    22  stm32f4xx_rcc.o(.text)
    RCC_GetClocksFreq                        0x08005eff   Thumb Code   222  stm32f4xx_rcc.o(.text)
    RCC_RTCCLKConfig                         0x08005fdd   Thumb Code    54  stm32f4xx_rcc.o(.text)
    RCC_RTCCLKCmd                            0x08006013   Thumb Code     8  stm32f4xx_rcc.o(.text)
    RCC_BackupResetCmd                       0x0800601b   Thumb Code     8  stm32f4xx_rcc.o(.text)
    RCC_I2SCLKConfig                         0x08006023   Thumb Code     6  stm32f4xx_rcc.o(.text)
    RCC_SAIPLLI2SClkDivConfig                0x08006029   Thumb Code    26  stm32f4xx_rcc.o(.text)
    RCC_SAIPLLSAIClkDivConfig                0x08006043   Thumb Code    28  stm32f4xx_rcc.o(.text)
    RCC_SAIBlockACLKConfig                   0x0800605f   Thumb Code    20  stm32f4xx_rcc.o(.text)
    RCC_SAIBlockBCLKConfig                   0x08006073   Thumb Code    20  stm32f4xx_rcc.o(.text)
    RCC_LTDCCLKDivConfig                     0x08006087   Thumb Code    20  stm32f4xx_rcc.o(.text)
    RCC_TIMCLKPresConfig                     0x0800609b   Thumb Code     6  stm32f4xx_rcc.o(.text)
    RCC_AHB1PeriphClockCmd                   0x080060a1   Thumb Code    34  stm32f4xx_rcc.o(.text)
    RCC_AHB2PeriphClockCmd                   0x080060c3   Thumb Code    78  stm32f4xx_rcc.o(.text)
    RCC_AHB3PeriphClockCmd                   0x08006111   Thumb Code    34  stm32f4xx_rcc.o(.text)
    RCC_APB1PeriphClockCmd                   0x08006133   Thumb Code    34  stm32f4xx_rcc.o(.text)
    RCC_APB2PeriphClockCmd                   0x08006155   Thumb Code    34  stm32f4xx_rcc.o(.text)
    RCC_AHB1PeriphResetCmd                   0x08006177   Thumb Code    34  stm32f4xx_rcc.o(.text)
    RCC_AHB2PeriphResetCmd                   0x08006199   Thumb Code    34  stm32f4xx_rcc.o(.text)
    RCC_AHB3PeriphResetCmd                   0x080061bb   Thumb Code    34  stm32f4xx_rcc.o(.text)
    RCC_APB1PeriphResetCmd                   0x080061dd   Thumb Code    34  stm32f4xx_rcc.o(.text)
    RCC_APB2PeriphResetCmd                   0x080061ff   Thumb Code    34  stm32f4xx_rcc.o(.text)
    RCC_AHB1PeriphClockLPModeCmd             0x08006221   Thumb Code    34  stm32f4xx_rcc.o(.text)
    RCC_AHB2PeriphClockLPModeCmd             0x08006243   Thumb Code    34  stm32f4xx_rcc.o(.text)
    RCC_AHB3PeriphClockLPModeCmd             0x08006265   Thumb Code    34  stm32f4xx_rcc.o(.text)
    RCC_APB1PeriphClockLPModeCmd             0x08006287   Thumb Code    34  stm32f4xx_rcc.o(.text)
    RCC_APB2PeriphClockLPModeCmd             0x080062a9   Thumb Code    34  stm32f4xx_rcc.o(.text)
    RCC_LSEModeConfig                        0x080062cb   Thumb Code    40  stm32f4xx_rcc.o(.text)
    RCC_ITConfig                             0x080062f3   Thumb Code    34  stm32f4xx_rcc.o(.text)
    RCC_ClearFlag                            0x08006315   Thumb Code    18  stm32f4xx_rcc.o(.text)
    RCC_GetITStatus                          0x08006327   Thumb Code    22  stm32f4xx_rcc.o(.text)
    RCC_ClearITPendingBit                    0x0800633d   Thumb Code     8  stm32f4xx_rcc.o(.text)
    SDIO_DeInit                              0x08006349   Thumb Code    22  stm32f4xx_sdio.o(.text)
    SDIO_Init                                0x0800635f   Thumb Code    42  stm32f4xx_sdio.o(.text)
    SDIO_StructInit                          0x08006389   Thumb Code    16  stm32f4xx_sdio.o(.text)
    SDIO_ClockCmd                            0x08006399   Thumb Code     6  stm32f4xx_sdio.o(.text)
    SDIO_SetPowerState                       0x0800639f   Thumb Code     8  stm32f4xx_sdio.o(.text)
    SDIO_GetPowerState                       0x080063a7   Thumb Code    12  stm32f4xx_sdio.o(.text)
    SDIO_SendCommand                         0x080063b3   Thumb Code    42  stm32f4xx_sdio.o(.text)
    SDIO_CmdStructInit                       0x080063dd   Thumb Code    14  stm32f4xx_sdio.o(.text)
    SDIO_GetCommandResponse                  0x080063eb   Thumb Code    10  stm32f4xx_sdio.o(.text)
    SDIO_GetResponse                         0x080063f5   Thumb Code    22  stm32f4xx_sdio.o(.text)
    SDIO_DataConfig                          0x0800640b   Thumb Code    48  stm32f4xx_sdio.o(.text)
    SDIO_DataStructInit                      0x0800643b   Thumb Code    20  stm32f4xx_sdio.o(.text)
    SDIO_GetDataCounter                      0x0800644f   Thumb Code     8  stm32f4xx_sdio.o(.text)
    SDIO_ReadData                            0x08006457   Thumb Code     8  stm32f4xx_sdio.o(.text)
    SDIO_WriteData                           0x0800645f   Thumb Code     8  stm32f4xx_sdio.o(.text)
    SDIO_GetFIFOCount                        0x08006467   Thumb Code     8  stm32f4xx_sdio.o(.text)
    SDIO_StartSDIOReadWait                   0x0800646f   Thumb Code     6  stm32f4xx_sdio.o(.text)
    SDIO_StopSDIOReadWait                    0x08006475   Thumb Code     8  stm32f4xx_sdio.o(.text)
    SDIO_SetSDIOReadWaitMode                 0x0800647d   Thumb Code     8  stm32f4xx_sdio.o(.text)
    SDIO_SetSDIOOperation                    0x08006485   Thumb Code     8  stm32f4xx_sdio.o(.text)
    SDIO_SendSDIOSuspendCmd                  0x0800648d   Thumb Code     6  stm32f4xx_sdio.o(.text)
    SDIO_CommandCompletionCmd                0x08006493   Thumb Code     8  stm32f4xx_sdio.o(.text)
    SDIO_CEATAITCmd                          0x0800649b   Thumb Code    12  stm32f4xx_sdio.o(.text)
    SDIO_SendCEATACmd                        0x080064a7   Thumb Code     8  stm32f4xx_sdio.o(.text)
    SDIO_DMACmd                              0x080064af   Thumb Code     8  stm32f4xx_sdio.o(.text)
    SDIO_ITConfig                            0x080064b7   Thumb Code    34  stm32f4xx_sdio.o(.text)
    SDIO_GetFlagStatus                       0x080064d9   Thumb Code    22  stm32f4xx_sdio.o(.text)
    SDIO_ClearFlag                           0x080064ef   Thumb Code     8  stm32f4xx_sdio.o(.text)
    SDIO_GetITStatus                         0x080064f7   Thumb Code    22  stm32f4xx_sdio.o(.text)
    SDIO_ClearITPendingBit                   0x0800650d   Thumb Code     8  stm32f4xx_sdio.o(.text)
    USART_DeInit                             0x08006525   Thumb Code   206  stm32f4xx_usart.o(.text)
    USART_Init                               0x080065f3   Thumb Code   204  stm32f4xx_usart.o(.text)
    USART_StructInit                         0x080066bf   Thumb Code    24  stm32f4xx_usart.o(.text)
    USART_ClockInit                          0x080066d7   Thumb Code    32  stm32f4xx_usart.o(.text)
    USART_ClockStructInit                    0x080066f7   Thumb Code    12  stm32f4xx_usart.o(.text)
    USART_Cmd                                0x08006703   Thumb Code    24  stm32f4xx_usart.o(.text)
    USART_SetPrescaler                       0x0800671b   Thumb Code    16  stm32f4xx_usart.o(.text)
    USART_OverSampling8Cmd                   0x0800672b   Thumb Code    22  stm32f4xx_usart.o(.text)
    USART_OneBitMethodCmd                    0x08006741   Thumb Code    24  stm32f4xx_usart.o(.text)
    USART_SendData                           0x08006759   Thumb Code     8  stm32f4xx_usart.o(.text)
    USART_ReceiveData                        0x08006761   Thumb Code    10  stm32f4xx_usart.o(.text)
    USART_SetAddress                         0x0800676b   Thumb Code    18  stm32f4xx_usart.o(.text)
    USART_ReceiverWakeUpCmd                  0x0800677d   Thumb Code    24  stm32f4xx_usart.o(.text)
    USART_WakeUpConfig                       0x08006795   Thumb Code    18  stm32f4xx_usart.o(.text)
    USART_LINBreakDetectLengthConfig         0x080067a7   Thumb Code    18  stm32f4xx_usart.o(.text)
    USART_LINCmd                             0x080067b9   Thumb Code    24  stm32f4xx_usart.o(.text)
    USART_SendBreak                          0x080067d1   Thumb Code    10  stm32f4xx_usart.o(.text)
    USART_HalfDuplexCmd                      0x080067db   Thumb Code    24  stm32f4xx_usart.o(.text)
    USART_SetGuardTime                       0x080067f3   Thumb Code    16  stm32f4xx_usart.o(.text)
    USART_SmartCardCmd                       0x08006803   Thumb Code    24  stm32f4xx_usart.o(.text)
    USART_SmartCardNACKCmd                   0x0800681b   Thumb Code    24  stm32f4xx_usart.o(.text)
    USART_IrDAConfig                         0x08006833   Thumb Code    18  stm32f4xx_usart.o(.text)
    USART_IrDACmd                            0x08006845   Thumb Code    24  stm32f4xx_usart.o(.text)
    USART_DMACmd                             0x0800685d   Thumb Code    18  stm32f4xx_usart.o(.text)
    USART_ITConfig                           0x0800686f   Thumb Code    74  stm32f4xx_usart.o(.text)
    USART_GetFlagStatus                      0x080068b9   Thumb Code    26  stm32f4xx_usart.o(.text)
    USART_ClearFlag                          0x080068d3   Thumb Code    18  stm32f4xx_usart.o(.text)
    USART_GetITStatus                        0x080068e5   Thumb Code   118  stm32f4xx_usart.o(.text)
    USART_ClearITPendingBit                  0x0800695b   Thumb Code    30  stm32f4xx_usart.o(.text)
    SPI_I2S_DeInit                           0x08006979   Thumb Code   152  stm32f4xx_spi.o(.text)
    SPI_Init                                 0x08006a11   Thumb Code    60  stm32f4xx_spi.o(.text)
    I2S_Init                                 0x08006a4d   Thumb Code   396  stm32f4xx_spi.o(.text)
    SPI_StructInit                           0x08006bd9   Thumb Code    24  stm32f4xx_spi.o(.text)
    I2S_StructInit                           0x08006bf1   Thumb Code    20  stm32f4xx_spi.o(.text)
    SPI_Cmd                                  0x08006c05   Thumb Code    24  stm32f4xx_spi.o(.text)
    I2S_Cmd                                  0x08006c1d   Thumb Code    24  stm32f4xx_spi.o(.text)
    SPI_DataSizeConfig                       0x08006c35   Thumb Code    18  stm32f4xx_spi.o(.text)
    SPI_BiDirectionalLineConfig              0x08006c47   Thumb Code    28  stm32f4xx_spi.o(.text)
    SPI_NSSInternalSoftwareConfig            0x08006c63   Thumb Code    30  stm32f4xx_spi.o(.text)
    SPI_SSOutputCmd                          0x08006c81   Thumb Code    24  stm32f4xx_spi.o(.text)
    SPI_TIModeCmd                            0x08006c99   Thumb Code    24  stm32f4xx_spi.o(.text)
    I2S_FullDuplexConfig                     0x08006cb1   Thumb Code    80  stm32f4xx_spi.o(.text)
    SPI_I2S_ReceiveData                      0x08006d01   Thumb Code     6  stm32f4xx_spi.o(.text)
    SPI_I2S_SendData                         0x08006d07   Thumb Code     4  stm32f4xx_spi.o(.text)
    SPI_CalculateCRC                         0x08006d0b   Thumb Code    24  stm32f4xx_spi.o(.text)
    SPI_TransmitCRC                          0x08006d23   Thumb Code    10  stm32f4xx_spi.o(.text)
    SPI_GetCRC                               0x08006d2d   Thumb Code    16  stm32f4xx_spi.o(.text)
    SPI_GetCRCPolynomial                     0x08006d3d   Thumb Code     6  stm32f4xx_spi.o(.text)
    SPI_I2S_DMACmd                           0x08006d43   Thumb Code    18  stm32f4xx_spi.o(.text)
    SPI_I2S_ITConfig                         0x08006d55   Thumb Code    68  stm32f4xx_spi.o(.text)
    SPI_I2S_GetFlagStatus                    0x08006d99   Thumb Code    18  stm32f4xx_spi.o(.text)
    SPI_I2S_ClearFlag                        0x08006dab   Thumb Code     6  stm32f4xx_spi.o(.text)
    SPI_I2S_GetITStatus                      0x08006db1   Thumb Code    52  stm32f4xx_spi.o(.text)
    SPI_I2S_ClearITPendingBit                0x08006de5   Thumb Code    20  stm32f4xx_spi.o(.text)
    TIM_DeInit                               0x08006df9   Thumb Code   346  stm32f4xx_tim.o(.text)
    TIM_TimeBaseInit                         0x08006f53   Thumb Code   104  stm32f4xx_tim.o(.text)
    TIM_TimeBaseStructInit                   0x08006fbb   Thumb Code    18  stm32f4xx_tim.o(.text)
    TIM_PrescalerConfig                      0x08006fcd   Thumb Code     6  stm32f4xx_tim.o(.text)
    TIM_CounterModeConfig                    0x08006fd3   Thumb Code    18  stm32f4xx_tim.o(.text)
    TIM_SetCounter                           0x08006fe5   Thumb Code     4  stm32f4xx_tim.o(.text)
    TIM_SetAutoreload                        0x08006fe9   Thumb Code     4  stm32f4xx_tim.o(.text)
    TIM_GetCounter                           0x08006fed   Thumb Code     6  stm32f4xx_tim.o(.text)
    TIM_GetPrescaler                         0x08006ff3   Thumb Code     6  stm32f4xx_tim.o(.text)
    TIM_UpdateDisableConfig                  0x08006ff9   Thumb Code    24  stm32f4xx_tim.o(.text)
    TIM_UpdateRequestConfig                  0x08007011   Thumb Code    24  stm32f4xx_tim.o(.text)
    TIM_ARRPreloadConfig                     0x08007029   Thumb Code    24  stm32f4xx_tim.o(.text)
    TIM_SelectOnePulseMode                   0x08007041   Thumb Code    18  stm32f4xx_tim.o(.text)
    TIM_SetClockDivision                     0x08007053   Thumb Code    18  stm32f4xx_tim.o(.text)
    TIM_Cmd                                  0x08007065   Thumb Code    24  stm32f4xx_tim.o(.text)
    TIM_OC1Init                              0x0800707d   Thumb Code   114  stm32f4xx_tim.o(.text)
    TIM_OC2Init                              0x080070ef   Thumb Code   154  stm32f4xx_tim.o(.text)
    TIM_OC3Init                              0x08007189   Thumb Code   204  stm32f4xx_tim.o(.text)
    TIM_OC4Init                              0x08007255   Thumb Code   112  stm32f4xx_tim.o(.text)
    TIM_OCStructInit                         0x080072c5   Thumb Code    20  stm32f4xx_tim.o(.text)
    TIM_SelectOCxM                           0x080072d9   Thumb Code    86  stm32f4xx_tim.o(.text)
    TIM_SetCompare1                          0x0800732f   Thumb Code     4  stm32f4xx_tim.o(.text)
    TIM_SetCompare2                          0x08007333   Thumb Code     4  stm32f4xx_tim.o(.text)
    TIM_SetCompare3                          0x08007337   Thumb Code     4  stm32f4xx_tim.o(.text)
    TIM_SetCompare4                          0x0800733b   Thumb Code     4  stm32f4xx_tim.o(.text)
    TIM_ForcedOC1Config                      0x0800733f   Thumb Code    18  stm32f4xx_tim.o(.text)
    TIM_ForcedOC2Config                      0x08007351   Thumb Code    26  stm32f4xx_tim.o(.text)
    TIM_ForcedOC3Config                      0x0800736b   Thumb Code    18  stm32f4xx_tim.o(.text)
    TIM_ForcedOC4Config                      0x0800737d   Thumb Code    26  stm32f4xx_tim.o(.text)
    TIM_OC1PreloadConfig                     0x08007397   Thumb Code    18  stm32f4xx_tim.o(.text)
    TIM_OC2PreloadConfig                     0x080073a9   Thumb Code    26  stm32f4xx_tim.o(.text)
    TIM_OC3PreloadConfig                     0x080073c3   Thumb Code    18  stm32f4xx_tim.o(.text)
    TIM_OC4PreloadConfig                     0x080073d5   Thumb Code    26  stm32f4xx_tim.o(.text)
    TIM_OC1FastConfig                        0x080073ef   Thumb Code    18  stm32f4xx_tim.o(.text)
    TIM_OC2FastConfig                        0x08007401   Thumb Code    26  stm32f4xx_tim.o(.text)
    TIM_OC3FastConfig                        0x0800741b   Thumb Code    18  stm32f4xx_tim.o(.text)
    TIM_OC4FastConfig                        0x0800742d   Thumb Code    26  stm32f4xx_tim.o(.text)
    TIM_ClearOC1Ref                          0x08007447   Thumb Code    18  stm32f4xx_tim.o(.text)
    TIM_ClearOC2Ref                          0x08007459   Thumb Code    24  stm32f4xx_tim.o(.text)
    TIM_ClearOC3Ref                          0x08007471   Thumb Code    18  stm32f4xx_tim.o(.text)
    TIM_ClearOC4Ref                          0x08007483   Thumb Code    24  stm32f4xx_tim.o(.text)
    TIM_OC1PolarityConfig                    0x0800749b   Thumb Code    18  stm32f4xx_tim.o(.text)
    TIM_OC1NPolarityConfig                   0x080074ad   Thumb Code    18  stm32f4xx_tim.o(.text)
    TIM_OC2PolarityConfig                    0x080074bf   Thumb Code    26  stm32f4xx_tim.o(.text)
    TIM_OC2NPolarityConfig                   0x080074d9   Thumb Code    26  stm32f4xx_tim.o(.text)
    TIM_OC3PolarityConfig                    0x080074f3   Thumb Code    26  stm32f4xx_tim.o(.text)
    TIM_OC3NPolarityConfig                   0x0800750d   Thumb Code    26  stm32f4xx_tim.o(.text)
    TIM_OC4PolarityConfig                    0x08007527   Thumb Code    26  stm32f4xx_tim.o(.text)
    TIM_CCxCmd                               0x08007541   Thumb Code    30  stm32f4xx_tim.o(.text)
    TIM_CCxNCmd                              0x0800755f   Thumb Code    30  stm32f4xx_tim.o(.text)
    TIM_SetIC4Prescaler                      0x0800757d   Thumb Code    26  stm32f4xx_tim.o(.text)
    TIM_SetIC3Prescaler                      0x080075e7   Thumb Code    18  stm32f4xx_tim.o(.text)
    TIM_SetIC2Prescaler                      0x08007641   Thumb Code    26  stm32f4xx_tim.o(.text)
    TIM_SetIC1Prescaler                      0x080076b5   Thumb Code    18  stm32f4xx_tim.o(.text)
    TIM_ICInit                               0x08007701   Thumb Code   110  stm32f4xx_tim.o(.text)
    TIM_ICStructInit                         0x0800776f   Thumb Code    18  stm32f4xx_tim.o(.text)
    TIM_PWMIConfig                           0x08007781   Thumb Code   124  stm32f4xx_tim.o(.text)
    TIM_GetCapture1                          0x080077fd   Thumb Code     6  stm32f4xx_tim.o(.text)
    TIM_GetCapture2                          0x08007803   Thumb Code     6  stm32f4xx_tim.o(.text)
    TIM_GetCapture3                          0x08007809   Thumb Code     6  stm32f4xx_tim.o(.text)
    TIM_GetCapture4                          0x0800780f   Thumb Code     6  stm32f4xx_tim.o(.text)
    TIM_BDTRConfig                           0x08007815   Thumb Code    32  stm32f4xx_tim.o(.text)
    TIM_BDTRStructInit                       0x08007835   Thumb Code    18  stm32f4xx_tim.o(.text)
    TIM_CtrlPWMOutputs                       0x08007847   Thumb Code    30  stm32f4xx_tim.o(.text)
    TIM_SelectCOM                            0x08007865   Thumb Code    24  stm32f4xx_tim.o(.text)
    TIM_CCPreloadControl                     0x0800787d   Thumb Code    24  stm32f4xx_tim.o(.text)
    TIM_ITConfig                             0x08007895   Thumb Code    18  stm32f4xx_tim.o(.text)
    TIM_GenerateEvent                        0x080078a7   Thumb Code     4  stm32f4xx_tim.o(.text)
    TIM_GetFlagStatus                        0x080078ab   Thumb Code    18  stm32f4xx_tim.o(.text)
    TIM_ClearFlag                            0x080078bd   Thumb Code     6  stm32f4xx_tim.o(.text)
    TIM_GetITStatus                          0x080078c3   Thumb Code    34  stm32f4xx_tim.o(.text)
    TIM_ClearITPendingBit                    0x080078e5   Thumb Code     6  stm32f4xx_tim.o(.text)
    TIM_DMAConfig                            0x080078eb   Thumb Code    10  stm32f4xx_tim.o(.text)
    TIM_DMACmd                               0x080078f5   Thumb Code    18  stm32f4xx_tim.o(.text)
    TIM_SelectCCDMA                          0x08007907   Thumb Code    24  stm32f4xx_tim.o(.text)
    TIM_InternalClockConfig                  0x0800791f   Thumb Code    12  stm32f4xx_tim.o(.text)
    TIM_SelectInputTrigger                   0x0800792b   Thumb Code    18  stm32f4xx_tim.o(.text)
    TIM_ITRxExternalClockConfig              0x0800793d   Thumb Code    24  stm32f4xx_tim.o(.text)
    TIM_TIxExternalClockConfig               0x08007955   Thumb Code    62  stm32f4xx_tim.o(.text)
    TIM_ETRConfig                            0x08007993   Thumb Code    28  stm32f4xx_tim.o(.text)
    TIM_ETRClockMode1Config                  0x080079af   Thumb Code    54  stm32f4xx_tim.o(.text)
    TIM_ETRClockMode2Config                  0x080079e5   Thumb Code    32  stm32f4xx_tim.o(.text)
    TIM_SelectOutputTrigger                  0x08007a05   Thumb Code    18  stm32f4xx_tim.o(.text)
    TIM_SelectSlaveMode                      0x08007a17   Thumb Code    18  stm32f4xx_tim.o(.text)
    TIM_SelectMasterSlaveMode                0x08007a29   Thumb Code    18  stm32f4xx_tim.o(.text)
    TIM_EncoderInterfaceConfig               0x08007a3b   Thumb Code    66  stm32f4xx_tim.o(.text)
    TIM_SelectHallSensor                     0x08007a7d   Thumb Code    24  stm32f4xx_tim.o(.text)
    TIM_RemapConfig                          0x08007a95   Thumb Code     6  stm32f4xx_tim.o(.text)
    mymemcpy                                 0x08007a9d   Thumb Code    26  malloc.o(.text)
    mymemset                                 0x08007ab7   Thumb Code    20  malloc.o(.text)
    my_mem_init                              0x08007acb   Thumb Code    54  malloc.o(.text)
    my_mem_perused                           0x08007b01   Thumb Code    54  malloc.o(.text)
    my_mem_malloc                            0x08007b37   Thumb Code   154  malloc.o(.text)
    my_mem_free                              0x08007bd1   Thumb Code    94  malloc.o(.text)
    myfree                                   0x08007c2f   Thumb Code    32  malloc.o(.text)
    mymalloc                                 0x08007c4f   Thumb Code    36  malloc.o(.text)
    myrealloc                                0x08007c73   Thumb Code    68  malloc.o(.text)
    usmart_sys_cmd_exe                       0x08007cc9   Thumb Code  1602  usmart.o(.text)
    usmart_reset_runtime                     0x0800830b   Thumb Code    38  usmart.o(.text)
    usmart_get_runtime                       0x08008331   Thumb Code    60  usmart.o(.text)
    TIM4_IRQHandler                          0x0800836d   Thumb Code    46  usmart.o(.text)
    Timer4_Init                              0x0800839b   Thumb Code    86  usmart.o(.text)
    usmart_init                              0x080083f1   Thumb Code    36  usmart.o(.text)
    usmart_cmd_rec                           0x08008415   Thumb Code   170  usmart.o(.text)
    usmart_exe                               0x080084bf   Thumb Code   796  usmart.o(.text)
    usmart_scan                              0x080087db   Thumb Code   120  usmart.o(.text)
    read_addr                                0x08008853   Thumb Code     6  usmart.o(.text)
    write_addr                               0x08008859   Thumb Code     4  usmart.o(.text)
    usmart_strcmp                            0x080088d5   Thumb Code    34  usmart_str.o(.text)
    usmart_strcopy                           0x080088f7   Thumb Code    22  usmart_str.o(.text)
    usmart_strlen                            0x0800890d   Thumb Code    24  usmart_str.o(.text)
    usmart_pow                               0x08008925   Thumb Code    22  usmart_str.o(.text)
    usmart_str2num                           0x0800893b   Thumb Code   202  usmart_str.o(.text)
    usmart_get_cmdname                       0x08008a05   Thumb Code    54  usmart_str.o(.text)
    usmart_search_nextc                      0x08008a3b   Thumb Code    22  usmart_str.o(.text)
    usmart_get_fname                         0x08008a51   Thumb Code   440  usmart_str.o(.text)
    usmart_get_aparm                         0x08008c09   Thumb Code   200  usmart_str.o(.text)
    usmart_get_parmpos                       0x08008cd1   Thumb Code    26  usmart_str.o(.text)
    usmart_get_fparam                        0x08008ceb   Thumb Code   262  usmart_str.o(.text)
    disk_initialize                          0x08008dfd   Thumb Code    52  diskio.o(.text)
    disk_status                              0x08008e31   Thumb Code     6  diskio.o(.text)
    disk_read                                0x08008e37   Thumb Code    98  diskio.o(.text)
    disk_write                               0x08008e99   Thumb Code    98  diskio.o(.text)
    disk_ioctl                               0x08008efb   Thumb Code   170  diskio.o(.text)
    get_fattime                              0x08008fa5   Thumb Code     4  diskio.o(.text)
    ff_memalloc                              0x08008fa9   Thumb Code    14  diskio.o(.text)
    ff_memfree                               0x08008fb7   Thumb Code    14  diskio.o(.text)
    clust2sect                               0x0800917b   Thumb Code    26  ff.o(.text)
    get_fat                                  0x08009195   Thumb Code   232  ff.o(.text)
    put_fat                                  0x0800927d   Thumb Code   310  ff.o(.text)
    dir_sdi                                  0x08009527   Thumb Code   158  ff.o(.text)
    f_mount                                  0x0800a58f   Thumb Code    86  ff.o(.text)
    f_open                                   0x0800a5e5   Thumb Code   384  ff.o(.text)
    f_read                                   0x0800a765   Thumb Code   450  ff.o(.text)
    f_write                                  0x0800a927   Thumb Code   498  ff.o(.text)
    f_sync                                   0x0800ab19   Thumb Code   176  ff.o(.text)
    f_close                                  0x0800abc9   Thumb Code    32  ff.o(.text)
    f_lseek                                  0x0800abe9   Thumb Code   654  ff.o(.text)
    f_opendir                                0x0800ae77   Thumb Code   136  ff.o(.text)
    f_closedir                               0x0800aeff   Thumb Code    22  ff.o(.text)
    f_readdir                                0x0800af15   Thumb Code   114  ff.o(.text)
    f_stat                                   0x0800af87   Thumb Code    84  ff.o(.text)
    f_getfree                                0x0800afdb   Thumb Code   258  ff.o(.text)
    f_truncate                               0x0800b0dd   Thumb Code   184  ff.o(.text)
    f_unlink                                 0x0800b195   Thumb Code   194  ff.o(.text)
    f_mkdir                                  0x0800b257   Thumb Code   380  ff.o(.text)
    f_chmod                                  0x0800b3d3   Thumb Code   112  ff.o(.text)
    f_utime                                  0x0800b443   Thumb Code   110  ff.o(.text)
    f_rename                                 0x0800b4b1   Thumb Code   314  ff.o(.text)
    f_getlabel                               0x0800b5eb   Thumb Code   190  ff.o(.text)
    f_setlabel                               0x0800b6a9   Thumb Code   470  ff.o(.text)
    f_mkfs                                   0x0800b87f   Thumb Code  1570  ff.o(.text)
    f_gets                                   0x0800bea1   Thumb Code    82  ff.o(.text)
    f_putc                                   0x0800bf37   Thumb Code    64  ff.o(.text)
    f_puts                                   0x0800bf77   Thumb Code    74  ff.o(.text)
    f_printf                                 0x0800bfc1   Thumb Code   674  ff.o(.text)
    exfuns_init                              0x0800c265   Thumb Code   110  exfuns.o(.text)
    char_upper                               0x0800c2d3   Thumb Code    26  exfuns.o(.text)
    f_typetell                               0x0800c2ed   Thumb Code   188  exfuns.o(.text)
    exf_getfree                              0x0800c3a9   Thumb Code    74  exfuns.o(.text)
    mf_mount                                 0x0800c409   Thumb Code    20  fattester.o(.text)
    mf_open                                  0x0800c41d   Thumb Code    24  fattester.o(.text)
    mf_close                                 0x0800c435   Thumb Code    14  fattester.o(.text)
    mf_read                                  0x0800c443   Thumb Code   224  fattester.o(.text)
    mf_write                                 0x0800c523   Thumb Code    68  fattester.o(.text)
    mf_opendir                               0x0800c567   Thumb Code    14  fattester.o(.text)
    mf_closedir                              0x0800c575   Thumb Code    10  fattester.o(.text)
    mf_readdir                               0x0800c57f   Thumb Code   204  fattester.o(.text)
    mf_scan_files                            0x0800c64b   Thumb Code   120  fattester.o(.text)
    mf_showfree                              0x0800c6c3   Thumb Code    88  fattester.o(.text)
    mf_lseek                                 0x0800c71b   Thumb Code    16  fattester.o(.text)
    mf_tell                                  0x0800c72b   Thumb Code     8  fattester.o(.text)
    mf_size                                  0x0800c733   Thumb Code     8  fattester.o(.text)
    mf_mkdir                                 0x0800c73b   Thumb Code    12  fattester.o(.text)
    mf_fmkfs                                 0x0800c747   Thumb Code    20  fattester.o(.text)
    mf_unlink                                0x0800c75b   Thumb Code    12  fattester.o(.text)
    mf_rename                                0x0800c767   Thumb Code    16  fattester.o(.text)
    mf_getlabel                              0x0800c777   Thumb Code    58  fattester.o(.text)
    mf_setlabel                              0x0800c7b1   Thumb Code    34  fattester.o(.text)
    mf_gets                                  0x0800c7d3   Thumb Code   698  fattester.o(.text)
    mf_putc                                  0x0800ca8d   Thumb Code    18  fattester.o(.text)
    mf_puts                                  0x0800ca9f   Thumb Code    18  fattester.o(.text)
    ff_convert                               0x0800cad1   Thumb Code   146  mycc936.o(.text)
    ff_wtoupper                              0x0800cb63   Thumb Code    46  mycc936.o(.text)
    Get_HzMat                                0x0800cb9d   Thumb Code   220  text.o(.text)
    Show_Font                                0x0800cc79   Thumb Code   190  text.o(.text)
    Show_Str                                 0x0800cd37   Thumb Code   192  text.o(.text)
    Show_Str_Mid                             0x0800cdf7   Thumb Code   106  text.o(.text)
    stdbmp_decode                            0x0800ce71   Thumb Code   712  bmp.o(.text)
    minibmp_decode                           0x0800d139   Thumb Code   932  bmp.o(.text)
    bmp_encode                               0x0800d4dd   Thumb Code   486  bmp.o(.text)
    gif_check_head                           0x0800d6d1   Thumb Code    88  gif.o(.text)
    gif_getrgb565                            0x0800d729   Thumb Code    28  gif.o(.text)
    gif_readcolortbl                         0x0800d745   Thumb Code    64  gif.o(.text)
    gif_getinfo                              0x0800d785   Thumb Code    70  gif.o(.text)
    gif_savegctbl                            0x0800d7cb   Thumb Code    38  gif.o(.text)
    gif_recovergctbl                         0x0800d7f1   Thumb Code    38  gif.o(.text)
    gif_initlzw                              0x0800d817   Thumb Code   152  gif.o(.text)
    gif_getdatablock                         0x0800d8af   Thumb Code    96  gif.o(.text)
    gif_readextension                        0x0800d90f   Thumb Code   160  gif.o(.text)
    gif_getnextcode                          0x0800d9af   Thumb Code   452  gif.o(.text)
    gif_getnextbyte                          0x0800db73   Thumb Code   856  gif.o(.text)
    gif_dispimage                            0x0800decb   Thumb Code   544  gif.o(.text)
    gif_clear2bkcolor                        0x0800e0eb   Thumb Code   496  gif.o(.text)
    gif_drawimage                            0x0800e2db   Thumb Code   352  gif.o(.text)
    gif_quit                                 0x0800e43b   Thumb Code     8  gif.o(.text)
    gif_decode                               0x0800e443   Thumb Code   296  gif.o(.text)
    piclib_draw_hline                        0x0800e571   Thumb Code    52  piclib.o(.text)
    piclib_fill_color                        0x0800e5a5   Thumb Code    44  piclib.o(.text)
    piclib_init                              0x0800e5d1   Thumb Code    62  piclib.o(.text)
    piclib_alpha_blend                       0x0800e60f   Thumb Code    42  piclib.o(.text)
    ai_draw_init                             0x0800e639   Thumb Code   216  piclib.o(.text)
    is_element_ok                            0x0800e711   Thumb Code    36  piclib.o(.text)
    ai_load_picfile                          0x0800e735   Thumb Code   194  piclib.o(.text)
    pic_memalloc                             0x0800e7f7   Thumb Code    14  piclib.o(.text)
    pic_memfree                              0x0800e805   Thumb Code    14  piclib.o(.text)
    jd_prepare                               0x0800f3d5   Thumb Code   924  tjpgd.o(.text)
    jd_decomp                                0x0800f771   Thumb Code   162  tjpgd.o(.text)
    jpeg_mallocall                           0x0800f813   Thumb Code    70  tjpgd.o(.text)
    jpeg_freeall                             0x0800f859   Thumb Code    28  tjpgd.o(.text)
    jpeg_in_func                             0x0800f875   Thumb Code    48  tjpgd.o(.text)
    jpeg_out_func_fill                       0x0800f8a5   Thumb Code    74  tjpgd.o(.text)
    jpeg_out_func_point                      0x0800f8ef   Thumb Code   182  tjpgd.o(.text)
    jpg_decode                               0x0800f9a5   Thumb Code   234  tjpgd.o(.text)
    __use_no_semihosting                     0x0800faa5   Thumb Code     2  use_no_semi_2.o(.text)
    __aeabi_ldivmod                          0x0800faa7   Thumb Code     0  llsdiv.o(.text)
    _ll_sdiv                                 0x0800faa7   Thumb Code    72  llsdiv.o(.text)
    __2printf                                0x0800faf1   Thumb Code    20  noretval__2printf.o(.text)
    _printf_pre_padding                      0x0800fb09   Thumb Code    44  _printf_pad.o(.text)
    _printf_post_padding                     0x0800fb35   Thumb Code    34  _printf_pad.o(.text)
    _printf_str                              0x0800fb57   Thumb Code    82  _printf_str.o(.text)
    _printf_int_dec                          0x0800fba9   Thumb Code   104  _printf_dec.o(.text)
    _printf_int_hex                          0x0800fc21   Thumb Code    84  _printf_hex_int.o(.text)
    _printf_longlong_hex                     0x0800fc21   Thumb Code     0  _printf_hex_int.o(.text)
    __printf                                 0x0800fc79   Thumb Code   388  __printf_flags_ss_wp.o(.text)
    strcpy                                   0x0800fe01   Thumb Code    72  strcpy.o(.text)
    strlen                                   0x0800fe49   Thumb Code    62  strlen.o(.text)
    strcat                                   0x0800fe87   Thumb Code    24  strcat.o(.text)
    __aeabi_memcpy                           0x0800fe9f   Thumb Code     0  rt_memcpy_v6.o(.text)
    __rt_memcpy                              0x0800fe9f   Thumb Code   138  rt_memcpy_v6.o(.text)
    _memcpy_lastbytes                        0x0800ff05   Thumb Code     0  rt_memcpy_v6.o(.text)
    strcmp                                   0x0800ff29   Thumb Code   128  strcmpv7m.o(.text)
    __use_two_region_memory                  0x0800ffa9   Thumb Code     2  heapauxi.o(.text)
    __rt_heap_escrow$2region                 0x0800ffab   Thumb Code     2  heapauxi.o(.text)
    __rt_heap_expand$2region                 0x0800ffad   Thumb Code     2  heapauxi.o(.text)
    __I$use$semihosting                      0x0800ffaf   Thumb Code     0  use_no_semi.o(.text)
    __use_no_semihosting_swi                 0x0800ffaf   Thumb Code     2  use_no_semi.o(.text)
    __aeabi_uldivmod                         0x0800ffb1   Thumb Code     0  lludivv7m.o(.text)
    _ll_udiv                                 0x0800ffb1   Thumb Code   238  lludivv7m.o(.text)
    _printf_int_common                       0x0801009f   Thumb Code   178  _printf_intcommon.o(.text)
    _printf_cs_common                        0x08010151   Thumb Code    20  _printf_char.o(.text)
    _printf_char                             0x08010165   Thumb Code    16  _printf_char.o(.text)
    _printf_string                           0x08010175   Thumb Code     8  _printf_char.o(.text)
    _printf_char_file                        0x0801017d   Thumb Code    32  _printf_char_file.o(.text)
    __aeabi_memcpy4                          0x080101a1   Thumb Code     0  rt_memcpy_w.o(.text)
    __aeabi_memcpy8                          0x080101a1   Thumb Code     0  rt_memcpy_w.o(.text)
    __rt_memcpy_w                            0x080101a1   Thumb Code   100  rt_memcpy_w.o(.text)
    _memcpy_lastbytes_aligned                0x080101e9   Thumb Code     0  rt_memcpy_w.o(.text)
    _printf_char_common                      0x0801020f   Thumb Code    32  _printf_char_common.o(.text)
    ferror                                   0x08010235   Thumb Code     8  ferror.o(.text)
    __user_setup_stackheap                   0x0801023d   Thumb Code    74  sys_stackheap_outer.o(.text)
    exit                                     0x08010287   Thumb Code    18  exit.o(.text)
    __user_libspace                          0x08010299   Thumb Code     8  libspace.o(.text)
    __user_perproc_libspace                  0x08010299   Thumb Code     0  libspace.o(.text)
    __user_perthread_libspace                0x08010299   Thumb Code     0  libspace.o(.text)
    _is_digit                                0x080102a1   Thumb Code    14  __printf_wp.o(i._is_digit)
    _fp_init                                 0x080102af   Thumb Code    10  fpinit.o(x$fpl$fpinit)
    __fplib_config_fpu_vfp                   0x080102b7   Thumb Code     0  fpinit.o(x$fpl$fpinit)
    __fplib_config_pureend_doubles           0x080102b7   Thumb Code     0  fpinit.o(x$fpl$fpinit)
    asc2_1206                                0x080102b8   Data        1140  lcd.o(.constdata)
    asc2_1608                                0x0801072c   Data        1520  lcd.o(.constdata)
    asc2_2412                                0x08010d1c   Data        3420  lcd.o(.constdata)
    FSMC_DefaultTimingStruct                 0x08011a78   Data          28  stm32f4xx_fsmc.o(.constdata)
    memtblsize                               0x08011a94   Data          12  malloc.o(.constdata)
    memblksize                               0x08011aa0   Data          12  malloc.o(.constdata)
    memsize                                  0x08011aac   Data          12  malloc.o(.constdata)
    _aMaskTbl                                0x08011eb2   Data          32  gif.o(.constdata)
    _aInterlaceOffset                        0x08011ed2   Data           4  gif.o(.constdata)
    _aInterlaceYPos                          0x08011ed6   Data           4  gif.o(.constdata)
    Region$$Table$$Base                      0x0801271c   Number         0  anon$$obj.o(Region$$Table)
    Region$$Table$$Limit                     0x0801273c   Number         0  anon$$obj.o(Region$$Table)
    mem3base                                 0x10000000   Data       61440  malloc.o(.ARM.__AT_0x10000000)
    mem3mapbase                              0x1000f000   Data        3840  malloc.o(.ARM.__AT_0x1000F000)
    SystemCoreClock                          0x20000000   Data           4  system_stm32f4xx.o(.data)
    AHBPrescTable                            0x20000004   Data          16  system_stm32f4xx.o(.data)
    POINT_COLOR                              0x20000014   Data           2  lcd.o(.data)
    BACK_COLOR                               0x20000016   Data           2  lcd.o(.data)
    W25QXX_TYPE                              0x2000001a   Data           2  w25qxx.o(.data)
    TransferError                            0x20000026   Data           1  sdio_sdcard.o(.data)
    TransferEnd                              0x20000027   Data           1  sdio_sdcard.o(.data)
    tempbuff                                 0x20000028   Data           4  sdio_sdcard.o(.data)
    __stdout                                 0x20000030   Data           4  usart.o(.data)
    USART_RX_STA                             0x20000034   Data           2  usart.o(.data)
    mallco_dev                               0x20000048   Data          36  malloc.o(.data)
    sys_cmd_tab                              0x2000006c   Data          28  usmart.o(.data)
    usmart_nametab                           0x20000088   Data         216  usmart_config.o(.data)
    usmart_dev                               0x20000160   Data         244  usmart_config.o(.data)
    FLASH_SECTOR_COUNT                       0x20000254   Data           2  diskio.o(.data)
    FILE_TYPE_TBL                            0x20000264   Data         312  exfuns.o(.data)
    fs                                       0x2000039c   Data           8  exfuns.o(.data)
    file                                     0x200003a4   Data           4  exfuns.o(.data)
    ftemp                                    0x200003a8   Data           4  exfuns.o(.data)
    br                                       0x200003ac   Data           4  exfuns.o(.data)
    bw                                       0x200003b0   Data           4  exfuns.o(.data)
    fatbuf                                   0x200003b4   Data           4  exfuns.o(.data)
    gifdecoding                              0x200003b8   Data           1  gif.o(.data)
    f_jpeg                                   0x200003bc   Data           4  tjpgd.o(.data)
    jpeg_dev                                 0x200003c0   Data           4  tjpgd.o(.data)
    jpg_buffer                               0x200003c4   Data           4  tjpgd.o(.data)
    lcddev                                   0x200003c8   Data          14  lcd.o(.bss)
    W25QXX_BUFFER                            0x200003d6   Data        4096  w25qxx.o(.bss)
    SDIO_InitStructure                       0x200013d8   Data          24  sdio_sdcard.o(.bss)
    SDIO_CmdInitStructure                    0x200013f0   Data          20  sdio_sdcard.o(.bss)
    SDIO_DataInitStructure                   0x20001404   Data          24  sdio_sdcard.o(.bss)
    SDCardInfo                               0x20001440   Data          88  sdio_sdcard.o(.bss)
    SDIO_DATA_BUFFER                         0x20001498   Data         512  sdio_sdcard.o(.bss)
    USART_RX_BUF                             0x20001698   Data         200  usart.o(.bss)
    mem1base                                 0x20001760   Data       102400  malloc.o(.bss)
    mem1mapbase                              0x2001a760   Data        6400  malloc.o(.bss)
    fileinfo                                 0x2001c060   Data          32  exfuns.o(.bss)
    dir                                      0x2001c080   Data          36  exfuns.o(.bss)
    ftinfo                                   0x2001c0a4   Data          33  fontupd.o(.bss)
    picinfo                                  0x2001c0c8   Data          40  piclib.o(.bss)
    pic_phy                                  0x2001c0f0   Data          20  piclib.o(.bss)
    __libspace_start                         0x2001c104   Data          96  libspace.o(.bss)
    __temporary_stack_top$libspace           0x2001c164   Data           0  libspace.o(.bss)
    mem2base                                 0x68000000   Data       983040  malloc.o(.ARM.__AT_0x68000000)
    mem2mapbase                              0x680f0000   Data       61440  malloc.o(.ARM.__AT_0x680F0000)



==============================================================================

Memory Map of the image

  Image Entry point : 0x08000189

  Load Region LR_IROM1 (Base: 0x08000000, Size: 0x00012b04, Max: 0x00100000, ABSOLUTE, COMPRESSED[0x000128a0])

    Execution Region ER_IROM1 (Base: 0x08000000, Size: 0x0001273c, Max: 0x00100000, ABSOLUTE)

    Base Addr    Size         Type   Attr      Idx    E Section Name        Object

    0x08000000   0x00000188   Data   RO          532    RESET               startup_stm32f40_41xxx.o
    0x08000188   0x00000008   Code   RO         1204  * !!!main             c_w.l(__main.o)
    0x08000190   0x00000034   Code   RO         1390    !!!scatter          c_w.l(__scatter.o)
    0x080001c4   0x0000005a   Code   RO         1388    !!dczerorl2         c_w.l(__dczerorl2.o)
    0x0800021e   0x00000002   PAD
    0x08000220   0x0000001c   Code   RO         1392    !!handler_zi        c_w.l(__scatter_zi.o)
    0x0800023c   0x00000000   Code   RO         1191    .ARM.Collect$$_printf_percent$$00000000  c_w.l(_printf_percent.o)
    0x0800023c   0x00000006   Code   RO         1189    .ARM.Collect$$_printf_percent$$00000009  c_w.l(_printf_d.o)
    0x08000242   0x00000006   Code   RO         1190    .ARM.Collect$$_printf_percent$$0000000A  c_w.l(_printf_u.o)
    0x08000248   0x00000006   Code   RO         1188    .ARM.Collect$$_printf_percent$$0000000C  c_w.l(_printf_x.o)
    0x0800024e   0x00000006   Code   RO         1186    .ARM.Collect$$_printf_percent$$00000013  c_w.l(_printf_c.o)
    0x08000254   0x00000006   Code   RO         1187    .ARM.Collect$$_printf_percent$$00000014  c_w.l(_printf_s.o)
    0x0800025a   0x00000004   Code   RO         1217    .ARM.Collect$$_printf_percent$$00000017  c_w.l(_printf_percent_end.o)
    0x0800025e   0x00000002   Code   RO         1258    .ARM.Collect$$libinit$$00000000  c_w.l(libinit.o)
    0x08000260   0x00000004   Code   RO         1268    .ARM.Collect$$libinit$$00000001  c_w.l(libinit2.o)
    0x08000264   0x00000000   Code   RO         1271    .ARM.Collect$$libinit$$00000004  c_w.l(libinit2.o)
    0x08000264   0x00000000   Code   RO         1274    .ARM.Collect$$libinit$$0000000A  c_w.l(libinit2.o)
    0x08000264   0x00000000   Code   RO         1276    .ARM.Collect$$libinit$$0000000C  c_w.l(libinit2.o)
    0x08000264   0x00000000   Code   RO         1278    .ARM.Collect$$libinit$$0000000E  c_w.l(libinit2.o)
    0x08000264   0x00000000   Code   RO         1281    .ARM.Collect$$libinit$$00000011  c_w.l(libinit2.o)
    0x08000264   0x00000000   Code   RO         1283    .ARM.Collect$$libinit$$00000013  c_w.l(libinit2.o)
    0x08000264   0x00000000   Code   RO         1285    .ARM.Collect$$libinit$$00000015  c_w.l(libinit2.o)
    0x08000264   0x00000000   Code   RO         1287    .ARM.Collect$$libinit$$00000017  c_w.l(libinit2.o)
    0x08000264   0x00000000   Code   RO         1289    .ARM.Collect$$libinit$$00000019  c_w.l(libinit2.o)
    0x08000264   0x00000000   Code   RO         1291    .ARM.Collect$$libinit$$0000001B  c_w.l(libinit2.o)
    0x08000264   0x00000000   Code   RO         1293    .ARM.Collect$$libinit$$0000001D  c_w.l(libinit2.o)
    0x08000264   0x00000000   Code   RO         1295    .ARM.Collect$$libinit$$0000001F  c_w.l(libinit2.o)
    0x08000264   0x00000000   Code   RO         1297    .ARM.Collect$$libinit$$00000021  c_w.l(libinit2.o)
    0x08000264   0x00000000   Code   RO         1299    .ARM.Collect$$libinit$$00000023  c_w.l(libinit2.o)
    0x08000264   0x00000000   Code   RO         1301    .ARM.Collect$$libinit$$00000025  c_w.l(libinit2.o)
    0x08000264   0x00000000   Code   RO         1305    .ARM.Collect$$libinit$$0000002C  c_w.l(libinit2.o)
    0x08000264   0x00000000   Code   RO         1307    .ARM.Collect$$libinit$$0000002E  c_w.l(libinit2.o)
    0x08000264   0x00000000   Code   RO         1309    .ARM.Collect$$libinit$$00000030  c_w.l(libinit2.o)
    0x08000264   0x00000000   Code   RO         1311    .ARM.Collect$$libinit$$00000032  c_w.l(libinit2.o)
    0x08000264   0x00000002   Code   RO         1312    .ARM.Collect$$libinit$$00000033  c_w.l(libinit2.o)
    0x08000266   0x00000002   Code   RO         1340    .ARM.Collect$$libshutdown$$00000000  c_w.l(libshutdown.o)
    0x08000268   0x00000000   Code   RO         1354    .ARM.Collect$$libshutdown$$00000002  c_w.l(libshutdown2.o)
    0x08000268   0x00000000   Code   RO         1356    .ARM.Collect$$libshutdown$$00000004  c_w.l(libshutdown2.o)
    0x08000268   0x00000000   Code   RO         1359    .ARM.Collect$$libshutdown$$00000007  c_w.l(libshutdown2.o)
    0x08000268   0x00000000   Code   RO         1362    .ARM.Collect$$libshutdown$$0000000A  c_w.l(libshutdown2.o)
    0x08000268   0x00000000   Code   RO         1364    .ARM.Collect$$libshutdown$$0000000C  c_w.l(libshutdown2.o)
    0x08000268   0x00000000   Code   RO         1367    .ARM.Collect$$libshutdown$$0000000F  c_w.l(libshutdown2.o)
    0x08000268   0x00000002   Code   RO         1368    .ARM.Collect$$libshutdown$$00000010  c_w.l(libshutdown2.o)
    0x0800026a   0x00000000   Code   RO         1208    .ARM.Collect$$rtentry$$00000000  c_w.l(__rtentry.o)
    0x0800026a   0x00000000   Code   RO         1221    .ARM.Collect$$rtentry$$00000002  c_w.l(__rtentry2.o)
    0x0800026a   0x00000006   Code   RO         1233    .ARM.Collect$$rtentry$$00000004  c_w.l(__rtentry4.o)
    0x08000270   0x00000000   Code   RO         1223    .ARM.Collect$$rtentry$$00000009  c_w.l(__rtentry2.o)
    0x08000270   0x00000004   Code   RO         1224    .ARM.Collect$$rtentry$$0000000A  c_w.l(__rtentry2.o)
    0x08000274   0x00000000   Code   RO         1226    .ARM.Collect$$rtentry$$0000000C  c_w.l(__rtentry2.o)
    0x08000274   0x00000008   Code   RO         1227    .ARM.Collect$$rtentry$$0000000D  c_w.l(__rtentry2.o)
    0x0800027c   0x00000002   Code   RO         1262    .ARM.Collect$$rtexit$$00000000  c_w.l(rtexit.o)
    0x0800027e   0x00000000   Code   RO         1314    .ARM.Collect$$rtexit$$00000002  c_w.l(rtexit2.o)
    0x0800027e   0x00000004   Code   RO         1315    .ARM.Collect$$rtexit$$00000003  c_w.l(rtexit2.o)
    0x08000282   0x00000006   Code   RO         1316    .ARM.Collect$$rtexit$$00000004  c_w.l(rtexit2.o)
    0x08000288   0x00000010   Code   RO          483    .emb_text           sys.o
    0x08000298   0x000004ec   Code   RO            3    .text               main.o
    0x08000784   0x0000001a   Code   RO          223    .text               stm32f4xx_it.o
    0x0800079e   0x00000002   PAD
    0x080007a0   0x00000210   Code   RO          272    .text               system_stm32f4xx.o
    0x080009b0   0x00000040   Code   RO          298    .text               led.o
    0x080009f0   0x000020ac   Code   RO          318    .text               lcd.o
    0x08002a9c   0x00000104   Code   RO          356    .text               key.o
    0x08002ba0   0x00000118   Code   RO          377    .text               spi.o
    0x08002cb8   0x00000388   Code   RO          400    .text               w25qxx.o
    0x08003040   0x00001d30   Code   RO          427    .text               sdio_sdcard.o
    0x08004d70   0x00000104   Code   RO          461    .text               delay.o
    0x08004e74   0x00000154   Code   RO          501    .text               usart.o
    0x08004fc8   0x00000040   Code   RO          533    .text               startup_stm32f40_41xxx.o
    0x08005008   0x000000e0   Code   RO          539    .text               misc.o
    0x080050e8   0x000003a8   Code   RO          559    .text               stm32f4xx_dma.o
    0x08005490   0x000005c8   Code   RO          579    .text               stm32f4xx_fsmc.o
    0x08005a58   0x00000294   Code   RO          602    .text               stm32f4xx_gpio.o
    0x08005cec   0x0000065c   Code   RO          622    .text               stm32f4xx_rcc.o
    0x08006348   0x000001dc   Code   RO          644    .text               stm32f4xx_sdio.o
    0x08006524   0x00000454   Code   RO          684    .text               stm32f4xx_usart.o
    0x08006978   0x00000480   Code   RO          704    .text               stm32f4xx_spi.o
    0x08006df8   0x00000ca2   Code   RO          724    .text               stm32f4xx_tim.o
    0x08007a9a   0x00000002   PAD
    0x08007a9c   0x0000022c   Code   RO          744    .text               malloc.o
    0x08007cc8   0x00000c0c   Code   RO          776    .text               usmart.o
    0x080088d4   0x00000528   Code   RO          824    .text               usmart_str.o
    0x08008dfc   0x000001d0   Code   RO          844    .text               diskio.o
    0x08008fcc   0x00003296   Code   RO          868    .text               ff.o
    0x0800c262   0x00000002   PAD
    0x0800c264   0x000001a4   Code   RO          891    .text               exfuns.o
    0x0800c408   0x000006c8   Code   RO          919    .text               fattester.o
    0x0800cad0   0x000000cc   Code   RO          943    .text               mycc936.o
    0x0800cb9c   0x000002d4   Code   RO          996    .text               text.o
    0x0800ce70   0x00000860   Code   RO         1016    .text               bmp.o
    0x0800d6d0   0x00000ea0   Code   RO         1036    .text               gif.o
    0x0800e570   0x000002c4   Code   RO         1063    .text               piclib.o
    0x0800e834   0x00001270   Code   RO         1089    .text               tjpgd.o
    0x0800faa4   0x00000002   Code   RO         1129    .text               c_w.l(use_no_semi_2.o)
    0x0800faa6   0x00000048   Code   RO         1131    .text               c_w.l(llsdiv.o)
    0x0800faee   0x00000002   PAD
    0x0800faf0   0x00000018   Code   RO         1135    .text               c_w.l(noretval__2printf.o)
    0x0800fb08   0x0000004e   Code   RO         1139    .text               c_w.l(_printf_pad.o)
    0x0800fb56   0x00000052   Code   RO         1141    .text               c_w.l(_printf_str.o)
    0x0800fba8   0x00000078   Code   RO         1143    .text               c_w.l(_printf_dec.o)
    0x0800fc20   0x00000058   Code   RO         1148    .text               c_w.l(_printf_hex_int.o)
    0x0800fc78   0x00000188   Code   RO         1183    .text               c_w.l(__printf_flags_ss_wp.o)
    0x0800fe00   0x00000048   Code   RO         1192    .text               c_w.l(strcpy.o)
    0x0800fe48   0x0000003e   Code   RO         1194    .text               c_w.l(strlen.o)
    0x0800fe86   0x00000018   Code   RO         1196    .text               c_w.l(strcat.o)
    0x0800fe9e   0x0000008a   Code   RO         1198    .text               c_w.l(rt_memcpy_v6.o)
    0x0800ff28   0x00000080   Code   RO         1200    .text               c_w.l(strcmpv7m.o)
    0x0800ffa8   0x00000006   Code   RO         1202    .text               c_w.l(heapauxi.o)
    0x0800ffae   0x00000002   Code   RO         1206    .text               c_w.l(use_no_semi.o)
    0x0800ffb0   0x000000ee   Code   RO         1209    .text               c_w.l(lludivv7m.o)
    0x0801009e   0x000000b2   Code   RO         1211    .text               c_w.l(_printf_intcommon.o)
    0x08010150   0x0000002c   Code   RO         1213    .text               c_w.l(_printf_char.o)
    0x0801017c   0x00000024   Code   RO         1215    .text               c_w.l(_printf_char_file.o)
    0x080101a0   0x00000064   Code   RO         1218    .text               c_w.l(rt_memcpy_w.o)
    0x08010204   0x00000030   Code   RO         1239    .text               c_w.l(_printf_char_common.o)
    0x08010234   0x00000008   Code   RO         1241    .text               c_w.l(ferror.o)
    0x0801023c   0x0000004a   Code   RO         1245    .text               c_w.l(sys_stackheap_outer.o)
    0x08010286   0x00000012   Code   RO         1251    .text               c_w.l(exit.o)
    0x08010298   0x00000008   Code   RO         1259    .text               c_w.l(libspace.o)
    0x080102a0   0x0000000e   Code   RO         1176    i._is_digit         c_w.l(__printf_wp.o)
    0x080102ae   0x0000000a   Code   RO         1328    x$fpl$fpinit        fz_wm.l(fpinit.o)
    0x080102b8   0x000017c0   Data   RO          320    .constdata          lcd.o
    0x08011a78   0x0000001c   Data   RO          580    .constdata          stm32f4xx_fsmc.o
    0x08011a94   0x00000024   Data   RO          750    .constdata          malloc.o
    0x08011ab8   0x0000003a   Data   RO          869    .constdata          ff.o
    0x08011af2   0x000003c0   Data   RO          944    .constdata          mycc936.o
    0x08011eb2   0x00000028   Data   RO         1037    .constdata          gif.o
    0x08011eda   0x000004c0   Data   RO         1090    .constdata          tjpgd.o
    0x0801239a   0x00000028   Data   RO         1149    .constdata          c_w.l(_printf_hex_int.o)
    0x080123c2   0x00000011   Data   RO         1184    .constdata          c_w.l(__printf_flags_ss_wp.o)
    0x080123d3   0x00000001   PAD
    0x080123d4   0x00000028   Data   RO          777    .conststring        usmart.o
    0x080123fc   0x000002b9   Data   RO          800    .conststring        usmart_config.o
    0x080126b5   0x00000003   PAD
    0x080126b8   0x00000064   Data   RO          893    .conststring        exfuns.o
    0x0801271c   0x00000020   Data   RO         1386    Region$$Table       anon$$obj.o


    Execution Region RW_IRAM1 (Base: 0x20000000, Size: 0x0001c768, Max: 0x00020000, ABSOLUTE, COMPRESSED[0x00000164])

    Base Addr    Size         Type   Attr      Idx    E Section Name        Object

    0x20000000   0x00000014   Data   RW          273    .data               system_stm32f4xx.o
    0x20000014   0x00000004   Data   RW          321    .data               lcd.o
    0x20000018   0x00000001   Data   RW          357    .data               key.o
    0x20000019   0x00000001   PAD
    0x2000001a   0x00000002   Data   RW          402    .data               w25qxx.o
    0x2000001c   0x00000010   Data   RW          429    .data               sdio_sdcard.o
    0x2000002c   0x00000004   Data   RW          462    .data               delay.o
    0x20000030   0x00000006   Data   RW          503    .data               usart.o
    0x20000036   0x00000010   Data   RW          623    .data               stm32f4xx_rcc.o
    0x20000046   0x00000002   PAD
    0x20000048   0x00000024   Data   RW          751    .data               malloc.o
    0x2000006c   0x0000001c   Data   RW          778    .data               usmart.o
    0x20000088   0x000001cc   Data   RW          801    .data               usmart_config.o
    0x20000254   0x00000002   Data   RW          845    .data               diskio.o
    0x20000256   0x00000002   PAD
    0x20000258   0x0000000a   Data   RW          870    .data               ff.o
    0x20000262   0x00000002   PAD
    0x20000264   0x00000154   Data   RW          894    .data               exfuns.o
    0x200003b8   0x00000001   Data   RW         1038    .data               gif.o
    0x200003b9   0x00000003   PAD
    0x200003bc   0x0000000c   Data   RW         1091    .data               tjpgd.o
    0x200003c8   0x0000000e   Zero   RW          319    .bss                lcd.o
    0x200003d6   0x00001000   Zero   RW          401    .bss                w25qxx.o
    0x200013d6   0x00000002   PAD
    0x200013d8   0x000002c0   Zero   RW          428    .bss                sdio_sdcard.o
    0x20001698   0x000000c8   Zero   RW          502    .bss                usart.o
    0x20001760   0x0001a900   Zero   RW          749    .bss                malloc.o
    0x2001c060   0x00000044   Zero   RW          892    .bss                exfuns.o
    0x2001c0a4   0x00000021   Zero   RW          965    .bss                fontupd.o
    0x2001c0c5   0x00000003   PAD
    0x2001c0c8   0x0000003c   Zero   RW         1064    .bss                piclib.o
    0x2001c104   0x00000060   Zero   RW         1260    .bss                c_w.l(libspace.o)
    0x2001c164   0x00000004   PAD
    0x2001c168   0x00000200   Zero   RW          531    HEAP                startup_stm32f40_41xxx.o
    0x2001c368   0x00000400   Zero   RW          530    STACK               startup_stm32f40_41xxx.o



  Load Region LR$$.ARM.__AT_0x10000000 (Base: 0x10000000, Size: 0x00000000, Max: 0x0000f000, ABSOLUTE)

    Execution Region ER$$.ARM.__AT_0x10000000 (Base: 0x10000000, Size: 0x0000f000, Max: 0x0000f000, ABSOLUTE, UNINIT)

    Base Addr    Size         Type   Attr      Idx    E Section Name        Object

    0x10000000   0x0000f000   Zero   RW          745    .ARM.__AT_0x10000000  malloc.o



  Load Region LR$$.ARM.__AT_0x1000F000 (Base: 0x1000f000, Size: 0x00000000, Max: 0x00000f00, ABSOLUTE)

    Execution Region ER$$.ARM.__AT_0x1000F000 (Base: 0x1000f000, Size: 0x00000f00, Max: 0x00000f00, ABSOLUTE, UNINIT)

    Base Addr    Size         Type   Attr      Idx    E Section Name        Object

    0x1000f000   0x00000f00   Zero   RW          746    .ARM.__AT_0x1000F000  malloc.o



  Load Region LR$$.ARM.__AT_0x68000000 (Base: 0x68000000, Size: 0x00000000, Max: 0x000f0000, ABSOLUTE)

    Execution Region ER$$.ARM.__AT_0x68000000 (Base: 0x68000000, Size: 0x000f0000, Max: 0x000f0000, ABSOLUTE, UNINIT)

    Base Addr    Size         Type   Attr      Idx    E Section Name        Object

    0x68000000   0x000f0000   Zero   RW          747    .ARM.__AT_0x68000000  malloc.o



  Load Region LR$$.ARM.__AT_0x680F0000 (Base: 0x680f0000, Size: 0x00000000, Max: 0x0000f000, ABSOLUTE)

    Execution Region ER$$.ARM.__AT_0x680F0000 (Base: 0x680f0000, Size: 0x0000f000, Max: 0x0000f000, ABSOLUTE, UNINIT)

    Base Addr    Size         Type   Attr      Idx    E Section Name        Object

    0x680f0000   0x0000f000   Zero   RW          748    .ARM.__AT_0x680F0000  malloc.o


==============================================================================

Image component sizes


      Code (inc. data)   RO Data    RW Data    ZI Data      Debug   Object Name

      2144         24          0          0          0       5394   bmp.o
       260          8          0          4          0       1621   delay.o
       464          8          0          2          0       4654   diskio.o
       420         22        100        340         68       2920   exfuns.o
      1736        690          0          0          0       6096   fattester.o
     12950        138         58         10          0      38526   ff.o
         0          0          0          0         33       1645   fontupd.o
      3744         24         40          1          0      10674   gif.o
       260         12          0          1          0        952   key.o
      8364         90       6080          4         14      17155   lcd.o
        64          4          0          0          0        599   led.o
      1260        214          0          0          0     326824   main.o
       556         18         36         36    1218560       5277   malloc.o
       224         20          0          0          0       1961   misc.o
       204         12        960          0          0       1825   mycc936.o
       708         34          0          0         60       5131   piclib.o
      7472        274          0         16        704      25501   sdio_sdcard.o
       280          8          0          0          0       1145   spi.o
        64         26        392          0       1536        888   startup_stm32f40_41xxx.o
       936         32          0          0          0       6541   stm32f4xx_dma.o
      1480         18         28          0          0       5862   stm32f4xx_fsmc.o
       660         44          0          0          0       4305   stm32f4xx_gpio.o
        26          0          0          0          0       1294   stm32f4xx_it.o
      1628         52          0         16          0      13248   stm32f4xx_rcc.o
       476         16          0          0          0       7564   stm32f4xx_sdio.o
      1152         36          0          0          0       7053   stm32f4xx_spi.o
      3234         60          0          0          0      23160   stm32f4xx_tim.o
      1108         34          0          0          0       8028   stm32f4xx_usart.o
        16          0          0          0          0        540   sys.o
       528         46          0         20          0       1995   system_stm32f4xx.o
       724         16          0          0          0       3284   text.o
      4720         70       1216         12          0      17775   tjpgd.o
       340         18          0          6        200       3558   usart.o
      3084       1258         40         28          0       4638   usmart.o
         0          0        697        460          0       1808   usmart_config.o
      1320         12          0          0          0       5485   usmart_str.o
       904         34          0          2       4096       4709   w25qxx.o

    ----------------------------------------------------------------------
     63516       3372       9682        968    1225276     579635   Object Totals
         0          0         32          0          0          0   (incl. Generated)
         6          0          3         10          5          0   (incl. Padding)

    ----------------------------------------------------------------------

      Code (inc. data)   RO Data    RW Data    ZI Data      Debug   Library Member Name

        90          0          0          0          0          0   __dczerorl2.o
         8          0          0          0          0         68   __main.o
       392          4         17          0          0         92   __printf_flags_ss_wp.o
        14          0          0          0          0         68   __printf_wp.o
         0          0          0          0          0          0   __rtentry.o
        12          0          0          0          0          0   __rtentry2.o
         6          0          0          0          0          0   __rtentry4.o
        52          8          0          0          0          0   __scatter.o
        28          0          0          0          0          0   __scatter_zi.o
         6          0          0          0          0          0   _printf_c.o
        44          0          0          0          0        108   _printf_char.o
        48          6          0          0          0         96   _printf_char_common.o
        36          4          0          0          0         80   _printf_char_file.o
         6          0          0          0          0          0   _printf_d.o
       120         16          0          0          0         92   _printf_dec.o
        88          4         40          0          0         88   _printf_hex_int.o
       178          0          0          0          0         88   _printf_intcommon.o
        78          0          0          0          0        108   _printf_pad.o
         0          0          0          0          0          0   _printf_percent.o
         4          0          0          0          0          0   _printf_percent_end.o
         6          0          0          0          0          0   _printf_s.o
        82          0          0          0          0         80   _printf_str.o
         6          0          0          0          0          0   _printf_u.o
         6          0          0          0          0          0   _printf_x.o
        18          0          0          0          0         80   exit.o
         8          0          0          0          0         68   ferror.o
         6          0          0          0          0        152   heapauxi.o
         2          0          0          0          0          0   libinit.o
         6          0          0          0          0          0   libinit2.o
         2          0          0          0          0          0   libshutdown.o
         2          0          0          0          0          0   libshutdown2.o
         8          4          0          0         96         68   libspace.o
        72          0          0          0          0         76   llsdiv.o
       238          0          0          0          0        100   lludivv7m.o
        24          4          0          0          0         84   noretval__2printf.o
       138          0          0          0          0         68   rt_memcpy_v6.o
       100          0          0          0          0         80   rt_memcpy_w.o
         2          0          0          0          0          0   rtexit.o
        10          0          0          0          0          0   rtexit2.o
        24          0          0          0          0         68   strcat.o
       128          0          0          0          0         68   strcmpv7m.o
        72          0          0          0          0         80   strcpy.o
        62          0          0          0          0         76   strlen.o
        74          0          0          0          0         80   sys_stackheap_outer.o
         2          0          0          0          0         68   use_no_semi.o
         2          0          0          0          0         68   use_no_semi_2.o
        10          0          0          0          0        116   fpinit.o

    ----------------------------------------------------------------------
      2324         50         58          0        100       2368   Library Totals
         4          0          1          0          4          0   (incl. Padding)

    ----------------------------------------------------------------------

      Code (inc. data)   RO Data    RW Data    ZI Data      Debug   Library Name

      2310         50         57          0         96       2252   c_w.l
        10          0          0          0          0        116   fz_wm.l

    ----------------------------------------------------------------------
      2324         50         58          0        100       2368   Library Totals

    ----------------------------------------------------------------------

==============================================================================


      Code (inc. data)   RO Data    RW Data    ZI Data      Debug   

     65840       3422       9740        968    1225376     573107   Grand Totals
     65840       3422       9740        356    1225376     573107   ELF Image Totals (compressed)
     65840       3422       9740        356          0          0   ROM Totals

==============================================================================

    Total RO  Size (Code + RO Data)                75580 (  73.81kB)
    Total RW  Size (RW Data + ZI Data)           1226344 (1197.60kB)
    Total ROM Size (Code + RO Data + RW Data)      75936 (  74.16kB)

==============================================================================

