<html>
<body>
<pre>
<h1>礦ision Build Log</h1>
<h2>Project:</h2>
E:\完成设计的产品\(MCUDEV)-STM32开发板系列\(MCUDEV)STM32_F4XX\STM32_F407ZET6最小系统--客户资料-1510\2，STM32F4xx扩展例程\1，EMWIN扩展例程\EMWIN实验9 分段存储设备\USER\Template.uvproj
Project File Date:  10/26/2015

<h2>Output:</h2>
Rebuild target 'Template'
compiling main.c...
..\USER\stm32f4xx.h(102): error:  #35: #error directive: "Please select first the target STM32F4xx device used in your application (in stm32f4xx.h file)"
compiling stm32f4xx_it.c...
stm32f4xx.h(102): error:  #35: #error directive: "Please select first the target STM32F4xx device used in your application (in stm32f4xx.h file)"
compiling system_stm32f4xx.c...
stm32f4xx.h(102): error:  #35: #error directive: "Please select first the target STM32F4xx device used in your application (in stm32f4xx.h file)"
compiling led.c...
..\USER\stm32f4xx.h(102): error:  #35: #error directive: "Please select first the target STM32F4xx device used in your application (in stm32f4xx.h file)"
compiling ILI93xx.c...
..\USER\stm32f4xx.h(102): error:  #35: #error directive: "Please select first the target STM32F4xx device used in your application (in stm32f4xx.h file)"
compiling sram.c...
..\USER\stm32f4xx.h(102): error:  #35: #error directive: "Please select first the target STM32F4xx device used in your application (in stm32f4xx.h file)"
compiling timer.c...
..\USER\stm32f4xx.h(102): error:  #35: #error directive: "Please select first the target STM32F4xx device used in your application (in stm32f4xx.h file)"
compiling 24cxx.c...
..\USER\stm32f4xx.h(102): error:  #35: #error directive: "Please select first the target STM32F4xx device used in your application (in stm32f4xx.h file)"
compiling myiic.c...
..\USER\stm32f4xx.h(102): error:  #35: #error directive: "Please select first the target STM32F4xx device used in your application (in stm32f4xx.h file)"
compiling ctiic.c...
..\USER\stm32f4xx.h(102): error:  #35: #error directive: "Please select first the target STM32F4xx device used in your application (in stm32f4xx.h file)"
compiling ott2001a.c...
..\USER\stm32f4xx.h(102): error:  #35: #error directive: "Please select first the target STM32F4xx device used in your application (in stm32f4xx.h file)"
compiling touch.c...
..\USER\stm32f4xx.h(102): error:  #35: #error directive: "Please select first the target STM32F4xx device used in your application (in stm32f4xx.h file)"
compiling sdio_sdcard.c...
..\USER\stm32f4xx.h(102): error:  #35: #error directive: "Please select first the target STM32F4xx device used in your application (in stm32f4xx.h file)"
compiling spi.c...
..\USER\stm32f4xx.h(102): error:  #35: #error directive: "Please select first the target STM32F4xx device used in your application (in stm32f4xx.h file)"
compiling w25qxx.c...
..\USER\stm32f4xx.h(102): error:  #35: #error directive: "Please select first the target STM32F4xx device used in your application (in stm32f4xx.h file)"
assembling startup_stm32f40_41xxx.s...
compiling misc.c...
..\USER\stm32f4xx.h(102): error:  #35: #error directive: "Please select first the target STM32F4xx device used in your application (in stm32f4xx.h file)"
compiling stm32f4xx_fsmc.c...
..\USER\stm32f4xx.h(102): error:  #35: #error directive: "Please select first the target STM32F4xx device used in your application (in stm32f4xx.h file)"
compiling stm32f4xx_gpio.c...
..\USER\stm32f4xx.h(102): error:  #35: #error directive: "Please select first the target STM32F4xx device used in your application (in stm32f4xx.h file)"
compiling stm32f4xx_rcc.c...
..\USER\stm32f4xx.h(102): error:  #35: #error directive: "Please select first the target STM32F4xx device used in your application (in stm32f4xx.h file)"
compiling stm32f4xx_syscfg.c...
..\USER\stm32f4xx.h(102): error:  #35: #error directive: "Please select first the target STM32F4xx device used in your application (in stm32f4xx.h file)"
compiling stm32f4xx_tim.c...
..\USER\stm32f4xx.h(102): error:  #35: #error directive: "Please select first the target STM32F4xx device used in your application (in stm32f4xx.h file)"
compiling stm32f4xx_usart.c...
..\USER\stm32f4xx.h(102): error:  #35: #error directive: "Please select first the target STM32F4xx device used in your application (in stm32f4xx.h file)"
compiling stm32f4xx_sdio.c...
..\USER\stm32f4xx.h(102): error:  #35: #error directive: "Please select first the target STM32F4xx device used in your application (in stm32f4xx.h file)"
compiling stm32f4xx_spi.c...
..\USER\stm32f4xx.h(102): error:  #35: #error directive: "Please select first the target STM32F4xx device used in your application (in stm32f4xx.h file)"
compiling stm32f4xx_dma.c...
..\USER\stm32f4xx.h(102): error:  #35: #error directive: "Please select first the target STM32F4xx device used in your application (in stm32f4xx.h file)"
compiling delay.c...
..\USER\stm32f4xx.h(102): error:  #35: #error directive: "Please select first the target STM32F4xx device used in your application (in stm32f4xx.h file)"
compiling sys.c...
..\USER\stm32f4xx.h(102): error:  #35: #error directive: "Please select first the target STM32F4xx device used in your application (in stm32f4xx.h file)"
compiling usart.c...
..\USER\stm32f4xx.h(102): error:  #35: #error directive: "Please select first the target STM32F4xx device used in your application (in stm32f4xx.h file)"
compiling malloc.c...
..\USER\stm32f4xx.h(102): error:  #35: #error directive: "Please select first the target STM32F4xx device used in your application (in stm32f4xx.h file)"
compiling GUIConf.c...
..\USER\stm32f4xx.h(102): error:  #35: #error directive: "Please select first the target STM32F4xx device used in your application (in stm32f4xx.h file)"
compiling GUI_X_UCOSII.c...
..\USER\stm32f4xx.h(102): error:  #35: #error directive: "Please select first the target STM32F4xx device used in your application (in stm32f4xx.h file)"
compiling GUIDRV_Template.c...
..\USER\stm32f4xx.h(102): error:  #35: #error directive: "Please select first the target STM32F4xx device used in your application (in stm32f4xx.h file)"
compiling LCDConf_FlexColor_Template.c...
..\USER\stm32f4xx.h(102): error:  #35: #error directive: "Please select first the target STM32F4xx device used in your application (in stm32f4xx.h file)"
compiling GUI_X_Touch_Analog.c...
..\USER\stm32f4xx.h(102): error:  #35: #error directive: "Please select first the target STM32F4xx device used in your application (in stm32f4xx.h file)"
compiling os_core.c...
..\USER\stm32f4xx.h(102): error:  #35: #error directive: "Please select first the target STM32F4xx device used in your application (in stm32f4xx.h file)"
compiling os_flag.c...
..\USER\stm32f4xx.h(102): error:  #35: #error directive: "Please select first the target STM32F4xx device used in your application (in stm32f4xx.h file)"
compiling os_mbox.c...
..\USER\stm32f4xx.h(102): error:  #35: #error directive: "Please select first the target STM32F4xx device used in your application (in stm32f4xx.h file)"
compiling os_mem.c...
..\USER\stm32f4xx.h(102): error:  #35: #error directive: "Please select first the target STM32F4xx device used in your application (in stm32f4xx.h file)"
compiling os_mutex.c...
..\USER\stm32f4xx.h(102): error:  #35: #error directive: "Please select first the target STM32F4xx device used in your application (in stm32f4xx.h file)"
compiling os_q.c...
..\USER\stm32f4xx.h(102): error:  #35: #error directive: "Please select first the target STM32F4xx device used in your application (in stm32f4xx.h file)"
compiling os_sem.c...
..\USER\stm32f4xx.h(102): error:  #35: #error directive: "Please select first the target STM32F4xx device used in your application (in stm32f4xx.h file)"
compiling os_task.c...
..\USER\stm32f4xx.h(102): error:  #35: #error directive: "Please select first the target STM32F4xx device used in your application (in stm32f4xx.h file)"
compiling os_time.c...
..\USER\stm32f4xx.h(102): error:  #35: #error directive: "Please select first the target STM32F4xx device used in your application (in stm32f4xx.h file)"
compiling os_tmr.c...
..\USER\stm32f4xx.h(102): error:  #35: #error directive: "Please select first the target STM32F4xx device used in your application (in stm32f4xx.h file)"
compiling os_cpu_c.c...
..\USER\stm32f4xx.h(102): error:  #35: #error directive: "Please select first the target STM32F4xx device used in your application (in stm32f4xx.h file)"
assembling os_cpu_a.asm...
compiling exfuns.c...
..\USER\stm32f4xx.h(102): error:  #35: #error directive: "Please select first the target STM32F4xx device used in your application (in stm32f4xx.h file)"
compiling fattester.c...
..\USER\stm32f4xx.h(102): error:  #35: #error directive: "Please select first the target STM32F4xx device used in your application (in stm32f4xx.h file)"
compiling mycc936.c...
..\USER\stm32f4xx.h(102): error:  #35: #error directive: "Please select first the target STM32F4xx device used in your application (in stm32f4xx.h file)"
compiling diskio.c...
..\USER\stm32f4xx.h(102): error:  #35: #error directive: "Please select first the target STM32F4xx device used in your application (in stm32f4xx.h file)"
compiling ff.c...
compiling fontupd.c...
..\USER\stm32f4xx.h(102): error:  #35: #error directive: "Please select first the target STM32F4xx device used in your application (in stm32f4xx.h file)"
compiling mytext.c...
..\USER\stm32f4xx.h(102): error:  #35: #error directive: "Please select first the target STM32F4xx device used in your application (in stm32f4xx.h file)"
compiling banding.c...
..\USER\stm32f4xx.h(102): error:  #35: #error directive: "Please select first the target STM32F4xx device used in your application (in stm32f4xx.h file)"
"..\OBJ\Template.axf" - 52 Errors, 0 Warning(s).
Target not created
Rebuild target 'Template'
compiling main.c...
compiling stm32f4xx_it.c...
compiling system_stm32f4xx.c...
compiling led.c...
compiling ILI93xx.c...
compiling sram.c...
compiling timer.c...
compiling 24cxx.c...
compiling myiic.c...
compiling ctiic.c...
compiling ott2001a.c...
compiling touch.c...
compiling sdio_sdcard.c...
compiling spi.c...
compiling w25qxx.c...
assembling startup_stm32f40_41xxx.s...
compiling misc.c...
compiling stm32f4xx_fsmc.c...
compiling stm32f4xx_gpio.c...
compiling stm32f4xx_rcc.c...
compiling stm32f4xx_syscfg.c...
compiling stm32f4xx_tim.c...
compiling stm32f4xx_usart.c...
compiling stm32f4xx_sdio.c...
compiling stm32f4xx_spi.c...
compiling stm32f4xx_dma.c...
compiling delay.c...
compiling sys.c...
compiling usart.c...
compiling malloc.c...
compiling GUIConf.c...
compiling GUI_X_UCOSII.c...
compiling GUIDRV_Template.c...
compiling LCDConf_FlexColor_Template.c...
compiling GUI_X_Touch_Analog.c...
compiling os_core.c...
compiling os_flag.c...
compiling os_mbox.c...
compiling os_mem.c...
compiling os_mutex.c...
compiling os_q.c...
compiling os_sem.c...
compiling os_task.c...
compiling os_time.c...
compiling os_tmr.c...
compiling os_cpu_c.c...
assembling os_cpu_a.asm...
compiling exfuns.c...
compiling fattester.c...
compiling mycc936.c...
compiling diskio.c...
compiling ff.c...
compiling fontupd.c...
compiling mytext.c...
compiling banding.c...
linking...
Program Size: Code=106922 RO-data=20834 RW-data=968 ZI-data=1065064  
FromELF: creating hex file...
"..\OBJ\Template.axf" - 0 Errors, 0 Warning(s).
Load "..\\OBJ\\Template.axf" 
Erase Done.
Programming Done.
Verify OK.
Build target 'Template'
compiling main.c...
compiling stm32f4xx_it.c...
compiling system_stm32f4xx.c...
compiling led.c...
compiling ILI93xx.c...
compiling sram.c...
compiling timer.c...
compiling 24cxx.c...
compiling myiic.c...
compiling ctiic.c...
compiling ott2001a.c...
compiling touch.c...
compiling sdio_sdcard.c...
compiling spi.c...
compiling w25qxx.c...
assembling startup_stm32f40_41xxx.s...
compiling misc.c...
compiling stm32f4xx_fsmc.c...
compiling stm32f4xx_gpio.c...
compiling stm32f4xx_rcc.c...
compiling stm32f4xx_syscfg.c...
compiling stm32f4xx_tim.c...
compiling stm32f4xx_usart.c...
compiling stm32f4xx_sdio.c...
compiling stm32f4xx_spi.c...
compiling stm32f4xx_dma.c...
compiling delay.c...
compiling sys.c...
compiling usart.c...
compiling malloc.c...
compiling GUIConf.c...
compiling GUI_X_UCOSII.c...
compiling GUIDRV_Template.c...
compiling LCDConf_FlexColor_Template.c...
compiling GUI_X_Touch_Analog.c...
compiling os_core.c...
compiling os_flag.c...
compiling os_mbox.c...
compiling os_mem.c...
compiling os_mutex.c...
compiling os_q.c...
compiling os_sem.c...
compiling os_task.c...
compiling os_time.c...
compiling os_tmr.c...
compiling os_cpu_c.c...
assembling os_cpu_a.asm...
compiling exfuns.c...
compiling fattester.c...
compiling mycc936.c...
compiling diskio.c...
compiling ff.c...
compiling fontupd.c...
compiling mytext.c...
compiling banding.c...
linking...
Program Size: Code=106922 RO-data=20834 RW-data=968 ZI-data=1065064  
FromELF: creating hex file...
"..\OBJ\Template.axf" - 0 Errors, 0 Warning(s).
Build target 'Template'
compiling main.c...
linking...
Program Size: Code=106922 RO-data=20834 RW-data=968 ZI-data=1065064  
FromELF: creating hex file...
"..\OBJ\Template.axf" - 0 Errors, 0 Warning(s).
Load "..\\OBJ\\Template.axf" 
Erase Done.
Programming Done.
Verify OK.
