<html>
<body>
<pre>
<h1>礦ision Build Log</h1>
<h2>Project:</h2>
E:\完成设计的产品\(MCUDEV)-STM32开发板系列\(MCUDEV)STM32_F4XX\STM32_F407ZET6最小系统--客户资料-1510\2，STM32F4xx扩展例程\1，EMWIN扩展例程\EMWIN实验2 STemWin带UCOS移植\USER\Template.uvproj
Project File Date:  10/31/2014

<h2>Output:</h2>
Rebuild target 'Template'
compiling main.c...
compiling stm32f4xx_it.c...
compiling system_stm32f4xx.c...
compiling led.c...
compiling ILI93xx.c...
compiling sram.c...
compiling 24cxx.c...
compiling myiic.c...
compiling ctiic.c...
compiling ott2001a.c...
compiling touch.c...
assembling startup_stm32f40_41xxx.s...
compiling misc.c...
compiling stm32f4xx_fsmc.c...
compiling stm32f4xx_gpio.c...
compiling stm32f4xx_rcc.c...
compiling stm32f4xx_syscfg.c...
compiling stm32f4xx_tim.c...
compiling stm32f4xx_usart.c...
compiling delay.c...
compiling sys.c...
compiling usart.c...
compiling malloc.c...
compiling GUIConf.c...
compiling GUI_X_UCOSII.c...
compiling GUIDRV_Template.c...
compiling LCDConf_FlexColor_Template.c...
compiling GUI_X_Touch_Analog.c...
compiling GUIDEMO.c...
compiling GUIDEMO_AntialiasedText.c...
compiling GUIDEMO_Automotive.c...
compiling GUIDEMO_BarGraph.c...
compiling GUIDEMO_Bitmap.c...
compiling GUIDEMO_ColorBar.c...
compiling GUIDEMO_Conf.c...
compiling GUIDEMO_Cursor.c...
compiling GUIDEMO_Fading.c...
compiling GUIDEMO_Graph.c...
compiling GUIDEMO_IconView.c...
compiling GUIDEMO_ImageFlow.c...
compiling GUIDEMO_Intro.c...
compiling GUIDEMO_Listview.c...
compiling GUIDEMO_RadialMenu.c...
compiling GUIDEMO_Resource.c...
compiling GUIDEMO_Skinning.c...
compiling GUIDEMO_Speed.c...
compiling GUIDEMO_Speedometer.c...
compiling GUIDEMO_Start.c...
compiling GUIDEMO_Touch.c...
compiling GUIDEMO_TransparentDialog.c...
compiling GUIDEMO_Treeview.c...
compiling GUIDEMO_VScreen.c...
compiling GUIDEMO_WashingMachine.c...
compiling GUIDEMO_ZoomAndRotate.c...
compiling os_core.c...
compiling os_flag.c...
compiling os_mbox.c...
compiling os_mem.c...
compiling os_mutex.c...
compiling os_q.c...
compiling os_sem.c...
compiling os_task.c...
compiling os_time.c...
compiling os_tmr.c...
compiling os_cpu_c.c...
assembling os_cpu_a.asm...
linking...
Program Size: Code=170390 RO-data=230786 RW-data=3668 ZI-data=1060572  
FromELF: creating hex file...
"..\OBJ\Template.axf" - 0 Errors, 0 Warning(s).
Load "..\\OBJ\\Template.axf" 
Erase Done.
Programming Done.
Verify OK.
Build target 'Template'
compiling main.c...
compiling led.c...
compiling ILI93xx.c...
compiling sram.c...
compiling 24cxx.c...
compiling myiic.c...
compiling ctiic.c...
compiling ott2001a.c...
compiling touch.c...
compiling delay.c...
compiling sys.c...
compiling usart.c...
compiling malloc.c...
compiling GUIConf.c...
compiling GUI_X_UCOSII.c...
compiling GUIDRV_Template.c...
compiling LCDConf_FlexColor_Template.c...
compiling GUI_X_Touch_Analog.c...
compiling os_core.c...
compiling os_flag.c...
compiling os_mbox.c...
compiling os_mem.c...
compiling os_mutex.c...
compiling os_q.c...
compiling os_sem.c...
compiling os_task.c...
compiling os_time.c...
compiling os_tmr.c...
compiling os_cpu_c.c...
linking...
Program Size: Code=170390 RO-data=230786 RW-data=3668 ZI-data=1060572  
FromELF: creating hex file...
"..\OBJ\Template.axf" - 0 Errors, 0 Warning(s).
Build target 'Template'
compiling touch.c...
linking...
Program Size: Code=170350 RO-data=230786 RW-data=3668 ZI-data=1060572  
FromELF: creating hex file...
"..\OBJ\Template.axf" - 0 Errors, 0 Warning(s).
Load "..\\OBJ\\Template.axf" 
Erase Done.
Programming Done.
Verify OK.
