<html>
<body>
<pre>
<h1>礦ision Build Log</h1>
<h2>Tool Versions:</h2>
IDE-Version: μVision V5.18a
Copyright (C) 2016 ARM Ltd and ARM Germany GmbH. All rights reserved.
License Information: Microsoft, Microsoft, LIC=SDARA-1ZVAV-V15P8-39U89-4HUEL-NH8CA
 
Tool Versions:
Toolchain:       MDK-ARM Standard  Version: 5.18a
Toolchain Path:  C:\Keil_v5\ARM\ARMCC\Bin
C Compiler:      Armcc.exe V5.06 update 1 (build 61)
Assembler:       Armasm.exe V5.06 update 1 (build 61)
Linker/Locator:  ArmLink.exe V5.06 update 1 (build 61)
Library Manager: ArmAr.exe V5.06 update 1 (build 61)
Hex Converter:   FromElf.exe V5.06 update 1 (build 61)
CPU DLL:         SARMCM3.DLL V5.18a
Dialog DLL:      DCM.DLL V1.13.6.0
Target DLL:      UL2CM3.DLL V1.157.10.0
Dialog DLL:      TCM.DLL V1.14.8.0
 
<h2>Project:</h2>
D:\我的文档\Desktop\(mcudev)-4.3吋电容触摸--液晶屏客户资料--1608\F407ZET6\2、eMWIN扩展例程\3、 文本显示\USER\Template.uvproj
Project File Date:  08/09/2016

<h2>Output:</h2>
*** Using Compiler 'V5.06 update 1 (build 61)', folder: 'C:\Keil_v5\ARM\ARMCC\Bin'
Rebuild target 'Template'
compiling stm32f4xx_it.c...
compiling system_stm32f4xx.c...
compiling main.c...
compiling led.c...
compiling sram.c...
compiling timer.c...
compiling touch.c...
compiling sdio_sdcard.c...
compiling spi.c...
assembling startup_stm32f40_41xxx.s...
compiling w25qxx.c...
compiling LCD_DRV.c...
compiling stm32f4xx_fsmc.c...
compiling stm32f4xx_gpio.c...
compiling misc.c...
compiling stm32f4xx_syscfg.c...
compiling stm32f4xx_rcc.c...
compiling stm32f4xx_tim.c...
compiling stm32f4xx_usart.c...
compiling stm32f4xx_sdio.c...
compiling stm32f4xx_dma.c...
compiling delay.c...
compiling stm32f4xx_spi.c...
compiling usart.c...
compiling sys.c...
compiling malloc.c...
compiling GUIConf.c...
compiling GUI_X_UCOSII.c...
compiling GUIDRV_Template.c...
compiling GUI_X_Touch_Analog.c...
compiling os_core.c...
compiling LCDConf_FlexColor_Template.c...
compiling os_mbox.c...
compiling os_mem.c...
compiling os_flag.c...
compiling os_mutex.c...
compiling os_q.c...
compiling os_sem.c...
compiling os_task.c...
compiling os_time.c...
compiling os_tmr.c...
assembling os_cpu_a.asm...
compiling fattester.c...
compiling os_cpu_c.c...
compiling exfuns.c...
compiling ff.c...
compiling diskio.c...
compiling mycc936.c...
compiling fontupd.c...
compiling textdisplay.c...
compiling mytext.c...
linking...
Program Size: Code=78924 RO-data=17924 RW-data=640 ZI-data=1060936  
FromELF: creating hex file...
"..\OBJ\Template.axf" - 0 Error(s), 0 Warning(s).
Build Time Elapsed:  00:00:26
</pre>
</body>
</html>
