<html>
<body>
<pre>
<h1>µVision Build Log</h1>
<h2>Project:</h2>
C:\Users\me\Desktop\STM32_Nano²âÊÔ³ÌÐò\26¡¢Òº¾§´¥Ãþ+Íâ²¿FLASH\Project\RVMDK£¨uv4£©\iSO-STM32.uvproj
Project File Date:  09/20/2014

<h2>Output:</h2>
Rebuild target 'Òº¾§´¥Ãþ'
assembling startup_stm32f10x_hd.s...
compiling core_cm3.c...
compiling system_stm32f10x.c...
compiling misc.c...
compiling stm32f10x_adc.c...
compiling stm32f10x_bkp.c...
compiling stm32f10x_can.c...
compiling stm32f10x_cec.c...
compiling stm32f10x_crc.c...
compiling stm32f10x_dac.c...
compiling stm32f10x_dbgmcu.c...
compiling stm32f10x_dma.c...
compiling stm32f10x_exti.c...
compiling stm32f10x_flash.c...
compiling stm32f10x_fsmc.c...
compiling stm32f10x_gpio.c...
compiling stm32f10x_i2c.c...
compiling stm32f10x_iwdg.c...
compiling stm32f10x_pwr.c...
compiling stm32f10x_rcc.c...
compiling stm32f10x_rtc.c...
compiling stm32f10x_sdio.c...
compiling stm32f10x_spi.c...
compiling stm32f10x_tim.c...
compiling stm32f10x_usart.c...
compiling stm32f10x_wwdg.c...
compiling main.c...
compiling stm32f10x_it.c...
compiling bsp_ili9341_lcd.c...
compiling bsp_SysTick.c...
compiling bsp_gpio_spi.c...
compiling bsp_touch.c...
..\..\User\lcd\bsp_touch.c(452): warning:  #223-D: function "printf" declared implicitly
..\..\User\lcd\bsp_touch.c(517): warning:  #223-D: function "printf" declared implicitly
..\..\User\lcd\bsp_touch.c(430): warning:  #177-D: variable "j" was declared but never referenced
compiling bsp_spi_flash.c...
compiling bsp_led.c...
compiling bsp_usart1.c...
linking...
Program Size: Code=12152 RO-data=1476 RW-data=188 ZI-data=1100  
FromELF: creating hex file...
"..\..\Output\Template.axf" - 0 Errors, 3 Warning(s).
Build target 'Òº¾§´¥Ãþ'
linking...
Program Size: Code=12152 RO-data=1476 RW-data=188 ZI-data=1100  
FromELF: creating hex file...
"..\..\Output\TEST_STM32F103VET6.axf" - 0 Errors, 0 Warning(s).
