<html>
<body>
<pre>
<h1>礦ision Build Log</h1>
<h2>Project:</h2>
E:\完成设计的产品\(MCUDEV)-STM32开发板系列\(MCUDEV)STM32_F4XX\STM32_F407ZET6最小系统--客户资料-1510\2，STM32F4xx扩展例程\1，EMWIN扩展例程\EMWIN实验11 WM重绘背景\USER\Template.uvproj
Project File Date:  10/31/2014

<h2>Output:</h2>
Build target 'Template'
compiling main.c...
compiling stm32f4xx_it.c...
compiling system_stm32f4xx.c...
compiling led.c...
compiling ILI93xx.c...
compiling sram.c...
compiling timer.c...
compiling 24cxx.c...
compiling myiic.c...
compiling ctiic.c...
compiling ott2001a.c...
compiling touch.c...
compiling sdio_sdcard.c...
compiling spi.c...
compiling w25qxx.c...
assembling startup_stm32f40_41xxx.s...
compiling misc.c...
compiling stm32f4xx_fsmc.c...
compiling stm32f4xx_gpio.c...
compiling stm32f4xx_rcc.c...
compiling stm32f4xx_syscfg.c...
compiling stm32f4xx_tim.c...
compiling stm32f4xx_usart.c...
compiling stm32f4xx_sdio.c...
compiling stm32f4xx_spi.c...
compiling stm32f4xx_dma.c...
compiling delay.c...
compiling sys.c...
compiling usart.c...
compiling malloc.c...
compiling GUIConf.c...
compiling GUI_X_UCOSII.c...
compiling GUIDRV_Template.c...
compiling LCDConf_FlexColor_Template.c...
compiling GUI_X_Touch_Analog.c...
compiling os_core.c...
compiling os_flag.c...
compiling os_mbox.c...
compiling os_mem.c...
compiling os_mutex.c...
compiling os_q.c...
compiling os_sem.c...
compiling os_task.c...
compiling os_time.c...
compiling os_tmr.c...
compiling os_cpu_c.c...
assembling os_cpu_a.asm...
compiling exfuns.c...
compiling fattester.c...
compiling mycc936.c...
compiling diskio.c...
compiling ff.c...
compiling fontupd.c...
compiling mytext.c...
compiling redraw.c...
linking...
Program Size: Code=114296 RO-data=21428 RW-data=1068 ZI-data=1064020  
FromELF: creating hex file...
"..\OBJ\Template.axf" - 0 Errors, 0 Warning(s).
Build target 'Template'
compiling main.c...
linking...
Program Size: Code=114296 RO-data=21428 RW-data=1068 ZI-data=1064020  
FromELF: creating hex file...
"..\OBJ\Template.axf" - 0 Errors, 0 Warning(s).
Load "..\\OBJ\\Template.axf" 
Erase Done.
Programming Done.
Verify OK.
