Component: ARM Compiler 5.06 update 1 (build 61) Tool: armlink [4d35a8]

==============================================================================

Section Cross References

    main.o(.text) refers to os_time.o(.text) for OSTimeDlyHMSM
    main.o(.text) refers to gui_touch_driveranalog.o(i.GUI_TOUCH_Exec) for GUI_TOUCH_Exec
    main.o(.text) refers to 2ddisplay.o(.text) for display_2d
    main.o(.text) refers to gui_time.o(i.GUI_Delay) for GUI_Delay
    main.o(.text) refers to stm32f4xx_rcc.o(.text) for RCC_AHB1PeriphClockCmd
    main.o(.text) refers to gui_core.o(i.GUI_Init) for GUI_Init
    main.o(.text) refers to os_core.o(.text) for OSStatInit
    main.o(.text) refers to os_cpu_a.o(.text) for OS_CPU_SR_Save
    main.o(.text) refers to os_task.o(.text) for OSTaskCreate
    main.o(.text) refers to delay.o(.text) for delay_init
    main.o(.text) refers to misc.o(.text) for NVIC_PriorityGroupConfig
    main.o(.text) refers to usart.o(.text) for uart_init
    main.o(.text) refers to lcd_drv.o(.text) for TFTLCD_Init
    main.o(.text) refers to touch.o(.text) for TP_Init
    main.o(.text) refers to w25qxx.o(.text) for W25QXX_Init
    main.o(.text) refers to led.o(.text) for LED_Init
    main.o(.text) refers to sram.o(.text) for FSMC_SRAM_Init
    main.o(.text) refers to malloc.o(.text) for mem_init
    main.o(.text) refers to exfuns.o(.text) for exfuns_init
    main.o(.text) refers to ff.o(.text) for f_mount
    main.o(.text) refers to main.o(.bss) for EMWINDEMO_TASK_STK
    main.o(.text) refers to exfuns.o(.data) for fs
    system_stm32f4xx.o(.text) refers to system_stm32f4xx.o(.data) for SystemCoreClock
    led.o(.text) refers to stm32f4xx_rcc.o(.text) for RCC_AHB1PeriphClockCmd
    led.o(.text) refers to stm32f4xx_gpio.o(.text) for GPIO_Init
    sram.o(.text) refers to stm32f4xx_rcc.o(.text) for RCC_AHB1PeriphClockCmd
    sram.o(.text) refers to stm32f4xx_gpio.o(.text) for GPIO_Init
    sram.o(.text) refers to stm32f4xx_fsmc.o(.text) for FSMC_NORSRAMInit
    timer.o(.text) refers to stm32f4xx_rcc.o(.text) for RCC_APB1PeriphClockCmd
    timer.o(.text) refers to stm32f4xx_tim.o(.text) for TIM_TimeBaseInit
    timer.o(.text) refers to misc.o(.text) for NVIC_Init
    timer.o(.text) refers to gui_touch_driveranalog.o(i.GUI_TOUCH_Exec) for GUI_TOUCH_Exec
    touch.o(.text) refers to stm32f4xx_rcc.o(.text) for RCC_AHB1PeriphClockCmd
    touch.o(.text) refers to stm32f4xx_gpio.o(.text) for GPIO_Init
    touch.o(.text) refers to touch.o(.constdata) for cucBit2
    sdio_sdcard.o(.text) refers to stm32f4xx_sdio.o(.text) for SDIO_SendCommand
    sdio_sdcard.o(.text) refers to sdio_sdcard.o(.data) for DeviceMode
    sdio_sdcard.o(.text) refers to sdio_sdcard.o(.bss) for SDIO_CmdInitStructure
    sdio_sdcard.o(.text) refers to stm32f4xx_rcc.o(.text) for RCC_AHB1PeriphClockCmd
    sdio_sdcard.o(.text) refers to stm32f4xx_gpio.o(.text) for GPIO_Init
    sdio_sdcard.o(.text) refers to misc.o(.text) for NVIC_Init
    sdio_sdcard.o(.text) refers to stm32f4xx_dma.o(.text) for DMA_GetCmdStatus
    sdio_sdcard.o(.text) refers to sys.o(.emb_text) for INTX_DISABLE
    sdio_sdcard.o(.text) refers to rt_memcpy_v6.o(.text) for __aeabi_memcpy
    spi.o(.text) refers to stm32f4xx_rcc.o(.text) for RCC_AHB1PeriphClockCmd
    spi.o(.text) refers to stm32f4xx_gpio.o(.text) for GPIO_Init
    spi.o(.text) refers to stm32f4xx_spi.o(.text) for SPI_Init
    w25qxx.o(.text) refers to _printf_percent.o(.ARM.Collect$$_printf_percent$$00000000) for _printf_percent
    w25qxx.o(.text) refers to _printf_x.o(.ARM.Collect$$_printf_percent$$0000000C) for _printf_x
    w25qxx.o(.text) refers to _printf_hex_int.o(.text) for _printf_longlong_hex
    w25qxx.o(.text) refers to spi.o(.text) for SPI1_ReadWriteByte
    w25qxx.o(.text) refers to stm32f4xx_rcc.o(.text) for RCC_AHB1PeriphClockCmd
    w25qxx.o(.text) refers to stm32f4xx_gpio.o(.text) for GPIO_Init
    w25qxx.o(.text) refers to noretval__2printf.o(.text) for __2printf
    w25qxx.o(.text) refers to delay.o(.text) for delay_us
    w25qxx.o(.text) refers to w25qxx.o(.data) for W25QXX_TYPE
    w25qxx.o(.text) refers to w25qxx.o(.bss) for W25QXX_BUFFER
    lcd_drv.o(.text) refers to delay.o(.text) for delay_us
    lcd_drv.o(.text) refers to lcd_drv.o(.bss) for lcddev
    lcd_drv.o(.text) refers to lcd_drv.o(.data) for POINT_COLOR
    lcd_drv.o(.text) refers to stm32f4xx_rcc.o(.text) for RCC_AHB1PeriphClockCmd
    lcd_drv.o(.text) refers to stm32f4xx_gpio.o(.text) for GPIO_Init
    lcd_drv.o(.text) refers to stm32f4xx_fsmc.o(.text) for FSMC_NORSRAMInit
    lcd_drv.o(.text) refers to lcd_drv.o(.constdata) for asc2_1206
    startup_stm32f40_41xxx.o(STACK) refers (Special) to heapauxi.o(.text) for __use_two_region_memory
    startup_stm32f40_41xxx.o(HEAP) refers (Special) to heapauxi.o(.text) for __use_two_region_memory
    startup_stm32f40_41xxx.o(RESET) refers (Special) to heapauxi.o(.text) for __use_two_region_memory
[...]
    0x0801b71c   0x0000000a   Code   RO         3503    x$fpl$fretinf       fz_wm.l(fretinf.o)
    0x0801b726   0x00000000   Code   RO         3505    x$fpl$usenofp       fz_wm.l(usenofp.o)
    0x0801b726   0x00000008   Data   RO          356    .constdata          touch.o
    0x0801b72e   0x000017c0   Data   RO          456    .constdata          lcd_drv.o
    0x0801ceee   0x00000002   PAD
    0x0801cef0   0x0000001c   Data   RO          509    .constdata          stm32f4xx_fsmc.o
    0x0801cf0c   0x00000024   Data   RO          718    .constdata          malloc.o
    0x0801cf30   0x00000034   Data   RO          761    .constdata          guidrv_template.o
    0x0801cf64   0x00000100   Data   RO          884    .constdata          os_core.o
    0x0801d064   0x000003c0   Data   RO         1126    .constdata          mycc936.o
    0x0801d424   0x0000003a   Data   RO         1169    .constdata          ff.o
    0x0801d45e   0x00000034   Data   RO         1236    .constdata          2ddisplay.o
    0x0801d492   0x00000002   PAD
    0x0801d494   0x00000018   Data   RO         1264    .constdata          STemWin522_CM4_Keil.lib(guicc_m565.o)
    0x0801d4ac   0x00000008   Data   RO         1388    .constdata          STemWin522_CM4_Keil.lib(gui_core.o)
    0x0801d4b4   0x00000044   Data   RO         1462    .constdata          STemWin522_CM4_Keil.lib(gui_drawline.o)
    0x0801d4f8   0x00000058   Data   RO         1509    .constdata          STemWin522_CM4_Keil.lib(gui_enablealpha.o)
    0x0801d550   0x0000004c   Data   RO         1599    .constdata          STemWin522_CM4_Keil.lib(gui_setalpha.o)
    0x0801d59c   0x00000010   Data   RO         1802    .constdata          STemWin522_CM4_Keil.lib(f16_ascii.o)
    0x0801d5ac   0x00000010   Data   RO         1803    .constdata          STemWin522_CM4_Keil.lib(f16_ascii.o)
    0x0801d5bc   0x00000010   Data   RO         1804    .constdata          STemWin522_CM4_Keil.lib(f16_ascii.o)
    0x0801d5cc   0x00000010   Data   RO         1805    .constdata          STemWin522_CM4_Keil.lib(f16_ascii.o)
    0x0801d5dc   0x00000010   Data   RO         1806    .constdata          STemWin522_CM4_Keil.lib(f16_ascii.o)
    0x0801d5ec   0x00000020   Data   RO         1807    .constdata          STemWin522_CM4_Keil.lib(f16_ascii.o)
    0x0801d60c   0x00000020   Data   RO         1808    .constdata          STemWin522_CM4_Keil.lib(f16_ascii.o)
    0x0801d62c   0x00000010   Data   RO         1809    .constdata          STemWin522_CM4_Keil.lib(f16_ascii.o)
    0x0801d63c   0x00000010   Data   RO         1810    .constdata          STemWin522_CM4_Keil.lib(f16_ascii.o)
    0x0801d64c   0x00000010   Data   RO         1811    .constdata          STemWin522_CM4_Keil.lib(f16_ascii.o)
    0x0801d65c   0x00000010   Data   RO         1812    .constdata          STemWin522_CM4_Keil.lib(f16_ascii.o)
    0x0801d66c   0x00000010   Data   RO         1813    .constdata          STemWin522_CM4_Keil.lib(f16_ascii.o)
    0x0801d67c   0x00000010   Data   RO         1814    .constdata          STemWin522_CM4_Keil.lib(f16_ascii.o)
    0x0801d68c   0x00000010   Data   RO         1815    .constdata          STemWin522_CM4_Keil.lib(f16_ascii.o)
    0x0801d69c   0x00000010   Data   RO         1816    .constdata          STemWin522_CM4_Keil.lib(f16_ascii.o)
    0x0801d6ac   0x00000010   Data   RO         1817    .constdata          STemWin522_CM4_Keil.lib(f16_ascii.o)
    0x0801d6bc   0x00000010   Data   RO         1818    .constdata          STemWin522_CM4_Keil.lib(f16_ascii.o)
    0x0801d6cc   0x00000010   Data   RO         1819    .constdata          STemWin522_CM4_Keil.lib(f16_ascii.o)
    0x0801d6dc   0x00000010   Data   RO         1820    .constdata          STemWin522_CM4_Keil.lib(f16_ascii.o)
    0x0801d6ec   0x00000010   Data   RO         1821    .constdata          STemWin522_CM4_Keil.lib(f16_ascii.o)
    0x0801d6fc   0x00000010   Data   RO         1822    .constdata          STemWin522_CM4_Keil.lib(f16_ascii.o)
    0x0801d70c   0x00000010   Data   RO         1823    .constdata          STemWin522_CM4_Keil.lib(f16_ascii.o)
    0x0801d71c   0x00000010   Data   RO         1824    .constdata          STemWin522_CM4_Keil.lib(f16_ascii.o)
    0x0801d72c   0x00000010   Data   RO         1825    .constdata          STemWin522_CM4_Keil.lib(f16_ascii.o)
    0x0801d73c   0x00000010   Data   RO         1826    .constdata          STemWin522_CM4_Keil.lib(f16_ascii.o)
    0x0801d74c   0x00000010   Data   RO         1827    .constdata          STemWin522_CM4_Keil.lib(f16_ascii.o)
    0x0801d75c   0x00000010   Data   RO         1828    .constdata          STemWin522_CM4_Keil.lib(f16_ascii.o)
    0x0801d76c   0x00000010   Data   RO         1829    .constdata          STemWin522_CM4_Keil.lib(f16_ascii.o)
    0x0801d77c   0x00000010   Data   RO         1830    .constdata          STemWin522_CM4_Keil.lib(f16_ascii.o)
    0x0801d78c   0x00000010   Data   RO         1831    .constdata          STemWin522_CM4_Keil.lib(f16_ascii.o)
    0x0801d79c   0x00000010   Data   RO         1832    .constdata          STemWin522_CM4_Keil.lib(f16_ascii.o)
    0x0801d7ac   0x00000010   Data   RO         1833    .constdata          STemWin522_CM4_Keil.lib(f16_ascii.o)
    0x0801d7bc   0x00000020   Data   RO         1834    .constdata          STemWin522_CM4_Keil.lib(f16_ascii.o)
    0x0801d7dc   0x00000020   Data   RO         1835    .constdata          STemWin522_CM4_Keil.lib(f16_ascii.o)
    0x0801d7fc   0x00000020   Data   RO         1836    .constdata          STemWin522_CM4_Keil.lib(f16_ascii.o)
    0x0801d81c   0x00000020   Data   RO         1837    .constdata          STemWin522_CM4_Keil.lib(f16_ascii.o)
    0x0801d83c   0x00000020   Data   RO         1838    .constdata          STemWin522_CM4_Keil.lib(f16_ascii.o)
    0x0801d85c   0x00000020   Data   RO         1839    .constdata          STemWin522_CM4_Keil.lib(f16_ascii.o)
    0x0801d87c   0x00000010   Data   RO         1840    .constdata          STemWin522_CM4_Keil.lib(f16_ascii.o)
    0x0801d88c   0x00000020   Data   RO         1841    .constdata          STemWin522_CM4_Keil.lib(f16_ascii.o)
    0x0801d8ac   0x00000020   Data   RO         1842    .constdata          STemWin522_CM4_Keil.lib(f16_ascii.o)
    0x0801d8cc   0x00000010   Data   RO         1843    .constdata          STemWin522_CM4_Keil.lib(f16_ascii.o)
    0x0801d8dc   0x00000010   Data   RO         1844    .constdata          STemWin522_CM4_Keil.lib(f16_ascii.o)
    0x0801d8ec   0x00000020   Data   RO         1845    .constdata          STemWin522_CM4_Keil.lib(f16_ascii.o)
    0x0801d90c   0x00000010   Data   RO         1846    .constdata          STemWin522_CM4_Keil.lib(f16_ascii.o)
    0x0801d91c   0x00000020   Data   RO         1847    .constdata          STemWin522_CM4_Keil.lib(f16_ascii.o)
    0x0801d93c   0x00000020   Data   RO         1848    .constdata          STemWin522_CM4_Keil.lib(f16_ascii.o)
    0x0801d95c   0x00000020   Data   RO         1849    .constdata          STemWin522_CM4_Keil.lib(f16_ascii.o)
    0x0801d97c   0x00000020   Data   RO         1850    .constdata          STemWin522_CM4_Keil.lib(f16_ascii.o)
    0x0801d99c   0x00000020   Data   RO         1851    .constdata          STemWin522_CM4_Keil.lib(f16_ascii.o)
    0x0801d9bc   0x00000020   Data   RO         1852    .constdata          STemWin522_CM4_Keil.lib(f16_ascii.o)
    0x0801d9dc   0x00000020   Data   RO         1853    .constdata          STemWin522_CM4_Keil.lib(f16_ascii.o)
    0x0801d9fc   0x00000010   Data   RO         1854    .constdata          STemWin522_CM4_Keil.lib(f16_ascii.o)
    0x0801da0c   0x00000020   Data   RO         1855    .constdata          STemWin522_CM4_Keil.lib(f16_ascii.o)
    0x0801da2c   0x00000020   Data   RO         1856    .constdata          STemWin522_CM4_Keil.lib(f16_ascii.o)
    0x0801da4c   0x00000020   Data   RO         1857    .constdata          STemWin522_CM4_Keil.lib(f16_ascii.o)
    0x0801da6c   0x00000010   Data   RO         1858    .constdata          STemWin522_CM4_Keil.lib(f16_ascii.o)
    0x0801da7c   0x00000020   Data   RO         1859    .constdata          STemWin522_CM4_Keil.lib(f16_ascii.o)
    0x0801da9c   0x00000010   Data   RO         1860    .constdata          STemWin522_CM4_Keil.lib(f16_ascii.o)
    0x0801daac   0x00000010   Data   RO         1861    .constdata          STemWin522_CM4_Keil.lib(f16_ascii.o)
    0x0801dabc   0x00000010   Data   RO         1862    .constdata          STemWin522_CM4_Keil.lib(f16_ascii.o)
    0x0801dacc   0x00000010   Data   RO         1863    .constdata          STemWin522_CM4_Keil.lib(f16_ascii.o)
    0x0801dadc   0x00000010   Data   RO         1864    .constdata          STemWin522_CM4_Keil.lib(f16_ascii.o)
    0x0801daec   0x00000010   Data   RO         1865    .constdata          STemWin522_CM4_Keil.lib(f16_ascii.o)
    0x0801dafc   0x00000010   Data   RO         1866    .constdata          STemWin522_CM4_Keil.lib(f16_ascii.o)
    0x0801db0c   0x00000010   Data   RO         1867    .constdata          STemWin522_CM4_Keil.lib(f16_ascii.o)
    0x0801db1c   0x00000010   Data   RO         1868    .constdata          STemWin522_CM4_Keil.lib(f16_ascii.o)
    0x0801db2c   0x00000010   Data   RO         1869    .constdata          STemWin522_CM4_Keil.lib(f16_ascii.o)
    0x0801db3c   0x00000010   Data   RO         1870    .constdata          STemWin522_CM4_Keil.lib(f16_ascii.o)
    0x0801db4c   0x00000010   Data   RO         1871    .constdata          STemWin522_CM4_Keil.lib(f16_ascii.o)
    0x0801db5c   0x00000010   Data   RO         1872    .constdata          STemWin522_CM4_Keil.lib(f16_ascii.o)
    0x0801db6c   0x00000010   Data   RO         1873    .constdata          STemWin522_CM4_Keil.lib(f16_ascii.o)
    0x0801db7c   0x00000010   Data   RO         1874    .constdata          STemWin522_CM4_Keil.lib(f16_ascii.o)
    0x0801db8c   0x00000010   Data   RO         1875    .constdata          STemWin522_CM4_Keil.lib(f16_ascii.o)
    0x0801db9c   0x00000010   Data   RO         1876    .constdata          STemWin522_CM4_Keil.lib(f16_ascii.o)
    0x0801dbac   0x00000010   Data   RO         1877    .constdata          STemWin522_CM4_Keil.lib(f16_ascii.o)
    0x0801dbbc   0x00000010   Data   RO         1878    .constdata          STemWin522_CM4_Keil.lib(f16_ascii.o)
    0x0801dbcc   0x00000020   Data   RO         1879    .constdata          STemWin522_CM4_Keil.lib(f16_ascii.o)
    0x0801dbec   0x00000010   Data   RO         1880    .constdata          STemWin522_CM4_Keil.lib(f16_ascii.o)
    0x0801dbfc   0x00000010   Data   RO         1881    .constdata          STemWin522_CM4_Keil.lib(f16_ascii.o)
    0x0801dc0c   0x00000010   Data   RO         1882    .constdata          STemWin522_CM4_Keil.lib(f16_ascii.o)
    0x0801dc1c   0x00000010   Data   RO         1883    .constdata          STemWin522_CM4_Keil.lib(f16_ascii.o)
    0x0801dc2c   0x00000010   Data   RO         1884    .constdata          STemWin522_CM4_Keil.lib(f16_ascii.o)
    0x0801dc3c   0x00000010   Data   RO         1885    .constdata          STemWin522_CM4_Keil.lib(f16_ascii.o)
    0x0801dc4c   0x00000010   Data   RO         1886    .constdata          STemWin522_CM4_Keil.lib(f16_ascii.o)
    0x0801dc5c   0x00000010   Data   RO         1887    .constdata          STemWin522_CM4_Keil.lib(f16_ascii.o)
    0x0801dc6c   0x00000010   Data   RO         1888    .constdata          STemWin522_CM4_Keil.lib(f16_ascii.o)
    0x0801dc7c   0x00000020   Data   RO         1889    .constdata          STemWin522_CM4_Keil.lib(f16_ascii.o)
    0x0801dc9c   0x00000010   Data   RO         1890    .constdata          STemWin522_CM4_Keil.lib(f16_ascii.o)
    0x0801dcac   0x00000010   Data   RO         1891    .constdata          STemWin522_CM4_Keil.lib(f16_ascii.o)
    0x0801dcbc   0x00000010   Data   RO         1892    .constdata          STemWin522_CM4_Keil.lib(f16_ascii.o)
    0x0801dccc   0x00000010   Data   RO         1893    .constdata          STemWin522_CM4_Keil.lib(f16_ascii.o)
    0x0801dcdc   0x00000010   Data   RO         1894    .constdata          STemWin522_CM4_Keil.lib(f16_ascii.o)
    0x0801dcec   0x00000010   Data   RO         1895    .constdata          STemWin522_CM4_Keil.lib(f16_ascii.o)
    0x0801dcfc   0x00000010   Data   RO         1896    .constdata          STemWin522_CM4_Keil.lib(f16_ascii.o)
    0x0801dd0c   0x00000300   Data   RO         1897    .constdata          STemWin522_CM4_Keil.lib(f16_ascii.o)
    0x0801e00c   0x0000000c   Data   RO         1898    .constdata          STemWin522_CM4_Keil.lib(f16_ascii.o)
    0x0801e018   0x00000024   Data   RO         1899    .constdata          STemWin522_CM4_Keil.lib(f16_ascii.o)
    0x0801e03c   0x00000018   Data   RO         1900    .constdata          STemWin522_CM4_Keil.lib(f24_ascii.o)
    0x0801e054   0x00000018   Data   RO         1901    .constdata          STemWin522_CM4_Keil.lib(f24_ascii.o)
    0x0801e06c   0x00000018   Data   RO         1902    .constdata          STemWin522_CM4_Keil.lib(f24_ascii.o)
    0x0801e084   0x00000030   Data   RO         1903    .constdata          STemWin522_CM4_Keil.lib(f24_ascii.o)
    0x0801e0b4   0x00000030   Data   RO         1904    .constdata          STemWin522_CM4_Keil.lib(f24_ascii.o)
    0x0801e0e4   0x00000048   Data   RO         1905    .constdata          STemWin522_CM4_Keil.lib(f24_ascii.o)
    0x0801e12c   0x00000030   Data   RO         1906    .constdata          STemWin522_CM4_Keil.lib(f24_ascii.o)
    0x0801e15c   0x00000018   Data   RO         1907    .constdata          STemWin522_CM4_Keil.lib(f24_ascii.o)
    0x0801e174   0x00000018   Data   RO         1908    .constdata          STemWin522_CM4_Keil.lib(f24_ascii.o)
    0x0801e18c   0x00000018   Data   RO         1909    .constdata          STemWin522_CM4_Keil.lib(f24_ascii.o)
    0x0801e1a4   0x00000018   Data   RO         1910    .constdata          STemWin522_CM4_Keil.lib(f24_ascii.o)
    0x0801e1bc   0x00000030   Data   RO         1911    .constdata          STemWin522_CM4_Keil.lib(f24_ascii.o)
    0x0801e1ec   0x00000018   Data   RO         1912    .constdata          STemWin522_CM4_Keil.lib(f24_ascii.o)
    0x0801e204   0x00000018   Data   RO         1913    .constdata          STemWin522_CM4_Keil.lib(f24_ascii.o)
    0x0801e21c   0x00000018   Data   RO         1914    .constdata          STemWin522_CM4_Keil.lib(f24_ascii.o)
    0x0801e234   0x00000018   Data   RO         1915    .constdata          STemWin522_CM4_Keil.lib(f24_ascii.o)
    0x0801e24c   0x00000030   Data   RO         1916    .constdata          STemWin522_CM4_Keil.lib(f24_ascii.o)
    0x0801e27c   0x00000030   Data   RO         1917    .constdata          STemWin522_CM4_Keil.lib(f24_ascii.o)
    0x0801e2ac   0x00000030   Data   RO         1918    .constdata          STemWin522_CM4_Keil.lib(f24_ascii.o)
    0x0801e2dc   0x00000030   Data   RO         1919    .constdata          STemWin522_CM4_Keil.lib(f24_ascii.o)
    0x0801e30c   0x00000030   Data   RO         1920    .constdata          STemWin522_CM4_Keil.lib(f24_ascii.o)
    0x0801e33c   0x00000030   Data   RO         1921    .constdata          STemWin522_CM4_Keil.lib(f24_ascii.o)
    0x0801e36c   0x00000030   Data   RO         1922    .constdata          STemWin522_CM4_Keil.lib(f24_ascii.o)
    0x0801e39c   0x00000030   Data   RO         1923    .constdata          STemWin522_CM4_Keil.lib(f24_ascii.o)
    0x0801e3cc   0x00000030   Data   RO         1924    .constdata          STemWin522_CM4_Keil.lib(f24_ascii.o)
    0x0801e3fc   0x00000030   Data   RO         1925    .constdata          STemWin522_CM4_Keil.lib(f24_ascii.o)
    0x0801e42c   0x00000018   Data   RO         1926    .constdata          STemWin522_CM4_Keil.lib(f24_ascii.o)
    0x0801e444   0x00000018   Data   RO         1927    .constdata          STemWin522_CM4_Keil.lib(f24_ascii.o)
    0x0801e45c   0x00000030   Data   RO         1928    .constdata          STemWin522_CM4_Keil.lib(f24_ascii.o)
    0x0801e48c   0x00000030   Data   RO         1929    .constdata          STemWin522_CM4_Keil.lib(f24_ascii.o)
    0x0801e4bc   0x00000030   Data   RO         1930    .constdata          STemWin522_CM4_Keil.lib(f24_ascii.o)
    0x0801e4ec   0x00000030   Data   RO         1931    .constdata          STemWin522_CM4_Keil.lib(f24_ascii.o)
    0x0801e51c   0x00000048   Data   RO         1932    .constdata          STemWin522_CM4_Keil.lib(f24_ascii.o)
    0x0801e564   0x00000030   Data   RO         1933    .constdata          STemWin522_CM4_Keil.lib(f24_ascii.o)
    0x0801e594   0x00000030   Data   RO         1934    .constdata          STemWin522_CM4_Keil.lib(f24_ascii.o)
    0x0801e5c4   0x00000030   Data   RO         1935    .constdata          STemWin522_CM4_Keil.lib(f24_ascii.o)
    0x0801e5f4   0x00000030   Data   RO         1936    .constdata          STemWin522_CM4_Keil.lib(f24_ascii.o)
    0x0801e624   0x00000030   Data   RO         1937    .constdata          STemWin522_CM4_Keil.lib(f24_ascii.o)
    0x0801e654   0x00000030   Data   RO         1938    .constdata          STemWin522_CM4_Keil.lib(f24_ascii.o)
    0x0801e684   0x00000030   Data   RO         1939    .constdata          STemWin522_CM4_Keil.lib(f24_ascii.o)
    0x0801e6b4   0x00000030   Data   RO         1940    .constdata          STemWin522_CM4_Keil.lib(f24_ascii.o)
    0x0801e6e4   0x00000018   Data   RO         1941    .constdata          STemWin522_CM4_Keil.lib(f24_ascii.o)
    0x0801e6fc   0x00000030   Data   RO         1942    .constdata          STemWin522_CM4_Keil.lib(f24_ascii.o)
    0x0801e72c   0x00000030   Data   RO         1943    .constdata          STemWin522_CM4_Keil.lib(f24_ascii.o)
    0x0801e75c   0x00000030   Data   RO         1944    .constdata          STemWin522_CM4_Keil.lib(f24_ascii.o)
    0x0801e78c   0x00000048   Data   RO         1945    .constdata          STemWin522_CM4_Keil.lib(f24_ascii.o)
    0x0801e7d4   0x00000030   Data   RO         1946    .constdata          STemWin522_CM4_Keil.lib(f24_ascii.o)
    0x0801e804   0x00000030   Data   RO         1947    .constdata          STemWin522_CM4_Keil.lib(f24_ascii.o)
    0x0801e834   0x00000030   Data   RO         1948    .constdata          STemWin522_CM4_Keil.lib(f24_ascii.o)
    0x0801e864   0x00000030   Data   RO         1949    .constdata          STemWin522_CM4_Keil.lib(f24_ascii.o)
    0x0801e894   0x00000030   Data   RO         1950    .constdata          STemWin522_CM4_Keil.lib(f24_ascii.o)
    0x0801e8c4   0x00000030   Data   RO         1951    .constdata          STemWin522_CM4_Keil.lib(f24_ascii.o)
    0x0801e8f4   0x00000030   Data   RO         1952    .constdata          STemWin522_CM4_Keil.lib(f24_ascii.o)
    0x0801e924   0x00000030   Data   RO         1953    .constdata          STemWin522_CM4_Keil.lib(f24_ascii.o)
    0x0801e954   0x00000030   Data   RO         1954    .constdata          STemWin522_CM4_Keil.lib(f24_ascii.o)
    0x0801e984   0x00000048   Data   RO         1955    .constdata          STemWin522_CM4_Keil.lib(f24_ascii.o)
    0x0801e9cc   0x00000030   Data   RO         1956    .constdata          STemWin522_CM4_Keil.lib(f24_ascii.o)
    0x0801e9fc   0x00000030   Data   RO         1957    .constdata          STemWin522_CM4_Keil.lib(f24_ascii.o)
    0x0801ea2c   0x00000030   Data   RO         1958    .constdata          STemWin522_CM4_Keil.lib(f24_ascii.o)
    0x0801ea5c   0x00000018   Data   RO         1959    .constdata          STemWin522_CM4_Keil.lib(f24_ascii.o)
    0x0801ea74   0x00000018   Data   RO         1960    .constdata          STemWin522_CM4_Keil.lib(f24_ascii.o)
    0x0801ea8c   0x00000018   Data   RO         1961    .constdata          STemWin522_CM4_Keil.lib(f24_ascii.o)
    0x0801eaa4   0x00000018   Data   RO         1962    .constdata          STemWin522_CM4_Keil.lib(f24_ascii.o)
    0x0801eabc   0x00000030   Data   RO         1963    .constdata          STemWin522_CM4_Keil.lib(f24_ascii.o)
    0x0801eaec   0x00000018   Data   RO         1964    .constdata          STemWin522_CM4_Keil.lib(f24_ascii.o)
    0x0801eb04   0x00000030   Data   RO         1965    .constdata          STemWin522_CM4_Keil.lib(f24_ascii.o)
    0x0801eb34   0x00000030   Data   RO         1966    .constdata          STemWin522_CM4_Keil.lib(f24_ascii.o)
    0x0801eb64   0x00000030   Data   RO         1967    .constdata          STemWin522_CM4_Keil.lib(f24_ascii.o)
    0x0801eb94   0x00000030   Data   RO         1968    .constdata          STemWin522_CM4_Keil.lib(f24_ascii.o)
    0x0801ebc4   0x00000030   Data   RO         1969    .constdata          STemWin522_CM4_Keil.lib(f24_ascii.o)
    0x0801ebf4   0x00000018   Data   RO         1970    .constdata          STemWin522_CM4_Keil.lib(f24_ascii.o)
    0x0801ec0c   0x00000030   Data   RO         1971    .constdata          STemWin522_CM4_Keil.lib(f24_ascii.o)
    0x0801ec3c   0x00000030   Data   RO         1972    .constdata          STemWin522_CM4_Keil.lib(f24_ascii.o)
    0x0801ec6c   0x00000018   Data   RO         1973    .constdata          STemWin522_CM4_Keil.lib(f24_ascii.o)
    0x0801ec84   0x00000018   Data   RO         1974    .constdata          STemWin522_CM4_Keil.lib(f24_ascii.o)
    0x0801ec9c   0x00000030   Data   RO         1975    .constdata          STemWin522_CM4_Keil.lib(f24_ascii.o)
    0x0801eccc   0x00000018   Data   RO         1976    .constdata          STemWin522_CM4_Keil.lib(f24_ascii.o)
    0x0801ece4   0x00000030   Data   RO         1977    .constdata          STemWin522_CM4_Keil.lib(f24_ascii.o)
    0x0801ed14   0x00000030   Data   RO         1978    .constdata          STemWin522_CM4_Keil.lib(f24_ascii.o)
    0x0801ed44   0x00000030   Data   RO         1979    .constdata          STemWin522_CM4_Keil.lib(f24_ascii.o)
    0x0801ed74   0x00000030   Data   RO         1980    .constdata          STemWin522_CM4_Keil.lib(f24_ascii.o)
    0x0801eda4   0x00000030   Data   RO         1981    .constdata          STemWin522_CM4_Keil.lib(f24_ascii.o)
    0x0801edd4   0x00000018   Data   RO         1982    .constdata          STemWin522_CM4_Keil.lib(f24_ascii.o)
    0x0801edec   0x00000030   Data   RO         1983    .constdata          STemWin522_CM4_Keil.lib(f24_ascii.o)
    0x0801ee1c   0x00000018   Data   RO         1984    .constdata          STemWin522_CM4_Keil.lib(f24_ascii.o)
    0x0801ee34   0x00000030   Data   RO         1985    .constdata          STemWin522_CM4_Keil.lib(f24_ascii.o)
    0x0801ee64   0x00000030   Data   RO         1986    .constdata          STemWin522_CM4_Keil.lib(f24_ascii.o)
    0x0801ee94   0x00000030   Data   RO         1987    .constdata          STemWin522_CM4_Keil.lib(f24_ascii.o)
    0x0801eec4   0x00000030   Data   RO         1988    .constdata          STemWin522_CM4_Keil.lib(f24_ascii.o)
    0x0801eef4   0x00000030   Data   RO         1989    .constdata          STemWin522_CM4_Keil.lib(f24_ascii.o)
    0x0801ef24   0x00000030   Data   RO         1990    .constdata          STemWin522_CM4_Keil.lib(f24_ascii.o)
    0x0801ef54   0x00000018   Data   RO         1991    .constdata          STemWin522_CM4_Keil.lib(f24_ascii.o)
    0x0801ef6c   0x00000018   Data   RO         1992    .constdata          STemWin522_CM4_Keil.lib(f24_ascii.o)
    0x0801ef84   0x00000018   Data   RO         1993    .constdata          STemWin522_CM4_Keil.lib(f24_ascii.o)
    0x0801ef9c   0x00000030   Data   RO         1994    .constdata          STemWin522_CM4_Keil.lib(f24_ascii.o)
    0x0801efcc   0x000002f8   Data   RO         1995    .constdata          STemWin522_CM4_Keil.lib(f24_ascii.o)
    0x0801f2c4   0x0000000c   Data   RO         1996    .constdata          STemWin522_CM4_Keil.lib(f24_ascii.o)
    0x0801f2d0   0x00000024   Data   RO         1997    .constdata          STemWin522_CM4_Keil.lib(f24_ascii.o)
    0x0801f2f4   0x00000020   Data   RO         1998    .constdata          STemWin522_CM4_Keil.lib(f32_1.o)
    0x0801f314   0x00000020   Data   RO         1999    .constdata          STemWin522_CM4_Keil.lib(f32_1.o)
    0x0801f334   0x00000040   Data   RO         2000    .constdata          STemWin522_CM4_Keil.lib(f32_1.o)
    0x0801f374   0x00000040   Data   RO         2001    .constdata          STemWin522_CM4_Keil.lib(f32_1.o)
    0x0801f3b4   0x00000040   Data   RO         2002    .constdata          STemWin522_CM4_Keil.lib(f32_1.o)
    0x0801f3f4   0x00000040   Data   RO         2003    .constdata          STemWin522_CM4_Keil.lib(f32_1.o)
    0x0801f434   0x00000020   Data   RO         2004    .constdata          STemWin522_CM4_Keil.lib(f32_1.o)
    0x0801f454   0x00000040   Data   RO         2005    .constdata          STemWin522_CM4_Keil.lib(f32_1.o)
    0x0801f494   0x00000040   Data   RO         2006    .constdata          STemWin522_CM4_Keil.lib(f32_1.o)
    0x0801f4d4   0x00000060   Data   RO         2007    .constdata          STemWin522_CM4_Keil.lib(f32_1.o)
    0x0801f534   0x00000040   Data   RO         2008    .constdata          STemWin522_CM4_Keil.lib(f32_1.o)
    0x0801f574   0x00000040   Data   RO         2009    .constdata          STemWin522_CM4_Keil.lib(f32_1.o)
    0x0801f5b4   0x00000040   Data   RO         2010    .constdata          STemWin522_CM4_Keil.lib(f32_1.o)
    0x0801f5f4   0x00000040   Data   RO         2011    .constdata          STemWin522_CM4_Keil.lib(f32_1.o)
    0x0801f634   0x00000060   Data   RO         2012    .constdata          STemWin522_CM4_Keil.lib(f32_1.o)
    0x0801f694   0x00000040   Data   RO         2013    .constdata          STemWin522_CM4_Keil.lib(f32_1.o)
    0x0801f6d4   0x00000040   Data   RO         2014    .constdata          STemWin522_CM4_Keil.lib(f32_1.o)
    0x0801f714   0x00000040   Data   RO         2015    .constdata          STemWin522_CM4_Keil.lib(f32_1.o)
    0x0801f754   0x00000040   Data   RO         2016    .constdata          STemWin522_CM4_Keil.lib(f32_1.o)
    0x0801f794   0x00000040   Data   RO         2017    .constdata          STemWin522_CM4_Keil.lib(f32_1.o)
    0x0801f7d4   0x00000040   Data   RO         2018    .constdata          STemWin522_CM4_Keil.lib(f32_1.o)
    0x0801f814   0x00000040   Data   RO         2019    .constdata          STemWin522_CM4_Keil.lib(f32_1.o)
    0x0801f854   0x00000040   Data   RO         2020    .constdata          STemWin522_CM4_Keil.lib(f32_1.o)
    0x0801f894   0x00000020   Data   RO         2021    .constdata          STemWin522_CM4_Keil.lib(f32_1.o)
    0x0801f8b4   0x00000040   Data   RO         2022    .constdata          STemWin522_CM4_Keil.lib(f32_1.o)
    0x0801f8f4   0x00000040   Data   RO         2023    .constdata          STemWin522_CM4_Keil.lib(f32_1.o)
    0x0801f934   0x00000040   Data   RO         2024    .constdata          STemWin522_CM4_Keil.lib(f32_1.o)
    0x0801f974   0x00000040   Data   RO         2025    .constdata          STemWin522_CM4_Keil.lib(f32_1.o)
    0x0801f9b4   0x00000060   Data   RO         2026    .constdata          STemWin522_CM4_Keil.lib(f32_1.o)
    0x0801fa14   0x00000060   Data   RO         2027    .constdata          STemWin522_CM4_Keil.lib(f32_1.o)
    0x0801fa74   0x00000060   Data   RO         2028    .constdata          STemWin522_CM4_Keil.lib(f32_1.o)
    0x0801fad4   0x00000060   Data   RO         2029    .constdata          STemWin522_CM4_Keil.lib(f32_1.o)
    0x0801fb34   0x00000060   Data   RO         2030    .constdata          STemWin522_CM4_Keil.lib(f32_1.o)
    0x0801fb94   0x00000060   Data   RO         2031    .constdata          STemWin522_CM4_Keil.lib(f32_1.o)
    0x0801fbf4   0x00000060   Data   RO         2032    .constdata          STemWin522_CM4_Keil.lib(f32_1.o)
    0x0801fc54   0x00000060   Data   RO         2033    .constdata          STemWin522_CM4_Keil.lib(f32_1.o)
    0x0801fcb4   0x00000060   Data   RO         2034    .constdata          STemWin522_CM4_Keil.lib(f32_1.o)
    0x0801fd14   0x00000060   Data   RO         2035    .constdata          STemWin522_CM4_Keil.lib(f32_1.o)
    0x0801fd74   0x00000080   Data   RO         2036    .constdata          STemWin522_CM4_Keil.lib(f32_1.o)
    0x0801fdf4   0x00000060   Data   RO         2037    .constdata          STemWin522_CM4_Keil.lib(f32_1.o)
    0x0801fe54   0x00000060   Data   RO         2038    .constdata          STemWin522_CM4_Keil.lib(f32_1.o)
    0x0801feb4   0x00000060   Data   RO         2039    .constdata          STemWin522_CM4_Keil.lib(f32_1.o)
    0x0801ff14   0x00000060   Data   RO         2040    .constdata          STemWin522_CM4_Keil.lib(f32_1.o)
    0x0801ff74   0x00000060   Data   RO         2041    .constdata          STemWin522_CM4_Keil.lib(f32_1.o)
    0x0801ffd4   0x00000020   Data   RO         2042    .constdata          STemWin522_CM4_Keil.lib(f32_1.o)
    0x0801fff4   0x00000020   Data   RO         2043    .constdata          STemWin522_CM4_Keil.lib(f32_1.o)
    0x08020014   0x00000020   Data   RO         2044    .constdata          STemWin522_CM4_Keil.lib(f32_1.o)
    0x08020034   0x00000020   Data   RO         2045    .constdata          STemWin522_CM4_Keil.lib(f32_1.o)
    0x08020054   0x00000060   Data   RO         2046    .constdata          STemWin522_CM4_Keil.lib(f32_1.o)
    0x080200b4   0x00000060   Data   RO         2047    .constdata          STemWin522_CM4_Keil.lib(f32_1.o)
    0x08020114   0x00000060   Data   RO         2048    .constdata          STemWin522_CM4_Keil.lib(f32_1.o)
    0x08020174   0x00000060   Data   RO         2049    .constdata          STemWin522_CM4_Keil.lib(f32_1.o)
    0x080201d4   0x00000060   Data   RO         2050    .constdata          STemWin522_CM4_Keil.lib(f32_1.o)
    0x08020234   0x00000060   Data   RO         2051    .constdata          STemWin522_CM4_Keil.lib(f32_1.o)
    0x08020294   0x00000060   Data   RO         2052    .constdata          STemWin522_CM4_Keil.lib(f32_1.o)
    0x080202f4   0x00000040   Data   RO         2053    .constdata          STemWin522_CM4_Keil.lib(f32_1.o)
    0x08020334   0x00000060   Data   RO         2054    .constdata          STemWin522_CM4_Keil.lib(f32_1.o)
    0x08020394   0x00000060   Data   RO         2055    .constdata          STemWin522_CM4_Keil.lib(f32_1.o)
    0x080203f4   0x00000060   Data   RO         2056    .constdata          STemWin522_CM4_Keil.lib(f32_1.o)
    0x08020454   0x00000060   Data   RO         2057    .constdata          STemWin522_CM4_Keil.lib(f32_1.o)
    0x080204b4   0x00000060   Data   RO         2058    .constdata          STemWin522_CM4_Keil.lib(f32_1.o)
    0x08020514   0x00000060   Data   RO         2059    .constdata          STemWin522_CM4_Keil.lib(f32_1.o)
    0x08020574   0x00000060   Data   RO         2060    .constdata          STemWin522_CM4_Keil.lib(f32_1.o)
    0x080205d4   0x00000060   Data   RO         2061    .constdata          STemWin522_CM4_Keil.lib(f32_1.o)
    0x08020634   0x00000040   Data   RO         2062    .constdata          STemWin522_CM4_Keil.lib(f32_1.o)
    0x08020674   0x00000040   Data   RO         2063    .constdata          STemWin522_CM4_Keil.lib(f32_1.o)
    0x080206b4   0x00000040   Data   RO         2064    .constdata          STemWin522_CM4_Keil.lib(f32_1.o)
    0x080206f4   0x00000040   Data   RO         2065    .constdata          STemWin522_CM4_Keil.lib(f32_1.o)
    0x08020734   0x00000040   Data   RO         2066    .constdata          STemWin522_CM4_Keil.lib(f32_1.o)
    0x08020774   0x00000040   Data   RO         2067    .constdata          STemWin522_CM4_Keil.lib(f32_1.o)
    0x080207b4   0x00000060   Data   RO         2068    .constdata          STemWin522_CM4_Keil.lib(f32_1.o)
    0x08020814   0x00000040   Data   RO         2069    .constdata          STemWin522_CM4_Keil.lib(f32_1.o)
    0x08020854   0x00000040   Data   RO         2070    .constdata          STemWin522_CM4_Keil.lib(f32_1.o)
    0x08020894   0x00000040   Data   RO         2071    .constdata          STemWin522_CM4_Keil.lib(f32_1.o)
    0x080208d4   0x00000040   Data   RO         2072    .constdata          STemWin522_CM4_Keil.lib(f32_1.o)
    0x08020914   0x00000040   Data   RO         2073    .constdata          STemWin522_CM4_Keil.lib(f32_1.o)
    0x08020954   0x00000020   Data   RO         2074    .constdata          STemWin522_CM4_Keil.lib(f32_1.o)
    0x08020974   0x00000020   Data   RO         2075    .constdata          STemWin522_CM4_Keil.lib(f32_1.o)
    0x08020994   0x00000020   Data   RO         2076    .constdata          STemWin522_CM4_Keil.lib(f32_1.o)
    0x080209b4   0x00000020   Data   RO         2077    .constdata          STemWin522_CM4_Keil.lib(f32_1.o)
    0x080209d4   0x00000040   Data   RO         2078    .constdata          STemWin522_CM4_Keil.lib(f32_1.o)
    0x08020a14   0x00000040   Data   RO         2079    .constdata          STemWin522_CM4_Keil.lib(f32_1.o)
    0x08020a54   0x00000040   Data   RO         2080    .constdata          STemWin522_CM4_Keil.lib(f32_1.o)
    0x08020a94   0x00000040   Data   RO         2081    .constdata          STemWin522_CM4_Keil.lib(f32_1.o)
    0x08020ad4   0x00000040   Data   RO         2082    .constdata          STemWin522_CM4_Keil.lib(f32_1.o)
    0x08020b14   0x00000040   Data   RO         2083    .constdata          STemWin522_CM4_Keil.lib(f32_1.o)
    0x08020b54   0x00000040   Data   RO         2084    .constdata          STemWin522_CM4_Keil.lib(f32_1.o)
    0x08020b94   0x00000040   Data   RO         2085    .constdata          STemWin522_CM4_Keil.lib(f32_1.o)
    0x08020bd4   0x00000060   Data   RO         2086    .constdata          STemWin522_CM4_Keil.lib(f32_1.o)
    0x08020c34   0x00000040   Data   RO         2087    .constdata          STemWin522_CM4_Keil.lib(f32_1.o)
    0x08020c74   0x00000040   Data   RO         2088    .constdata          STemWin522_CM4_Keil.lib(f32_1.o)
    0x08020cb4   0x00000040   Data   RO         2089    .constdata          STemWin522_CM4_Keil.lib(f32_1.o)
    0x08020cf4   0x00000040   Data   RO         2090    .constdata          STemWin522_CM4_Keil.lib(f32_1.o)
    0x08020d34   0x00000040   Data   RO         2091    .constdata          STemWin522_CM4_Keil.lib(f32_1.o)
    0x08020d74   0x00000040   Data   RO         2092    .constdata          STemWin522_CM4_Keil.lib(f32_1.o)
    0x08020db4   0x00000040   Data   RO         2093    .constdata          STemWin522_CM4_Keil.lib(f32_1.o)
    0x08020df4   0x00000300   Data   RO         2094    .constdata          STemWin522_CM4_Keil.lib(f32_1.o)
    0x080210f4   0x0000000c   Data   RO         2095    .constdata          STemWin522_CM4_Keil.lib(f32_1.o)
    0x08021100   0x0000000c   Data   RO         2096    .constdata          STemWin522_CM4_Keil.lib(f32_1.o)
    0x0802110c   0x00000024   Data   RO         2097    .constdata          STemWin522_CM4_Keil.lib(f32_1.o)
    0x08021130   0x00000518   Data   RO         2098    .constdata          STemWin522_CM4_Keil.lib(f6x8.o)
    0x08021648   0x000001c0   Data   RO         2099    .constdata          STemWin522_CM4_Keil.lib(f6x8.o)
    0x08021808   0x00000008   Data   RO         2100    .constdata          STemWin522_CM4_Keil.lib(f6x8.o)
    0x08021810   0x00000014   Data   RO         2101    .constdata          STemWin522_CM4_Keil.lib(f6x8.o)
    0x08021824   0x00000024   Data   RO         2102    .constdata          STemWin522_CM4_Keil.lib(f6x8.o)
    0x08021848   0x00000a30   Data   RO         2104    .constdata          STemWin522_CM4_Keil.lib(f8x16.o)
    0x08022278   0x000001c0   Data   RO         2105    .constdata          STemWin522_CM4_Keil.lib(f8x16.o)
    0x08022438   0x00000008   Data   RO         2106    .constdata          STemWin522_CM4_Keil.lib(f8x16.o)
    0x08022440   0x00000014   Data   RO         2107    .constdata          STemWin522_CM4_Keil.lib(f8x16.o)
    0x08022454   0x00000024   Data   RO         2108    .constdata          STemWin522_CM4_Keil.lib(f8x16.o)
    0x08022478   0x00000012   Data   RO         2116    .constdata          STemWin522_CM4_Keil.lib(fcomic18b_ascii.o)
    0x0802248a   0x00000012   Data   RO         2117    .constdata          STemWin522_CM4_Keil.lib(fcomic18b_ascii.o)
    0x0802249c   0x00000012   Data   RO         2118    .constdata          STemWin522_CM4_Keil.lib(fcomic18b_ascii.o)
    0x080224ae   0x00000024   Data   RO         2119    .constdata          STemWin522_CM4_Keil.lib(fcomic18b_ascii.o)
    0x080224d2   0x00000024   Data   RO         2120    .constdata          STemWin522_CM4_Keil.lib(fcomic18b_ascii.o)
    0x080224f6   0x00000024   Data   RO         2121    .constdata          STemWin522_CM4_Keil.lib(fcomic18b_ascii.o)
    0x0802251a   0x00000024   Data   RO         2122    .constdata          STemWin522_CM4_Keil.lib(fcomic18b_ascii.o)
    0x0802253e   0x00000012   Data   RO         2123    .constdata          STemWin522_CM4_Keil.lib(fcomic18b_ascii.o)
    0x08022550   0x00000012   Data   RO         2124    .constdata          STemWin522_CM4_Keil.lib(fcomic18b_ascii.o)
    0x08022562   0x00000012   Data   RO         2125    .constdata          STemWin522_CM4_Keil.lib(fcomic18b_ascii.o)
    0x08022574   0x00000024   Data   RO         2126    .constdata          STemWin522_CM4_Keil.lib(fcomic18b_ascii.o)
    0x08022598   0x00000012   Data   RO         2127    .constdata          STemWin522_CM4_Keil.lib(fcomic18b_ascii.o)
    0x080225aa   0x00000012   Data   RO         2128    .constdata          STemWin522_CM4_Keil.lib(fcomic18b_ascii.o)
    0x080225bc   0x00000012   Data   RO         2129    .constdata          STemWin522_CM4_Keil.lib(fcomic18b_ascii.o)
    0x080225ce   0x00000012   Data   RO         2130    .constdata          STemWin522_CM4_Keil.lib(fcomic18b_ascii.o)
    0x080225e0   0x00000024   Data   RO         2131    .constdata          STemWin522_CM4_Keil.lib(fcomic18b_ascii.o)
    0x08022604   0x00000024   Data   RO         2132    .constdata          STemWin522_CM4_Keil.lib(fcomic18b_ascii.o)
    0x08022628   0x00000012   Data   RO         2133    .constdata          STemWin522_CM4_Keil.lib(fcomic18b_ascii.o)
    0x0802263a   0x00000024   Data   RO         2134    .constdata          STemWin522_CM4_Keil.lib(fcomic18b_ascii.o)
    0x0802265e   0x00000024   Data   RO         2135    .constdata          STemWin522_CM4_Keil.lib(fcomic18b_ascii.o)
    0x08022682   0x00000024   Data   RO         2136    .constdata          STemWin522_CM4_Keil.lib(fcomic18b_ascii.o)
    0x080226a6   0x00000024   Data   RO         2137    .constdata          STemWin522_CM4_Keil.lib(fcomic18b_ascii.o)
    0x080226ca   0x00000024   Data   RO         2138    .constdata          STemWin522_CM4_Keil.lib(fcomic18b_ascii.o)
    0x080226ee   0x00000024   Data   RO         2139    .constdata          STemWin522_CM4_Keil.lib(fcomic18b_ascii.o)
    0x08022712   0x00000024   Data   RO         2140    .constdata          STemWin522_CM4_Keil.lib(fcomic18b_ascii.o)
    0x08022736   0x00000024   Data   RO         2141    .constdata          STemWin522_CM4_Keil.lib(fcomic18b_ascii.o)
    0x0802275a   0x00000012   Data   RO         2142    .constdata          STemWin522_CM4_Keil.lib(fcomic18b_ascii.o)
    0x0802276c   0x00000012   Data   RO         2143    .constdata          STemWin522_CM4_Keil.lib(fcomic18b_ascii.o)
    0x0802277e   0x00000012   Data   RO         2144    .constdata          STemWin522_CM4_Keil.lib(fcomic18b_ascii.o)
    0x08022790   0x00000012   Data   RO         2145    .constdata          STemWin522_CM4_Keil.lib(fcomic18b_ascii.o)
    0x080227a2   0x00000012   Data   RO         2146    .constdata          STemWin522_CM4_Keil.lib(fcomic18b_ascii.o)
    0x080227b4   0x00000024   Data   RO         2147    .constdata          STemWin522_CM4_Keil.lib(fcomic18b_ascii.o)
    0x080227d8   0x00000024   Data   RO         2148    .constdata          STemWin522_CM4_Keil.lib(fcomic18b_ascii.o)
    0x080227fc   0x00000024   Data   RO         2149    .constdata          STemWin522_CM4_Keil.lib(fcomic18b_ascii.o)
    0x08022820   0x00000024   Data   RO         2150    .constdata          STemWin522_CM4_Keil.lib(fcomic18b_ascii.o)
    0x08022844   0x00000024   Data   RO         2151    .constdata          STemWin522_CM4_Keil.lib(fcomic18b_ascii.o)
    0x08022868   0x00000024   Data   RO         2152    .constdata          STemWin522_CM4_Keil.lib(fcomic18b_ascii.o)
    0x0802288c   0x00000024   Data   RO         2153    .constdata          STemWin522_CM4_Keil.lib(fcomic18b_ascii.o)
    0x080228b0   0x00000024   Data   RO         2154    .constdata          STemWin522_CM4_Keil.lib(fcomic18b_ascii.o)
    0x080228d4   0x00000024   Data   RO         2155    .constdata          STemWin522_CM4_Keil.lib(fcomic18b_ascii.o)
    0x080228f8   0x00000024   Data   RO         2156    .constdata          STemWin522_CM4_Keil.lib(fcomic18b_ascii.o)
    0x0802291c   0x00000024   Data   RO         2157    .constdata          STemWin522_CM4_Keil.lib(fcomic18b_ascii.o)
    0x08022940   0x00000024   Data   RO         2158    .constdata          STemWin522_CM4_Keil.lib(fcomic18b_ascii.o)
    0x08022964   0x00000024   Data   RO         2159    .constdata          STemWin522_CM4_Keil.lib(fcomic18b_ascii.o)
    0x08022988   0x00000024   Data   RO         2160    .constdata          STemWin522_CM4_Keil.lib(fcomic18b_ascii.o)
    0x080229ac   0x00000024   Data   RO         2161    .constdata          STemWin522_CM4_Keil.lib(fcomic18b_ascii.o)
    0x080229d0   0x00000024   Data   RO         2162    .constdata          STemWin522_CM4_Keil.lib(fcomic18b_ascii.o)
    0x080229f4   0x00000024   Data   RO         2163    .constdata          STemWin522_CM4_Keil.lib(fcomic18b_ascii.o)
    0x08022a18   0x00000012   Data   RO         2164    .constdata          STemWin522_CM4_Keil.lib(fcomic18b_ascii.o)
    0x08022a2a   0x00000024   Data   RO         2165    .constdata          STemWin522_CM4_Keil.lib(fcomic18b_ascii.o)
    0x08022a4e   0x00000024   Data   RO         2166    .constdata          STemWin522_CM4_Keil.lib(fcomic18b_ascii.o)
    0x08022a72   0x00000024   Data   RO         2167    .constdata          STemWin522_CM4_Keil.lib(fcomic18b_ascii.o)
    0x08022a96   0x00000024   Data   RO         2168    .constdata          STemWin522_CM4_Keil.lib(fcomic18b_ascii.o)
    0x08022aba   0x00000024   Data   RO         2169    .constdata          STemWin522_CM4_Keil.lib(fcomic18b_ascii.o)
    0x08022ade   0x00000024   Data   RO         2170    .constdata          STemWin522_CM4_Keil.lib(fcomic18b_ascii.o)
    0x08022b02   0x00000036   Data   RO         2171    .constdata          STemWin522_CM4_Keil.lib(fcomic18b_ascii.o)
    0x08022b38   0x00000024   Data   RO         2172    .constdata          STemWin522_CM4_Keil.lib(fcomic18b_ascii.o)
    0x08022b5c   0x00000024   Data   RO         2173    .constdata          STemWin522_CM4_Keil.lib(fcomic18b_ascii.o)
    0x08022b80   0x00000024   Data   RO         2174    .constdata          STemWin522_CM4_Keil.lib(fcomic18b_ascii.o)
    0x08022ba4   0x00000012   Data   RO         2175    .constdata          STemWin522_CM4_Keil.lib(fcomic18b_ascii.o)
    0x08022bb6   0x00000012   Data   RO         2176    .constdata          STemWin522_CM4_Keil.lib(fcomic18b_ascii.o)
    0x08022bc8   0x00000012   Data   RO         2177    .constdata          STemWin522_CM4_Keil.lib(fcomic18b_ascii.o)
    0x08022bda   0x00000012   Data   RO         2178    .constdata          STemWin522_CM4_Keil.lib(fcomic18b_ascii.o)
    0x08022bec   0x00000024   Data   RO         2179    .constdata          STemWin522_CM4_Keil.lib(fcomic18b_ascii.o)
    0x08022c10   0x00000024   Data   RO         2180    .constdata          STemWin522_CM4_Keil.lib(fcomic18b_ascii.o)
    0x08022c34   0x00000012   Data   RO         2181    .constdata          STemWin522_CM4_Keil.lib(fcomic18b_ascii.o)
    0x08022c46   0x00000024   Data   RO         2182    .constdata          STemWin522_CM4_Keil.lib(fcomic18b_ascii.o)
    0x08022c6a   0x00000012   Data   RO         2183    .constdata          STemWin522_CM4_Keil.lib(fcomic18b_ascii.o)
    0x08022c7c   0x00000024   Data   RO         2184    .constdata          STemWin522_CM4_Keil.lib(fcomic18b_ascii.o)
    0x08022ca0   0x00000012   Data   RO         2185    .constdata          STemWin522_CM4_Keil.lib(fcomic18b_ascii.o)
    0x08022cb2   0x00000012   Data   RO         2186    .constdata          STemWin522_CM4_Keil.lib(fcomic18b_ascii.o)
    0x08022cc4   0x00000012   Data   RO         2187    .constdata          STemWin522_CM4_Keil.lib(fcomic18b_ascii.o)
    0x08022cd6   0x00000012   Data   RO         2188    .constdata          STemWin522_CM4_Keil.lib(fcomic18b_ascii.o)
    0x08022ce8   0x00000012   Data   RO         2189    .constdata          STemWin522_CM4_Keil.lib(fcomic18b_ascii.o)
    0x08022cfa   0x00000012   Data   RO         2190    .constdata          STemWin522_CM4_Keil.lib(fcomic18b_ascii.o)
    0x08022d0c   0x00000024   Data   RO         2191    .constdata          STemWin522_CM4_Keil.lib(fcomic18b_ascii.o)
    0x08022d30   0x00000012   Data   RO         2192    .constdata          STemWin522_CM4_Keil.lib(fcomic18b_ascii.o)
    0x08022d42   0x00000024   Data   RO         2193    .constdata          STemWin522_CM4_Keil.lib(fcomic18b_ascii.o)
    0x08022d66   0x00000012   Data   RO         2194    .constdata          STemWin522_CM4_Keil.lib(fcomic18b_ascii.o)
    0x08022d78   0x00000012   Data   RO         2195    .constdata          STemWin522_CM4_Keil.lib(fcomic18b_ascii.o)
    0x08022d8a   0x00000024   Data   RO         2196    .constdata          STemWin522_CM4_Keil.lib(fcomic18b_ascii.o)
    0x08022dae   0x00000012   Data   RO         2197    .constdata          STemWin522_CM4_Keil.lib(fcomic18b_ascii.o)
    0x08022dc0   0x00000012   Data   RO         2198    .constdata          STemWin522_CM4_Keil.lib(fcomic18b_ascii.o)
    0x08022dd2   0x00000012   Data   RO         2199    .constdata          STemWin522_CM4_Keil.lib(fcomic18b_ascii.o)
    0x08022de4   0x00000012   Data   RO         2200    .constdata          STemWin522_CM4_Keil.lib(fcomic18b_ascii.o)
    0x08022df6   0x00000012   Data   RO         2201    .constdata          STemWin522_CM4_Keil.lib(fcomic18b_ascii.o)
    0x08022e08   0x00000012   Data   RO         2202    .constdata          STemWin522_CM4_Keil.lib(fcomic18b_ascii.o)
    0x08022e1a   0x00000024   Data   RO         2203    .constdata          STemWin522_CM4_Keil.lib(fcomic18b_ascii.o)
    0x08022e3e   0x00000024   Data   RO         2204    .constdata          STemWin522_CM4_Keil.lib(fcomic18b_ascii.o)
    0x08022e62   0x00000024   Data   RO         2205    .constdata          STemWin522_CM4_Keil.lib(fcomic18b_ascii.o)
    0x08022e86   0x00000024   Data   RO         2206    .constdata          STemWin522_CM4_Keil.lib(fcomic18b_ascii.o)
    0x08022eaa   0x00000012   Data   RO         2207    .constdata          STemWin522_CM4_Keil.lib(fcomic18b_ascii.o)
    0x08022ebc   0x00000012   Data   RO         2208    .constdata          STemWin522_CM4_Keil.lib(fcomic18b_ascii.o)
    0x08022ece   0x00000012   Data   RO         2209    .constdata          STemWin522_CM4_Keil.lib(fcomic18b_ascii.o)
    0x08022ee0   0x00000024   Data   RO         2210    .constdata          STemWin522_CM4_Keil.lib(fcomic18b_ascii.o)
    0x08022f04   0x00000012   Data   RO         2211    .constdata          STemWin522_CM4_Keil.lib(fcomic18b_ascii.o)
    0x08022f16   0x00000024   Data   RO         2212    .constdata          STemWin522_CM4_Keil.lib(fcomic18b_ascii.o)
    0x08022f3a   0x00000002   PAD
    0x08022f3c   0x00000308   Data   RO         2213    .constdata          STemWin522_CM4_Keil.lib(fcomic18b_ascii.o)
    0x08023244   0x0000000c   Data   RO         2214    .constdata          STemWin522_CM4_Keil.lib(fcomic18b_ascii.o)
    0x08023250   0x00000024   Data   RO         2215    .constdata          STemWin522_CM4_Keil.lib(fcomic18b_ascii.o)
    0x08023274   0x00000074   Data   RO         2232    .constdata          STemWin522_CM4_Keil.lib(guidev_16.o)
    0x080232e8   0x00000100   Data   RO         2274    .constdata          STemWin522_CM4_Keil.lib(gui__divtbl_255_31.o)
    0x080233e8   0x00000100   Data   RO         2275    .constdata          STemWin522_CM4_Keil.lib(gui__divtbl_255_63.o)
    0x080234e8   0x00000020   Data   RO         2276    .constdata          STemWin522_CM4_Keil.lib(gui__divtbl_31_255.o)
    0x08023508   0x00000040   Data   RO         2277    .constdata          STemWin522_CM4_Keil.lib(gui__divtbl_63_255.o)
    0x08023548   0x0000016c   Data   RO         2288    .constdata          STemWin522_CM4_Keil.lib(gui__sinhq.o)
    0x080236b4   0x00000010   Data   RO         2347    .constdata          STemWin522_CM4_Keil.lib(gui_uc_encodenone.o)
    0x080236c4   0x0000000c   Data   RO         2373    .constdata          STemWin522_CM4_Keil.lib(lcd.o)
    0x080236d0   0x00000100   Data   RO         2419    .constdata          STemWin522_CM4_Keil.lib(lcd_mirror.o)
    0x080237d0   0x00000020   Data   RO         2420    .constdata          STemWin522_CM4_Keil.lib(f32_ascii.o)
    0x080237f0   0x00000020   Data   RO         2421    .constdata          STemWin522_CM4_Keil.lib(f32_ascii.o)
    0x08023810   0x00000040   Data   RO         2422    .constdata          STemWin522_CM4_Keil.lib(f32_ascii.o)
    0x08023850   0x00000040   Data   RO         2423    .constdata          STemWin522_CM4_Keil.lib(f32_ascii.o)
    0x08023890   0x00000040   Data   RO         2424    .constdata          STemWin522_CM4_Keil.lib(f32_ascii.o)
    0x080238d0   0x00000060   Data   RO         2425    .constdata          STemWin522_CM4_Keil.lib(f32_ascii.o)
    0x08023930   0x00000060   Data   RO         2426    .constdata          STemWin522_CM4_Keil.lib(f32_ascii.o)
    0x08023990   0x00000020   Data   RO         2427    .constdata          STemWin522_CM4_Keil.lib(f32_ascii.o)
    0x080239b0   0x00000040   Data   RO         2428    .constdata          STemWin522_CM4_Keil.lib(f32_ascii.o)
    0x080239f0   0x00000040   Data   RO         2429    .constdata          STemWin522_CM4_Keil.lib(f32_ascii.o)
    0x08023a30   0x00000040   Data   RO         2430    .constdata          STemWin522_CM4_Keil.lib(f32_ascii.o)
    0x08023a70   0x00000040   Data   RO         2431    .constdata          STemWin522_CM4_Keil.lib(f32_ascii.o)
    0x08023ab0   0x00000020   Data   RO         2432    .constdata          STemWin522_CM4_Keil.lib(f32_ascii.o)
    0x08023ad0   0x00000040   Data   RO         2433    .constdata          STemWin522_CM4_Keil.lib(f32_ascii.o)
    0x08023b10   0x00000020   Data   RO         2434    .constdata          STemWin522_CM4_Keil.lib(f32_ascii.o)
    0x08023b30   0x00000020   Data   RO         2435    .constdata          STemWin522_CM4_Keil.lib(f32_ascii.o)
    0x08023b50   0x00000040   Data   RO         2436    .constdata          STemWin522_CM4_Keil.lib(f32_ascii.o)
    0x08023b90   0x00000040   Data   RO         2437    .constdata          STemWin522_CM4_Keil.lib(f32_ascii.o)
    0x08023bd0   0x00000040   Data   RO         2438    .constdata          STemWin522_CM4_Keil.lib(f32_ascii.o)
    0x08023c10   0x00000040   Data   RO         2439    .constdata          STemWin522_CM4_Keil.lib(f32_ascii.o)
    0x08023c50   0x00000040   Data   RO         2440    .constdata          STemWin522_CM4_Keil.lib(f32_ascii.o)
    0x08023c90   0x00000040   Data   RO         2441    .constdata          STemWin522_CM4_Keil.lib(f32_ascii.o)
    0x08023cd0   0x00000040   Data   RO         2442    .constdata          STemWin522_CM4_Keil.lib(f32_ascii.o)
    0x08023d10   0x00000040   Data   RO         2443    .constdata          STemWin522_CM4_Keil.lib(f32_ascii.o)
    0x08023d50   0x00000040   Data   RO         2444    .constdata          STemWin522_CM4_Keil.lib(f32_ascii.o)
    0x08023d90   0x00000040   Data   RO         2445    .constdata          STemWin522_CM4_Keil.lib(f32_ascii.o)
    0x08023dd0   0x00000020   Data   RO         2446    .constdata          STemWin522_CM4_Keil.lib(f32_ascii.o)
    0x08023df0   0x00000020   Data   RO         2447    .constdata          STemWin522_CM4_Keil.lib(f32_ascii.o)
    0x08023e10   0x00000040   Data   RO         2448    .constdata          STemWin522_CM4_Keil.lib(f32_ascii.o)
    0x08023e50   0x00000040   Data   RO         2449    .constdata          STemWin522_CM4_Keil.lib(f32_ascii.o)
    0x08023e90   0x00000040   Data   RO         2450    .constdata          STemWin522_CM4_Keil.lib(f32_ascii.o)
    0x08023ed0   0x00000040   Data   RO         2451    .constdata          STemWin522_CM4_Keil.lib(f32_ascii.o)
    0x08023f10   0x00000080   Data   RO         2452    .constdata          STemWin522_CM4_Keil.lib(f32_ascii.o)
    0x08023f90   0x00000060   Data   RO         2453    .constdata          STemWin522_CM4_Keil.lib(f32_ascii.o)
    0x08023ff0   0x00000060   Data   RO         2454    .constdata          STemWin522_CM4_Keil.lib(f32_ascii.o)
    0x08024050   0x00000060   Data   RO         2455    .constdata          STemWin522_CM4_Keil.lib(f32_ascii.o)
    0x080240b0   0x00000060   Data   RO         2456    .constdata          STemWin522_CM4_Keil.lib(f32_ascii.o)
    0x08024110   0x00000060   Data   RO         2457    .constdata          STemWin522_CM4_Keil.lib(f32_ascii.o)
    0x08024170   0x00000060   Data   RO         2458    .constdata          STemWin522_CM4_Keil.lib(f32_ascii.o)
    0x080241d0   0x00000060   Data   RO         2459    .constdata          STemWin522_CM4_Keil.lib(f32_ascii.o)
    0x08024230   0x00000060   Data   RO         2460    .constdata          STemWin522_CM4_Keil.lib(f32_ascii.o)
    0x08024290   0x00000020   Data   RO         2461    .constdata          STemWin522_CM4_Keil.lib(f32_ascii.o)
    0x080242b0   0x00000040   Data   RO         2462    .constdata          STemWin522_CM4_Keil.lib(f32_ascii.o)
    0x080242f0   0x00000060   Data   RO         2463    .constdata          STemWin522_CM4_Keil.lib(f32_ascii.o)
    0x08024350   0x00000040   Data   RO         2464    .constdata          STemWin522_CM4_Keil.lib(f32_ascii.o)
    0x08024390   0x00000060   Data   RO         2465    .constdata          STemWin522_CM4_Keil.lib(f32_ascii.o)
    0x080243f0   0x00000060   Data   RO         2466    .constdata          STemWin522_CM4_Keil.lib(f32_ascii.o)
    0x08024450   0x00000060   Data   RO         2467    .constdata          STemWin522_CM4_Keil.lib(f32_ascii.o)
    0x080244b0   0x00000060   Data   RO         2468    .constdata          STemWin522_CM4_Keil.lib(f32_ascii.o)
    0x08024510   0x00000060   Data   RO         2469    .constdata          STemWin522_CM4_Keil.lib(f32_ascii.o)
    0x08024570   0x00000060   Data   RO         2470    .constdata          STemWin522_CM4_Keil.lib(f32_ascii.o)
    0x080245d0   0x00000060   Data   RO         2471    .constdata          STemWin522_CM4_Keil.lib(f32_ascii.o)
    0x08024630   0x00000040   Data   RO         2472    .constdata          STemWin522_CM4_Keil.lib(f32_ascii.o)
    0x08024670   0x00000060   Data   RO         2473    .constdata          STemWin522_CM4_Keil.lib(f32_ascii.o)
    0x080246d0   0x00000060   Data   RO         2474    .constdata          STemWin522_CM4_Keil.lib(f32_ascii.o)
    0x08024730   0x00000080   Data   RO         2475    .constdata          STemWin522_CM4_Keil.lib(f32_ascii.o)
    0x080247b0   0x00000060   Data   RO         2476    .constdata          STemWin522_CM4_Keil.lib(f32_ascii.o)
    0x08024810   0x00000060   Data   RO         2477    .constdata          STemWin522_CM4_Keil.lib(f32_ascii.o)
    0x08024870   0x00000060   Data   RO         2478    .constdata          STemWin522_CM4_Keil.lib(f32_ascii.o)
    0x080248d0   0x00000020   Data   RO         2479    .constdata          STemWin522_CM4_Keil.lib(f32_ascii.o)
    0x080248f0   0x00000020   Data   RO         2480    .constdata          STemWin522_CM4_Keil.lib(f32_ascii.o)
    0x08024910   0x00000020   Data   RO         2481    .constdata          STemWin522_CM4_Keil.lib(f32_ascii.o)
    0x08024930   0x00000040   Data   RO         2482    .constdata          STemWin522_CM4_Keil.lib(f32_ascii.o)
    0x08024970   0x00000040   Data   RO         2483    .constdata          STemWin522_CM4_Keil.lib(f32_ascii.o)
    0x080249b0   0x00000040   Data   RO         2484    .constdata          STemWin522_CM4_Keil.lib(f32_ascii.o)
    0x080249f0   0x00000040   Data   RO         2485    .constdata          STemWin522_CM4_Keil.lib(f32_ascii.o)
    0x08024a30   0x00000040   Data   RO         2486    .constdata          STemWin522_CM4_Keil.lib(f32_ascii.o)
    0x08024a70   0x00000040   Data   RO         2487    .constdata          STemWin522_CM4_Keil.lib(f32_ascii.o)
    0x08024ab0   0x00000040   Data   RO         2488    .constdata          STemWin522_CM4_Keil.lib(f32_ascii.o)
    0x08024af0   0x00000040   Data   RO         2489    .constdata          STemWin522_CM4_Keil.lib(f32_ascii.o)
    0x08024b30   0x00000020   Data   RO         2490    .constdata          STemWin522_CM4_Keil.lib(f32_ascii.o)
    0x08024b50   0x00000040   Data   RO         2491    .constdata          STemWin522_CM4_Keil.lib(f32_ascii.o)
    0x08024b90   0x00000040   Data   RO         2492    .constdata          STemWin522_CM4_Keil.lib(f32_ascii.o)
    0x08024bd0   0x00000020   Data   RO         2493    .constdata          STemWin522_CM4_Keil.lib(f32_ascii.o)
    0x08024bf0   0x00000020   Data   RO         2494    .constdata          STemWin522_CM4_Keil.lib(f32_ascii.o)
    0x08024c10   0x00000040   Data   RO         2495    .constdata          STemWin522_CM4_Keil.lib(f32_ascii.o)
    0x08024c50   0x00000020   Data   RO         2496    .constdata          STemWin522_CM4_Keil.lib(f32_ascii.o)
    0x08024c70   0x00000060   Data   RO         2497    .constdata          STemWin522_CM4_Keil.lib(f32_ascii.o)
    0x08024cd0   0x00000040   Data   RO         2498    .constdata          STemWin522_CM4_Keil.lib(f32_ascii.o)
    0x08024d10   0x00000040   Data   RO         2499    .constdata          STemWin522_CM4_Keil.lib(f32_ascii.o)
    0x08024d50   0x00000040   Data   RO         2500    .constdata          STemWin522_CM4_Keil.lib(f32_ascii.o)
    0x08024d90   0x00000040   Data   RO         2501    .constdata          STemWin522_CM4_Keil.lib(f32_ascii.o)
    0x08024dd0   0x00000040   Data   RO         2502    .constdata          STemWin522_CM4_Keil.lib(f32_ascii.o)
    0x08024e10   0x00000040   Data   RO         2503    .constdata          STemWin522_CM4_Keil.lib(f32_ascii.o)
    0x08024e50   0x00000020   Data   RO         2504    .constdata          STemWin522_CM4_Keil.lib(f32_ascii.o)
    0x08024e70   0x00000040   Data   RO         2505    .constdata          STemWin522_CM4_Keil.lib(f32_ascii.o)
    0x08024eb0   0x00000040   Data   RO         2506    .constdata          STemWin522_CM4_Keil.lib(f32_ascii.o)
    0x08024ef0   0x00000060   Data   RO         2507    .constdata          STemWin522_CM4_Keil.lib(f32_ascii.o)
    0x08024f50   0x00000040   Data   RO         2508    .constdata          STemWin522_CM4_Keil.lib(f32_ascii.o)
    0x08024f90   0x00000040   Data   RO         2509    .constdata          STemWin522_CM4_Keil.lib(f32_ascii.o)
    0x08024fd0   0x00000040   Data   RO         2510    .constdata          STemWin522_CM4_Keil.lib(f32_ascii.o)
    0x08025010   0x00000040   Data   RO         2511    .constdata          STemWin522_CM4_Keil.lib(f32_ascii.o)
    0x08025050   0x00000020   Data   RO         2512    .constdata          STemWin522_CM4_Keil.lib(f32_ascii.o)
    0x08025070   0x00000040   Data   RO         2513    .constdata          STemWin522_CM4_Keil.lib(f32_ascii.o)
    0x080250b0   0x00000040   Data   RO         2514    .constdata          STemWin522_CM4_Keil.lib(f32_ascii.o)
    0x080250f0   0x000002f8   Data   RO         2515    .constdata          STemWin522_CM4_Keil.lib(f32_ascii.o)
    0x080253e8   0x00000008   Data   RO         2563    .constdata          STemWin522_CM4_Keil.lib(guidev_writetoactiveopaque.o)
    0x080253f0   0x00000018   Data   RO         2813    .constdata          STemWin522_CM4_Keil.lib(guicc_0.o)
    0x08025408   0x00000018   Data   RO         2823    .constdata          STemWin522_CM4_Keil.lib(guicc_8888.o)
    0x08025420   0x00000018   Data   RO         2889    .constdata          STemWin522_CM4_Keil.lib(guidev_usagebm.o)
    0x08025438   0x00000074   Data   RO         3068    .constdata          STemWin522_CM4_Keil.lib(guidev_32.o)
    0x080254ac   0x00000028   Data   RO         3279    .constdata          c_w.l(_printf_hex_int.o)
    0x080254d4   0x00000004   PAD
    0x080254d8   0x00000030   Data   RO         3507    .constdata          m_wm.l(cos_i.o)
    0x08025508   0x000000c8   Data   RO         3525    .constdata          m_wm.l(rred.o)
    0x080255d0   0x00000028   Data   RO         3529    .constdata          m_wm.l(sin_i.o)
    0x080255f8   0x00000064   Data   RO         1073    .conststring        exfuns.o
    0x0802565c   0x00000020   Data   RO         3670    Region$$Table       anon$$obj.o


    Execution Region RW_IRAM1 (Base: 0x20000000, Size: 0x0001fe70, Max: 0x00020000, ABSOLUTE, COMPRESSED[0x000000d4])

    Base Addr    Size         Type   Attr      Idx    E Section Name        Object

    0x20000000   0x00000014   Data   RW          282    .data               system_stm32f4xx.o
    0x20000014   0x00000010   Data   RW          384    .data               sdio_sdcard.o
    0x20000024   0x00000002   Data   RW          433    .data               w25qxx.o
    0x20000026   0x00000004   Data   RW          457    .data               lcd_drv.o
    0x2000002a   0x00000010   Data   RW          544    .data               stm32f4xx_rcc.o
    0x2000003a   0x00000004   Data   RW          658    .data               delay.o
    0x2000003e   0x00000002   PAD
    0x20000040   0x00000006   Data   RW          687    .data               usart.o
    0x20000046   0x00000002   PAD
    0x20000048   0x00000024   Data   RW          719    .data               malloc.o
    0x2000006c   0x00000008   Data   RW          762    .data               guidrv_template.o
    0x20000074   0x00000011   Data   RW          845    .data               gui_x_ucosii.o
    0x20000085   0x00000001   PAD
    0x20000086   0x00000008   Data   RW          864    .data               gui_x_touch_analog.o
    0x2000008e   0x00000002   PAD
    0x20000090   0x00000048   Data   RW          885    .data               os_core.o
    0x200000d8   0x00000154   Data   RW         1074    .data               exfuns.o
    0x2000022c   0x00000002   Data   RW         1147    .data               diskio.o
    0x2000022e   0x00000002   Data   RW         1170    .data               ff.o
    0x20000230   0x00000008   Data   RW         1265    .data               STemWin522_CM4_Keil.lib(guicc_m565.o)
    0x20000238   0x00000008   Data   RW         1314    .data               STemWin522_CM4_Keil.lib(gui_alloc.o)
    0x20000240   0x0000002c   Data   RW         1389    .data               STemWin522_CM4_Keil.lib(gui_core.o)
    0x2000026c   0x00000004   Data   RW         1390    .data               STemWin522_CM4_Keil.lib(gui_core.o)
    0x20000270   0x00000004   Data   RW         1391    .data               STemWin522_CM4_Keil.lib(gui_core.o)
    0x20000274   0x00000004   Data   RW         1392    .data               STemWin522_CM4_Keil.lib(gui_core.o)
    0x20000278   0x00000004   Data   RW         1393    .data               STemWin522_CM4_Keil.lib(gui_core.o)
    0x2000027c   0x00000002   Data   RW         1394    .data               STemWin522_CM4_Keil.lib(gui_core.o)
    0x2000027e   0x00000002   Data   RW         1395    .data               STemWin522_CM4_Keil.lib(gui_core.o)
    0x20000280   0x0000002c   Data   RW         1510    .data               STemWin522_CM4_Keil.lib(gui_enablealpha.o)
    0x200002ac   0x00000004   Data   RW         1542    .data               STemWin522_CM4_Keil.lib(gui_fillpolygon.o)
    0x200002b0   0x00000020   Data   RW         1600    .data               STemWin522_CM4_Keil.lib(gui_setalpha.o)
    0x200002d0   0x00000030   Data   RW         1662    .data               STemWin522_CM4_Keil.lib(gui_touch_driveranalog.o)
    0x20000300   0x00000028   Data   RW         2259    .data               STemWin522_CM4_Keil.lib(gui__alpha.o)
    0x20000328   0x00000008   Data   RW         2339    .data               STemWin522_CM4_Keil.lib(gui_touch_storeunstable.o)
    0x20000330   0x00000004   Data   RW         2374    .data               STemWin522_CM4_Keil.lib(lcd.o)
    0x20000334   0x00000004   Data   RW         2398    .data               STemWin522_CM4_Keil.lib(lcd_aa.o)
    0x20000338   0x00000010   Data   RW         2411    .data               STemWin522_CM4_Keil.lib(lcd_color.o)
    0x20000348   0x00000004   Data   RW         2541    .data               STemWin522_CM4_Keil.lib(guidev_banding.o)
    0x2000034c   0x00000058   Data   RW         2624    .data               STemWin522_CM4_Keil.lib(wm.o)
    0x200003a4   0x00000001   Data   RW         2625    .data               STemWin522_CM4_Keil.lib(wm.o)
    0x200003a5   0x00000003   PAD
    0x200003a8   0x00000008   Data   RW         2689    .data               STemWin522_CM4_Keil.lib(gui__managecache.o)
    0x200003b0   0x00000004   Data   RW         2712    .data               STemWin522_CM4_Keil.lib(gui_charline.o)
    0x200003b4   0x0000000c   Data   RW         2737    .data               STemWin522_CM4_Keil.lib(gui_onkey.o)
    0x200003c0   0x00000008   Data   RW         2761    .data               STemWin522_CM4_Keil.lib(gui_selectlayer.o)
    0x200003c8   0x0000000c   Data   RW         2801    .data               STemWin522_CM4_Keil.lib(gui_waitevent.o)
    0x200003d4   0x00000001   Data   RW         2872    .data               STemWin522_CM4_Keil.lib(guidev_staticdevices.o)
    0x200003d5   0x00000003   PAD
    0x200003d8   0x00000004   Data   RW         2897    .data               STemWin522_CM4_Keil.lib(wm__sendmessage.o)
    0x200003dc   0x00000008   Data   RW         2939    .data               STemWin522_CM4_Keil.lib(wm_touch.o)
    0x200003e4   0x00000008   Data   RW         2992    .data               STemWin522_CM4_Keil.lib(gui_pid.o)
    0x200003ec   0x00000014   Data   RW         3021    .data               STemWin522_CM4_Keil.lib(gui_timer.o)
    0x20000400   0x00002500   Zero   RW            3    .bss                main.o
    0x20002900   0x000002c0   Zero   RW          383    .bss                sdio_sdcard.o
    0x20002bc0   0x00001000   Zero   RW          432    .bss                w25qxx.o
    0x20003bc0   0x0000000e   Zero   RW          455    .bss                lcd_drv.o
    0x20003bce   0x000000c8   Zero   RW          686    .bss                usart.o
    0x20003c96   0x00000002   PAD
    0x20003c98   0x0001a900   Zero   RW          717    .bss                malloc.o
    0x2001e598   0x0000000a   Zero   RW          863    .bss                gui_x_touch_analog.o
    0x2001e5a2   0x00000002   PAD
    0x2001e5a4   0x00000a80   Zero   RW          883    .bss                os_core.o
    0x2001f024   0x0000000c   Zero   RW         1168    .bss                ff.o
    0x2001f030   0x00000021   Zero   RW         1188    .bss                fontupd.o
    0x2001f051   0x00000001   PAD
    0x2001f052   0x00000018   Zero   RW         1235    .bss                2ddisplay.o
    0x2001f06a   0x00000002   PAD
    0x2001f06c   0x000000c8   Zero   RW         1313    .bss                STemWin522_CM4_Keil.lib(gui_alloc.o)
    0x2001f134   0x00000078   Zero   RW         1387    .bss                STemWin522_CM4_Keil.lib(gui_core.o)
    0x2001f1ac   0x00000018   Zero   RW         1541    .bss                STemWin522_CM4_Keil.lib(gui_fillpolygon.o)
    0x2001f1c4   0x00000010   Zero   RW         1661    .bss                STemWin522_CM4_Keil.lib(gui_touch_driveranalog.o)
    0x2001f1d4   0x00000018   Zero   RW         2623    .bss                STemWin522_CM4_Keil.lib(wm.o)
    0x2001f1ec   0x00000058   Zero   RW         2736    .bss                STemWin522_CM4_Keil.lib(gui_onkey.o)
    0x2001f244   0x0000000c   Zero   RW         2778    .bss                STemWin522_CM4_Keil.lib(gui_touch_storestate.o)
    0x2001f250   0x00000048   Zero   RW         2938    .bss                STemWin522_CM4_Keil.lib(wm_touch.o)
    0x2001f298   0x00000028   Zero   RW         2965    .bss                STemWin522_CM4_Keil.lib(gui_curs1.o)
    0x2001f2c0   0x00000048   Zero   RW         2991    .bss                STemWin522_CM4_Keil.lib(gui_pid.o)
    0x2001f308   0x0000000c   Zero   RW         3042    .bss                STemWin522_CM4_Keil.lib(gui_touch.o)
    0x2001f314   0x00000018   Zero   RW         3116    .bss                STemWin522_CM4_Keil.lib(wm_pid__getprevstate.o)
    0x2001f32c   0x000000e4   Zero   RW         3323    .bss                c_w.l(rand.o)
    0x2001f410   0x00000060   Zero   RW         3581    .bss                c_w.l(libspace.o)
    0x2001f470   0x00000200   Zero   RW          485    HEAP                startup_stm32f40_41xxx.o
    0x2001f670   0x00000800   Zero   RW          484    STACK               startup_stm32f40_41xxx.o



  Load Region LR$$.ARM.__AT_0x10000000 (Base: 0x10000000, Size: 0x00000000, Max: 0x0000f000, ABSOLUTE)

    Execution Region ER$$.ARM.__AT_0x10000000 (Base: 0x10000000, Size: 0x0000f000, Max: 0x0000f000, ABSOLUTE, UNINIT)

    Base Addr    Size         Type   Attr      Idx    E Section Name        Object

    0x10000000   0x0000f000   Zero   RW          713    .ARM.__AT_0x10000000  malloc.o



  Load Region LR$$.ARM.__AT_0x1000F000 (Base: 0x1000f000, Size: 0x00000000, Max: 0x00000f00, ABSOLUTE)

    Execution Region ER$$.ARM.__AT_0x1000F000 (Base: 0x1000f000, Size: 0x00000f00, Max: 0x00000f00, ABSOLUTE, UNINIT)

    Base Addr    Size         Type   Attr      Idx    E Section Name        Object

    0x1000f000   0x00000f00   Zero   RW          714    .ARM.__AT_0x1000F000  malloc.o



  Load Region LR$$.ARM.__AT_0x68000000 (Base: 0x68000000, Size: 0x00000000, Max: 0x000c8000, ABSOLUTE)

    Execution Region ER$$.ARM.__AT_0x68000000 (Base: 0x68000000, Size: 0x000c8000, Max: 0x000c8000, ABSOLUTE, UNINIT)

    Base Addr    Size         Type   Attr      Idx    E Section Name        Object

    0x68000000   0x000c8000   Zero   RW          715    .ARM.__AT_0x68000000  malloc.o



  Load Region LR$$.ARM.__AT_0x680C8000 (Base: 0x680c8000, Size: 0x00000000, Max: 0x0000c800, ABSOLUTE)

    Execution Region ER$$.ARM.__AT_0x680C8000 (Base: 0x680c8000, Size: 0x0000c800, Max: 0x0000c800, ABSOLUTE, UNINIT)

    Base Addr    Size         Type   Attr      Idx    E Section Name        Object

    0x680c8000   0x0000c800   Zero   RW          716    .ARM.__AT_0x680C8000  malloc.o


==============================================================================

Image component sizes


      Code (inc. data)   RO Data    RW Data    ZI Data      Debug   Object Name

      1540        212         52          0         24       3152   2ddisplay.o
       264         18          0          4          0       1579   delay.o
       460         10          0          2          0       4662   diskio.o
       420         22        100        340          0       5576   exfuns.o
     12954        136         58          2         12      36010   ff.o
         0          0          0          0         33       1545   fontupd.o
       148         12          0          8         10       2188   gui_x_touch_analog.o
       276         24          0         17          0       3291   gui_x_ucosii.o
        44          6          0          0          0        703   guiconf.o
      2712         94         52          8          0      58084   guidrv_template.o
      8364         88       6080          4         14      17203   lcd_drv.o
       168         12          0          0          0       1167   lcdconf_flexcolor_template.o
        64          6          0          0          0        607   led.o
       324         32          0          0       9472     379593   main.o
       564         18         36         36    1044480       5297   malloc.o
       224         20          0          0          0       2121   misc.o
       204         12        960          0          0       1841   mycc936.o
      2192        218        256         72       2688      15591   os_core.o
       200         32          0          0          0        384   os_cpu_a.o
       452          6          0          0          0      11006   os_cpu_c.o
      2060         42          0          0          0       7384   os_flag.o
       972         16          0          0          0       4494   os_mbox.o
      1512         30          0          0          0       5953   os_q.o
       908         18          0          0          0       4226   os_sem.o
      1988         70          0          0          0       8069   os_task.o
       432         30          0          0          0       1962   os_time.o
      7468        294          0         16        704      23938   sdio_sdcard.o
       288          8          0          0          0       1297   spi.o
       676         16          0          0          0       2417   sram.o
        64         26        392          0       2560        896   startup_stm32f40_41xxx.o
       936         32          0          0          0       6697   stm32f4xx_dma.o
      1480         18         28          0          0       6058   stm32f4xx_fsmc.o
       660         44          0          0          0       4457   stm32f4xx_gpio.o
        22          0          0          0          0       1119   stm32f4xx_it.o
      1628         52          0         16          0      13444   stm32f4xx_rcc.o
       476         16          0          0          0       7720   stm32f4xx_sdio.o
      1152         36          0          0          0       7213   stm32f4xx_spi.o
      3234         60          0          0          0      23316   stm32f4xx_tim.o
      1108         34          0          0          0       8188   stm32f4xx_usart.o
        24          0          0          0          0        724   sys.o
       528         46          0         20          0       2027   system_stm32f4xx.o
       232          8          0          0          0       1354   timer.o
       980         16          8          0          0       5360   touch.o
       348         18          0          6        200       3602   usart.o
       896         34          0          2       4096       4729   w25qxx.o

    ----------------------------------------------------------------------
     61652       1942       8058        560    1064300     708244   Object Totals
         0          0         32          0          0          0   (incl. Generated)
         6          0          4          7          7          0   (incl. Padding)

    ----------------------------------------------------------------------

      Code (inc. data)   RO Data    RW Data    ZI Data      Debug   Library Member Name

         0          0       2720          0          0          0   f16_ascii.o
         0          0       4792          0          0          0   f24_ascii.o
         0          0       7740          0          0          0   f32_1.o
         0          0       7192          0          0          0   f32_ascii.o
         0          0       1816          0          0          0   f6x8.o
         0          0       3120          0          0          0   f8x16.o
         0          0       3578          0          0          0   fcomic18b_ascii.o
       124          4          0          0          0        132   gui_2dlib.o
       830         34          0         40          0        796   gui__alpha.o
       668          0          0          0          0        256   gui__compactpixelindices.o
         0          0        256          0          0          0   gui__divtbl_255_31.o
         0          0        256          0          0          0   gui__divtbl_255_63.o
         0          0         32          0          0          0   gui__divtbl_31_255.o
         0          0         64          0          0          0   gui__divtbl_63_255.o
       538         10          0          0          0        288   gui__expandpixelindices.o
        58          0          0          0          0        116   gui__intersectrect.o
        82          0          0          0          0        128   gui__intersectrects.o
       188          8          0          8          0        248   gui__managecache.o
        76          0          0          0          0        124   gui__memset.o
        58          0          0          0          0        124   gui__memset16.o
       128         16        364          0          0        244   gui__sinhq.o
        26          0          0          0          0        116   gui__sqrt32.o
      1766        102          0          8        200       2872   gui_alloc.o
        36          0          0          0          0        128   gui_alloc_alloczero.o
      1112         10          0          0          0        696   gui_arc.o
        68          0          0          0          0        124   gui_calccolordist.o
        96         22          0          0          0        464   gui_char.o
       458         36          0          4          0        760   gui_charline.o
       394         12          0          0          0        492   gui_charm.o
       312         12          0          0          0        624   gui_charp.o
      1154         28          0          0          0       1240   gui_circ.o
       460         78          8         64        120       1004   gui_core.o
       112          6          0          0         40        140   gui_curs1.o
       376         26          0          0          0        968   gui_device.o
       256          4          0          0          0        136   gui_dispstring.o
        16          4          0          0          0        116   gui_dispstringat.o
        52          4          0          0          0        140   gui_dispstringhcenter.o
       586         18          0          0          0        444   gui_drawgradient.o
       480         18          0          0          0        444   gui_drawgradientrounded.o
       220          8          0          0          0        272   gui_drawgraph.o
      1180         34         68          0          0       1304   gui_drawline.o
        76          8          0          0          0        244   gui_drawpoint.o
      1156         96         88         44          0       3144   gui_enablealpha.o
        52          4          0          0          0        248   gui_exec.o
       640         32          0          4         24        408   gui_fillpolygon.o
        72          4          0          0          0        132   gui_fillrect.o
       160          0          0          0          0        248   gui_getbitmappixelindex.o
        28          0          0          0          0        256   gui_getcolor.o
        32         10          0          0          0        232   gui_getorg.o
        52         12          0          0          0        360   gui_goto.o
        88          0          0          0          0        124   gui_mergerect.o
        30          0          0          0          0        116   gui_moverect.o
        94         14          0         12         88        476   gui_onkey.o
        28          8          0          0          0        232   gui_pen.o
       256         36          0          8         72        732   gui_pid.o
       490         10          0          0          0        564   gui_polyenlarge.o
        40          0          0          0          0        128   gui_polymagnify.o
        56          0          0          0          0        116   gui_rectsintersect.o
        32         10          0          0          0        232   gui_savecontext.o
        82         12          0          8          0        488   gui_selectlayer.o
        18          0          0          0          0        128   gui_selectlcd.o
      3132        174         76         32          0       4348   gui_setalpha.o
         8          0          0          0          0        232   gui_setcolor.o
        64          6          0          0          0        128   gui_setdefault.o
         4          0          0          0          0        116   gui_setdrawmode.o
        20          6          0          0          0        116   gui_setfont.o
        16          4          0          0          0        116   gui_setlinestyle.o
        56         18          0          0          0        128   gui_setorg.o
        20          6          0          0          0        116   gui_settextalign.o
        20          6          0          0          0        116   gui_settextmode.o
      1172          4          0          0          0        936   gui_sprite.o
        42          0          0          0          0        128   gui_time.o
       332         16          0         20          0        772   gui_timer.o
        40          4          0          0         12        132   gui_touch.o
       656         46          0         48         16        760   gui_touch_driveranalog.o
        36          6          0          0         12        116   gui_touch_storestate.o
        48          6          0          8          0        136   gui_touch_storeunstable.o
        84         10          0          0          0        264   gui_uc.o
        18          0         16          0          0        464   gui_uc_encodenone.o
        16          4          0         12          0        116   gui_waitevent.o
       198          0         24          0          0        388   guicc_0.o
        36          0         24          0          0        480   guicc_8888.o
         2          0          0          0          0        116   guicc_8888_index2color.o
         2          0          0          0          0        116   guicc_888_index2color.o
       214         36         24          8          0        528   guicc_m565.o
        44         10          0          0          0        124   guicc_m565_index2color.o
       760         38          0          0          0       1060   guidev.o
      2268         60        116          0          0       2092   guidev_16.o
      2320         62        116          0          0       2244   guidev_32.o
       312         16          0          4          0        376   guidev_banding.o
        60          6          0          0          0        124   guidev_clear.o
        22          0          0          0          0        128   guidev_getdataptr.o
        80         12          0          0          0        256   guidev_getpos.o
        40          6          0          0          0        128   guidev_getxsize.o
        40          6          0          0          0        128   guidev_getysize.o
        44          4          0          0          0        128   guidev_reduceysize.o
        88          4          0          0          0        128   guidev_setorg.o
       308         12          0          1          0        272   guidev_staticdevices.o
        76          0          0          0          0        260   guidev_usage.o
       452          6         24          0          0        748   guidev_usagebm.o
       106          4          0          0          0        244   guidev_write.o
       280         14          0          0          0        144   guidev_writetoactivealpha.o
      1698         18          8          0          0        576   guidev_writetoactiveopaque.o
      1734        118         12          4          0       2292   lcd.o
        16          6          0          4          0        116   lcd_aa.o
       260         26          0         16          0        628   lcd_color.o
        32         12          0          0          0        232   lcd_getcolorindex.o
       384         32          0          0          0       2252   lcd_getex.o
        26          0          0          0          0        128   lcd_getnumdisplays.o
         0          0        256          0          0          0   lcd_mirror.o
       504         18          0          0          0        276   lcd_readrect.o
        68         10          0          0          0        128   lcd_selectlcd.o
       220          0          0          0          0        660   lcd_set.o
        48         10          0          0          0        128   lcd_setcliprectex.o
        36          4          0          0          0        128   lcd_updatecolorindices.o
      4578        226          0         89         24       6564   wm.o
        18          0          0          0          0        124   wm__getfirstsibling.o
        36          0          0          0          0        128   wm__getprevsibling.o
        34          0          0          0          0        128   wm__isancestor.o
        22          0          0          0          0        124   wm__isenabled.o
        60          6          0          4          0        136   wm__sendmessage.o
        28          0          0          0          0        140   wm__sendmessageifenabled.o
        38          0          0          0          0        128   wm__sendmessagenopara.o
       220          0          0          0          0        144   wm__updatechildpositions.o
       126          0          0          0          0        140   wm_bringtobottom.o
        60         12          0          0          0        232   wm_criticalhandle.o
        32          0          0          0          0        128   wm_getclientrect.o
        24         10          0          0          0        116   wm_getdesktopwindow.o
        20          4          0          0          0        116   wm_getdesktopwindowex.o
        14          0          0          0          0        124   wm_getfirstchild.o
        14          0          0          0          0        124   wm_getparent.o
         4          0          0          0          0        116   wm_iswindow.o
       266          0          0          0          0        396   wm_move.o
        16          0          0          0          0        124   wm_notifyparent.o
        56          8          0          0          0        132   wm_onkey.o
        28          4          0          0         24        116   wm_pid__getprevstate.o
       238          0          0          0          0        136   wm_resizewindow.o
       184          6          0          0          0        504   wm_screen2win.o
         4          0          0          0          0        116   wm_sendmessagenopara.o
        30          0          0          0          0        140   wm_sendtoparent.o
        48          8          0          0          0        244   wm_setcapture.o
        62          0          0          0          0        132   wm_setsize.o
       106          0          0          0          0        260   wm_timer.o
      1056         38          0          8         72        532   wm_touch.o
        90          0          0          0          0          0   __dczerorl2.o
         8          0          0          0          0         68   __main.o
       104          0          0          0          0         84   __printf.o
         0          0          0          0          0          0   __rtentry.o
        12          0          0          0          0          0   __rtentry2.o
         6          0          0          0          0          0   __rtentry4.o
        52          8          0          0          0          0   __scatter.o
        28          0          0          0          0          0   __scatter_zi.o
        48          6          0          0          0         96   _printf_char_common.o
        36          4          0          0          0         80   _printf_char_file.o
         6          0          0          0          0          0   _printf_d.o
       120         16          0          0          0         92   _printf_dec.o
        88          4         40          0          0         88   _printf_hex_int.o
       178          0          0          0          0         88   _printf_intcommon.o
         0          0          0          0          0          0   _printf_percent.o
         4          0          0          0          0          0   _printf_percent_end.o
         6          0          0          0          0          0   _printf_x.o
        22          0          0          0          0        100   _rserrno.o
        10          0          0          0          0         68   _sputc.o
        16          0          0          0          0         68   aeabi_memset.o
        18          0          0          0          0         80   exit.o
         8          0          0          0          0         68   ferror.o
         6          0          0          0          0        152   heapauxi.o
         2          0          0          0          0          0   libinit.o
        10          0          0          0          0          0   libinit2.o
         2          0          0          0          0          0   libshutdown.o
         2          0          0          0          0          0   libshutdown2.o
         8          4          0          0         96         68   libspace.o
        72          0          0          0          0         76   llsdiv.o
       238          0          0          0          0        100   lludivv7m.o
        88          0          0          0          0         76   memcmp.o
        24          4          0          0          0         84   noretval__2printf.o
        40          6          0          0          0         84   noretval__2sprintf.o
       112         18          0          0        228        160   rand.o
         8          4          0          0          0         68   rt_errno_addr_intlibspace.o
        68          0          0          0          0         68   rt_memclr.o
        78          0          0          0          0         80   rt_memclr_w.o
       138          0          0          0          0         68   rt_memcpy_v6.o
       100          0          0          0          0         80   rt_memcpy_w.o
       132          0          0          0          0         68   rt_memmove_v6.o
       122          0          0          0          0         80   rt_memmove_w.o
         2          0          0          0          0          0   rtexit.o
        10          0          0          0          0          0   rtexit2.o
       128          0          0          0          0         68   strcmpv7m.o
        72          0          0          0          0         80   strcpy.o
        74          0          0          0          0         80   sys_stackheap_outer.o
         2          0          0          0          0         68   use_no_semi.o
         2          0          0          0          0         68   use_no_semi_2.o
        24          0          0          0          0        164   basic.o
        98          4          0          0          0        140   d2f.o
       826         16          0          0          0        492   daddsub_clz.o
        24          0          0          0          0        116   dcmpi.o
       688        140          0          0          0        256   ddiv.o
        94          4          0          0          0        140   dfix.o
        84          0          0          0          0        232   dflt_clz.o
       120          4          0          0          0        140   dleqf.o
       340         12          0          0          0        152   dmul.o
       156          4          0          0          0        140   dnaninf.o
        12          0          0          0          0        116   dretinf.o
       108          0          0          0          0        128   drleqf.o
       408         56          0          0          0        168   dsqrt_umaal.o
        86          4          0          0          0        132   f2d.o
       140          4          0          0          0        132   fnaninf.o
        10          0          0          0          0        116   fpinit.o
        10          0          0          0          0        116   fretinf.o
         0          0          0          0          0          0   usenofp.o
       280         28          0          0          0        156   ceil.o
       200         20          0          0          0        164   cos.o
       368         46         48          0          0        200   cos_i.o
        84         16          0          0          0        372   dunder.o
        24          0          0          0          0        124   fabs.o
       280         28          0          0          0        156   floor.o
        48          0          0          0          0        124   fpclassify.o
       248          0          0          0          0        152   poly.o
      1080        142        200          0          0        188   rred.o
       200         20          0          0          0        164   sin.o
       304         24         40          0          0        208   sin_i.o
       122          0          0          0          0        148   sqrt.o

    ----------------------------------------------------------------------
     50378       2584      33124        464       1028      69780   Library Totals
       136          0          6          6          0          0   (incl. Padding)

    ----------------------------------------------------------------------

      Code (inc. data)   RO Data    RW Data    ZI Data      Debug   Library Name

     41376       1938      32790        458        704      62088   STemWin522_CM4_Keil.lib
      2400         74         40          0        324       2656   c_w.l
      3228        248          0          0          0       2880   fz_wm.l
      3238        324        288          0          0       2156   m_wm.l

    ----------------------------------------------------------------------
     50378       2584      33124        464       1028      69780   Library Totals

    ----------------------------------------------------------------------

==============================================================================


      Code (inc. data)   RO Data    RW Data    ZI Data      Debug   

    112030       4526      41182       1024    1065328     715816   Grand Totals
    112030       4526      41182        212    1065328     715816   ELF Image Totals (compressed)
    112030       4526      41182        212          0          0   ROM Totals

==============================================================================

    Total RO  Size (Code + RO Data)               153212 ( 149.62kB)
    Total RW  Size (RW Data + ZI Data)           1066352 (1041.36kB)
    Total ROM Size (Code + RO Data + RW Data)     153424 ( 149.83kB)

==============================================================================

