<html>
<body>
<pre>
<h1>礦ision3 Build Log</h1>
<h2>Project:</h2>
C:\Jackson\电子技术\Alientek资料\ALIENTEK MiniSTM32开发板扩展例程\ALIENTEK MINISTM32 扩展实验3 OLED显示汉字\USER\TEST.uv2
Project File Date:  08/22/2010

<h2>Output:</h2>
Build target 'Target 1'
assembling STM32F10x.s...
compiling test.c...
compiling delay.c...
compiling sys.c...
compiling usart.c...
compiling led.c...
compiling key.c...
compiling exti.c...
compiling wdg.c...
compiling timer.c...
compiling oled.c...
compiling oledhz.c...
linking...
Program Size: Code=6178 RO-data=6262 RW-data=8 ZI-data=1632  
FromELF: creating hex file...
"TEST.axf" - 0 Error(s), 0 Warning(s).
Build target 'Target 1'
linking...
Program Size: Code=6178 RO-data=6262 RW-data=8 ZI-data=1632  
FromELF: creating hex file...
"TEST.axf" - 0 Error(s), 0 Warning(s).
